../Core/Src/simpleDataLink.c:35:6:num16ToNet	16	static
../Core/Src/simpleDataLink.c:41:10:netToNum16	16	static
../Core/Src/simpleDataLink.c:47:9:doByteStuffing	32	static
../Core/Src/simpleDataLink.c:77:9:undoByteStuffing	24	static
../Core/Src/simpleDataLink.c:192:10:computeCRCwithLUT	32	static
../Core/Src/simpleDataLink.c:210:9:addCRC	24	static
../Core/Src/simpleDataLink.c:222:9:removeVerifyCRC	24	static
../Core/Src/simpleDataLink.c:241:10:computeHash	16	static
../Core/Src/simpleDataLink.c:280:9:frame	24	static
../Core/Src/simpleDataLink.c:314:9:deframe	24	static
../Core/Src/simpleDataLink.c:335:9:sendFrame	24	static
../Core/Src/simpleDataLink.c:376:9:receiveFrame	88	static
../Core/Src/simpleDataLink.c:453:10:receiveFrameAndAck	48	static
../Core/Src/simpleDataLink.c:494:9:receiveAck	24	static
../Core/Src/simpleDataLink.c:514:10:receiveInQueueAndAck	32	static
../Core/Src/simpleDataLink.c:534:10:readFromQueue	32	static
../Core/Src/simpleDataLink.c:559:6:sdlInitLine	24	static
../Core/Src/simpleDataLink.c:576:9:sdlSend	48	static
../Core/Src/simpleDataLink.c:614:10:sdlReceive	64	static
