Archive member included to satisfy reference by file (symbol)

/opt/st/stm32cubeide_1.14.0/plugins/com.st.stm32cube.ide.mcu.externaltools.gnu-tools-for-stm32.11.3.rel1.linux64_1.1.100.202309141235/tools/bin/../lib/gcc/arm-none-eabi/11.3.1/../../../../arm-none-eabi/lib/thumb/v7e-m+fp/hard/libc_nano.a(libc_a-exit.o)
                              /opt/st/stm32cubeide_1.14.0/plugins/com.st.stm32cube.ide.mcu.externaltools.gnu-tools-for-stm32.11.3.rel1.linux64_1.1.100.202309141235/tools/bin/../lib/gcc/arm-none-eabi/11.3.1/../../../../arm-none-eabi/lib/thumb/v7e-m+fp/hard/crt0.o (exit)
/opt/st/stm32cubeide_1.14.0/plugins/com.st.stm32cube.ide.mcu.externaltools.gnu-tools-for-stm32.11.3.rel1.linux64_1.1.100.202309141235/tools/bin/../lib/gcc/arm-none-eabi/11.3.1/../../../../arm-none-eabi/lib/thumb/v7e-m+fp/hard/libc_nano.a(libc_a-malloc.o)
                              ./Core/Src/freertos.o (malloc)
/opt/st/stm32cubeide_1.14.0/plugins/com.st.stm32cube.ide.mcu.externaltools.gnu-tools-for-stm32.11.3.rel1.linux64_1.1.100.202309141235/tools/bin/../lib/gcc/arm-none-eabi/11.3.1/../../../../arm-none-eabi/lib/thumb/v7e-m+fp/hard/libc_nano.a(libc_a-mallocr.o)
                              /opt/st/stm32cubeide_1.14.0/plugins/com.st.stm32cube.ide.mcu.externaltools.gnu-tools-for-stm32.11.3.rel1.linux64_1.1.100.202309141235/tools/bin/../lib/gcc/arm-none-eabi/11.3.1/../../../../arm-none-eabi/lib/thumb/v7e-m+fp/hard/libc_nano.a(libc_a-malloc.o) (_malloc_r)
/opt/st/stm32cubeide_1.14.0/plugins/com.st.stm32cube.ide.mcu.externaltools.gnu-tools-for-stm32.11.3.rel1.linux64_1.1.100.202309141235/tools/bin/../lib/gcc/arm-none-eabi/11.3.1/../../../../arm-none-eabi/lib/thumb/v7e-m+fp/hard/libc_nano.a(libc_a-mlock.o)
                              /opt/st/stm32cubeide_1.14.0/plugins/com.st.stm32cube.ide.mcu.externaltools.gnu-tools-for-stm32.11.3.rel1.linux64_1.1.100.202309141235/tools/bin/../lib/gcc/arm-none-eabi/11.3.1/../../../../arm-none-eabi/lib/thumb/v7e-m+fp/hard/libc_nano.a(libc_a-mallocr.o) (__malloc_lock)
/opt/st/stm32cubeide_1.14.0/plugins/com.st.stm32cube.ide.mcu.externaltools.gnu-tools-for-stm32.11.3.rel1.linux64_1.1.100.202309141235/tools/bin/../lib/gcc/arm-none-eabi/11.3.1/../../../../arm-none-eabi/lib/thumb/v7e-m+fp/hard/libc_nano.a(libc_a-nano-vfprintf_float.o)
                              (_printf_float)
/opt/st/stm32cubeide_1.14.0/plugins/com.st.stm32cube.ide.mcu.externaltools.gnu-tools-for-stm32.11.3.rel1.linux64_1.1.100.202309141235/tools/bin/../lib/gcc/arm-none-eabi/11.3.1/../../../../arm-none-eabi/lib/thumb/v7e-m+fp/hard/libc_nano.a(libc_a-nano-vfprintf_i.o)
                              /opt/st/stm32cubeide_1.14.0/plugins/com.st.stm32cube.ide.mcu.externaltools.gnu-tools-for-stm32.11.3.rel1.linux64_1.1.100.202309141235/tools/bin/../lib/gcc/arm-none-eabi/11.3.1/../../../../arm-none-eabi/lib/thumb/v7e-m+fp/hard/libc_nano.a(libc_a-nano-vfprintf_float.o) (_printf_common)
/opt/st/stm32cubeide_1.14.0/plugins/com.st.stm32cube.ide.mcu.externaltools.gnu-tools-for-stm32.11.3.rel1.linux64_1.1.100.202309141235/tools/bin/../lib/gcc/arm-none-eabi/11.3.1/../../../../arm-none-eabi/lib/thumb/v7e-m+fp/hard/libc_nano.a(libc_a-findfp.o)
                              /opt/st/stm32cubeide_1.14.0/plugins/com.st.stm32cube.ide.mcu.externaltools.gnu-tools-for-stm32.11.3.rel1.linux64_1.1.100.202309141235/tools/bin/../lib/gcc/arm-none-eabi/11.3.1/../../../../arm-none-eabi/lib/thumb/v7e-m+fp/hard/libc_nano.a(libc_a-exit.o) (__stdio_exit_handler)
/opt/st/stm32cubeide_1.14.0/plugins/com.st.stm32cube.ide.mcu.externaltools.gnu-tools-for-stm32.11.3.rel1.linux64_1.1.100.202309141235/tools/bin/../lib/gcc/arm-none-eabi/11.3.1/../../../../arm-none-eabi/lib/thumb/v7e-m+fp/hard/libc_nano.a(libc_a-fwalk.o)
                              /opt/st/stm32cubeide_1.14.0/plugins/com.st.stm32cube.ide.mcu.externaltools.gnu-tools-for-stm32.11.3.rel1.linux64_1.1.100.202309141235/tools/bin/../lib/gcc/arm-none-eabi/11.3.1/../../../../arm-none-eabi/lib/thumb/v7e-m+fp/hard/libc_nano.a(libc_a-findfp.o) (_fwalk_sglue)
/opt/st/stm32cubeide_1.14.0/plugins/com.st.stm32cube.ide.mcu.externaltools.gnu-tools-for-stm32.11.3.rel1.linux64_1.1.100.202309141235/tools/bin/../lib/gcc/arm-none-eabi/11.3.1/../../../../arm-none-eabi/lib/thumb/v7e-m+fp/hard/libc_nano.a(libc_a-printf.o)
                              ./Core/Src/bufferUtils.o (printf)
/opt/st/stm32cubeide_1.14.0/plugins/com.st.stm32cube.ide.mcu.externaltools.gnu-tools-for-stm32.11.3.rel1.linux64_1.1.100.202309141235/tools/bin/../lib/gcc/arm-none-eabi/11.3.1/../../../../arm-none-eabi/lib/thumb/v7e-m+fp/hard/libc_nano.a(libc_a-putchar.o)
                              ./Core/Src/bufferUtils.o (putchar)
/opt/st/stm32cubeide_1.14.0/plugins/com.st.stm32cube.ide.mcu.externaltools.gnu-tools-for-stm32.11.3.rel1.linux64_1.1.100.202309141235/tools/bin/../lib/gcc/arm-none-eabi/11.3.1/../../../../arm-none-eabi/lib/thumb/v7e-m+fp/hard/libc_nano.a(libc_a-puts.o)
                              ./Core/Src/actuator_driver.o (puts)
[...]
Memory Configuration

Name             Origin             Length             Attributes
RAM              0x0000000020000000 0x0000000000028000 xrw
RAM2             0x0000000010000000 0x0000000000008000 xrw
FLASH            0x0000000008000000 0x0000000000080000 xr
*default*        0x0000000000000000 0xffffffffffffffff

Linker script and memory map

LOAD /opt/st/stm32cubeide_1.14.0/plugins/com.st.stm32cube.ide.mcu.externaltools.gnu-tools-for-stm32.11.3.rel1.linux64_1.1.100.202309141235/tools/bin/../lib/gcc/arm-none-eabi/11.3.1/thumb/v7e-m+fp/hard/crti.o
LOAD /opt/st/stm32cubeide_1.14.0/plugins/com.st.stm32cube.ide.mcu.externaltools.gnu-tools-for-stm32.11.3.rel1.linux64_1.1.100.202309141235/tools/bin/../lib/gcc/arm-none-eabi/11.3.1/thumb/v7e-m+fp/hard/crtbegin.o
LOAD /opt/st/stm32cubeide_1.14.0/plugins/com.st.stm32cube.ide.mcu.externaltools.gnu-tools-for-stm32.11.3.rel1.linux64_1.1.100.202309141235/tools/bin/../lib/gcc/arm-none-eabi/11.3.1/../../../../arm-none-eabi/lib/thumb/v7e-m+fp/hard/crt0.o
LOAD ./Core/Src/MTi1.o
LOAD ./Core/Src/UARTdriver.o
LOAD ./Core/Src/actuator_driver.o
LOAD ./Core/Src/adc.o
LOAD ./Core/Src/bufferUtils.o
LOAD ./Core/Src/can.o
LOAD ./Core/Src/frameUtils.o
LOAD ./Core/Src/freertos.o
LOAD ./Core/Src/gpio.o
LOAD ./Core/Src/main.o
LOAD ./Core/Src/pid_conversions.o
LOAD ./Core/Src/queue_structs.o
LOAD ./Core/Src/sensors.o
LOAD ./Core/Src/simpleDataLink.o
LOAD ./Core/Src/spi.o
LOAD ./Core/Src/stm32l4xx_hal_msp.o
LOAD ./Core/Src/stm32l4xx_hal_timebase_tim.o
LOAD ./Core/Src/stm32l4xx_it.o
LOAD ./Core/Src/syscalls.o
LOAD ./Core/Src/sysmem.o
LOAD ./Core/Src/system_stm32l4xx.o
LOAD ./Core/Src/tim.o
LOAD ./Core/Src/usart.o
LOAD ./Core/Startup/startup_stm32l452retx.o
LOAD ./Drivers/STM32L4xx_HAL_Driver/Src/stm32l4xx_hal.o
LOAD ./Drivers/STM32L4xx_HAL_Driver/Src/stm32l4xx_hal_adc.o
LOAD ./Drivers/STM32L4xx_HAL_Driver/Src/stm32l4xx_hal_adc_ex.o
LOAD ./Drivers/STM32L4xx_HAL_Driver/Src/stm32l4xx_hal_can.o
LOAD ./Drivers/STM32L4xx_HAL_Driver/Src/stm32l4xx_hal_cortex.o
LOAD ./Drivers/STM32L4xx_HAL_Driver/Src/stm32l4xx_hal_dma.o
LOAD ./Drivers/STM32L4xx_HAL_Driver/Src/stm32l4xx_hal_dma_ex.o
LOAD ./Drivers/STM32L4xx_HAL_Driver/Src/stm32l4xx_hal_exti.o
LOAD ./Drivers/STM32L4xx_HAL_Driver/Src/stm32l4xx_hal_flash.o
LOAD ./Drivers/STM32L4xx_HAL_Driver/Src/stm32l4xx_hal_flash_ex.o
LOAD ./Drivers/STM32L4xx_HAL_Driver/Src/stm32l4xx_hal_flash_ramfunc.o
LOAD ./Drivers/STM32L4xx_HAL_Driver/Src/stm32l4xx_hal_gpio.o
LOAD ./Drivers/STM32L4xx_HAL_Driver/Src/stm32l4xx_hal_i2c.o
LOAD ./Drivers/STM32L4xx_HAL_Driver/Src/stm32l4xx_hal_i2c_ex.o
LOAD ./Drivers/STM32L4xx_HAL_Driver/Src/stm32l4xx_hal_pwr.o
LOAD ./Drivers/STM32L4xx_HAL_Driver/Src/stm32l4xx_hal_pwr_ex.o
LOAD ./Drivers/STM32L4xx_HAL_Driver/Src/stm32l4xx_hal_rcc.o
LOAD ./Drivers/STM32L4xx_HAL_Driver/Src/stm32l4xx_hal_rcc_ex.o
LOAD ./Drivers/STM32L4xx_HAL_Driver/Src/stm32l4xx_hal_spi.o
LOAD ./Drivers/STM32L4xx_HAL_Driver/Src/stm32l4xx_hal_spi_ex.o
LOAD ./Drivers/STM32L4xx_HAL_Driver/Src/stm32l4xx_hal_tim.o
LOAD ./Drivers/STM32L4xx_HAL_Driver/Src/stm32l4xx_hal_tim_ex.o
LOAD ./Drivers/STM32L4xx_HAL_Driver/Src/stm32l4xx_hal_uart.o
LOAD ./Drivers/STM32L4xx_HAL_Driver/Src/stm32l4xx_hal_uart_ex.o
LOAD ./Middlewares/Third_Party/FreeRTOS/Source/CMSIS_RTOS/cmsis_os.o
LOAD ./Middlewares/Third_Party/FreeRTOS/Source/croutine.o
LOAD ./Middlewares/Third_Party/FreeRTOS/Source/event_groups.o
LOAD ./Middlewares/Third_Party/FreeRTOS/Source/list.o
LOAD ./Middlewares/Third_Party/FreeRTOS/Source/queue.o
LOAD ./Middlewares/Third_Party/FreeRTOS/Source/stream_buffer.o
LOAD ./Middlewares/Third_Party/FreeRTOS/Source/tasks.o
LOAD ./Middlewares/Third_Party/FreeRTOS/Source/timers.o
LOAD ./Middlewares/Third_Party/FreeRTOS/Source/portable/GCC/ARM_CM4F/port.o
START GROUP
LOAD /opt/st/stm32cubeide_1.14.0/plugins/com.st.stm32cube.ide.mcu.externaltools.gnu-tools-for-stm32.11.3.rel1.linux64_1.1.100.202309141235/tools/bin/../lib/gcc/arm-none-eabi/11.3.1/../../../../arm-none-eabi/lib/thumb/v7e-m+fp/hard/libc_nano.a
LOAD /opt/st/stm32cubeide_1.14.0/plugins/com.st.stm32cube.ide.mcu.externaltools.gnu-tools-for-stm32.11.3.rel1.linux64_1.1.100.202309141235/tools/bin/../lib/gcc/arm-none-eabi/11.3.1/../../../../arm-none-eabi/lib/thumb/v7e-m+fp/hard/libm.a
END GROUP
START GROUP
LOAD /opt/st/stm32cubeide_1.14.0/plugins/com.st.stm32cube.ide.mcu.externaltools.gnu-tools-for-stm32.11.3.rel1.linux64_1.1.100.202309141235/tools/bin/../lib/gcc/arm-none-eabi/11.3.1/thumb/v7e-m+fp/hard/libgcc.a
LOAD /opt/st/stm32cubeide_1.14.0/plugins/com.st.stm32cube.ide.mcu.externaltools.gnu-tools-for-stm32.11.3.rel1.linux64_1.1.100.202309141235/tools/bin/../lib/gcc/arm-none-eabi/11.3.1/../../../../arm-none-eabi/lib/thumb/v7e-m+fp/hard/libc_nano.a
END GROUP
START GROUP
LOAD /opt/st/stm32cubeide_1.14.0/plugins/com.st.stm32cube.ide.mcu.externaltools.gnu-tools-for-stm32.11.3.rel1.linux64_1.1.100.202309141235/tools/bin/../lib/gcc/arm-none-eabi/11.3.1/thumb/v7e-m+fp/hard/libgcc.a
LOAD /opt/st/stm32cubeide_1.14.0/plugins/com.st.stm32cube.ide.mcu.externaltools.gnu-tools-for-stm32.11.3.rel1.linux64_1.1.100.202309141235/tools/bin/../lib/gcc/arm-none-eabi/11.3.1/../../../../arm-none-eabi/lib/thumb/v7e-m+fp/hard/libc_nano.a
LOAD /opt/st/stm32cubeide_1.14.0/plugins/com.st.stm32cube.ide.mcu.externaltools.gnu-tools-for-stm32.11.3.rel1.linux64_1.1.100.202309141235/tools/bin/../lib/gcc/arm-none-eabi/11.3.1/../../../../arm-none-eabi/lib/thumb/v7e-m+fp/hard/libnosys.a
END GROUP
START GROUP
LOAD /opt/st/stm32cubeide_1.14.0/plugins/com.st.stm32cube.ide.mcu.externaltools.gnu-tools-for-stm32.11.3.rel1.linux64_1.1.100.202309141235/tools/bin/../lib/gcc/arm-none-eabi/11.3.1/thumb/v7e-m+fp/hard/libgcc.a
LOAD /opt/st/stm32cubeide_1.14.0/plugins/com.st.stm32cube.ide.mcu.externaltools.gnu-tools-for-stm32.11.3.rel1.linux64_1.1.100.202309141235/tools/bin/../lib/gcc/arm-none-eabi/11.3.1/../../../../arm-none-eabi/lib/thumb/v7e-m+fp/hard/libc_nano.a
LOAD /opt/st/stm32cubeide_1.14.0/plugins/com.st.stm32cube.ide.mcu.externaltools.gnu-tools-for-stm32.11.3.rel1.linux64_1.1.100.202309141235/tools/bin/../lib/gcc/arm-none-eabi/11.3.1/../../../../arm-none-eabi/lib/thumb/v7e-m+fp/hard/libnosys.a
END GROUP
LOAD /opt/st/stm32cubeide_1.14.0/plugins/com.st.stm32cube.ide.mcu.externaltools.gnu-tools-for-stm32.11.3.rel1.linux64_1.1.100.202309141235/tools/bin/../lib/gcc/arm-none-eabi/11.3.1/thumb/v7e-m+fp/hard/crtend.o
LOAD /opt/st/stm32cubeide_1.14.0/plugins/com.st.stm32cube.ide.mcu.externaltools.gnu-tools-for-stm32.11.3.rel1.linux64_1.1.100.202309141235/tools/bin/../lib/gcc/arm-none-eabi/11.3.1/thumb/v7e-m+fp/hard/crtn.o
                0x0000000020028000                _estack = (ORIGIN (RAM) + LENGTH (RAM))
                0x0000000000000200                _Min_Heap_Size = 0x200
                0x0000000000000400                _Min_Stack_Size = 0x400

.isr_vector     0x0000000008000000      0x194
                0x0000000008000000                . = ALIGN (0x4)
 *(.isr_vector)
 .isr_vector    0x0000000008000000      0x194 ./Core/Startup/startup_stm32l452retx.o
                0x0000000008000000                g_pfnVectors
                0x0000000008000194                . = ALIGN (0x4)

.text           0x00000000080001a0    0x12284
                0x00000000080001a0                . = ALIGN (0x4)
 *(.text)
 .text          0x00000000080001a0       0x40 /opt/st/stm32cubeide_1.14.0/plugins/com.st.stm32cube.ide.mcu.externaltools.gnu-tools-for-stm32.11.3.rel1.linux64_1.1.100.202309141235/tools/bin/../lib/gcc/arm-none-eabi/11.3.1/thumb/v7e-m+fp/hard/crtbegin.o
 .text          0x00000000080001e0       0xa0 /opt/st/stm32cubeide_1.14.0/plugins/com.st.stm32cube.ide.mcu.externaltools.gnu-tools-for-stm32.11.3.rel1.linux64_1.1.100.202309141235/tools/bin/../lib/gcc/arm-none-eabi/11.3.1/../../../../arm-none-eabi/lib/thumb/v7e-m+fp/hard/libc_nano.a(libc_a-memchr.o)
                0x00000000080001e0                memchr
 .text          0x0000000008000280       0x10 /opt/st/stm32cubeide_1.14.0/plugins/com.st.stm32cube.ide.mcu.externaltools.gnu-tools-for-stm32.11.3.rel1.linux64_1.1.100.202309141235/tools/bin/../lib/gcc/arm-none-eabi/11.3.1/../../../../arm-none-eabi/lib/thumb/v7e-m+fp/hard/libc_nano.a(libc_a-strlen.o)
                0x0000000008000280                strlen
 .text          0x0000000008000290      0x378 /opt/st/stm32cubeide_1.14.0/plugins/com.st.stm32cube.ide.mcu.externaltools.gnu-tools-for-stm32.11.3.rel1.linux64_1.1.100.202309141235/tools/bin/../lib/gcc/arm-none-eabi/11.3.1/thumb/v7e-m+fp/hard/libgcc.a(_arm_addsubdf3.o)
                0x0000000008000290                __aeabi_drsub
                0x0000000008000298                __aeabi_dsub
                0x0000000008000298                __subdf3
                0x000000000800029c                __adddf3
                0x000000000800029c                __aeabi_dadd
                0x0000000008000514                __aeabi_ui2d
                0x0000000008000514                __floatunsidf
                0x0000000008000534                __floatsidf
                0x0000000008000534                __aeabi_i2d
                0x0000000008000558                __extendsfdf2
                0x0000000008000558                __aeabi_f2d
                0x000000000800059c                __aeabi_ul2d
                0x000000000800059c                __floatundidf
                0x00000000080005ac                __floatdidf
                0x00000000080005ac                __aeabi_l2d
 .text          0x0000000008000608      0x424 /opt/st/stm32cubeide_1.14.0/plugins/com.st.stm32cube.ide.mcu.externaltools.gnu-tools-for-stm32.11.3.rel1.linux64_1.1.100.202309141235/tools/bin/../lib/gcc/arm-none-eabi/11.3.1/thumb/v7e-m+fp/hard/libgcc.a(_arm_muldivdf3.o)
                0x0000000008000608                __aeabi_dmul
                0x0000000008000608                __muldf3
                0x000000000800085c                __aeabi_ddiv
                0x000000000800085c                __divdf3
 .text          0x0000000008000a2c      0x110 /opt/st/stm32cubeide_1.14.0/plugins/com.st.stm32cube.ide.mcu.externaltools.gnu-tools-for-stm32.11.3.rel1.linux64_1.1.100.202309141235/tools/bin/../lib/gcc/arm-none-eabi/11.3.1/thumb/v7e-m+fp/hard/libgcc.a(_arm_cmpdf2.o)
                0x0000000008000a2c                __gtdf2
                0x0000000008000a2c                __gedf2
                0x0000000008000a34                __ltdf2
                0x0000000008000a34                __ledf2
                0x0000000008000a3c                __cmpdf2
                0x0000000008000a3c                __eqdf2
                0x0000000008000a3c                __nedf2
                0x0000000008000ab8                __aeabi_cdrcmple
                0x0000000008000ac8                __aeabi_cdcmple
                0x0000000008000ac8                __aeabi_cdcmpeq
                0x0000000008000ad8                __aeabi_dcmpeq
                0x0000000008000aec                __aeabi_dcmplt
                0x0000000008000b00                __aeabi_dcmple
                0x0000000008000b14                __aeabi_dcmpge
                0x0000000008000b28                __aeabi_dcmpgt
 .text          0x0000000008000b3c       0x2c /opt/st/stm32cubeide_1.14.0/plugins/com.st.stm32cube.ide.mcu.externaltools.gnu-tools-for-stm32.11.3.rel1.linux64_1.1.100.202309141235/tools/bin/../lib/gcc/arm-none-eabi/11.3.1/thumb/v7e-m+fp/hard/libgcc.a(_arm_unorddf2.o)
                0x0000000008000b3c                __aeabi_dcmpun
                0x0000000008000b3c                __unorddf2
 .text          0x0000000008000b68       0x50 /opt/st/stm32cubeide_1.14.0/plugins/com.st.stm32cube.ide.mcu.externaltools.gnu-tools-for-stm32.11.3.rel1.linux64_1.1.100.202309141235/tools/bin/../lib/gcc/arm-none-eabi/11.3.1/thumb/v7e-m+fp/hard/libgcc.a(_arm_fixdfsi.o)
                0x0000000008000b68                __fixdfsi
                0x0000000008000b68                __aeabi_d2iz
 .text          0x0000000008000bb8       0xa0 /opt/st/stm32cubeide_1.14.0/plugins/com.st.stm32cube.ide.mcu.externaltools.gnu-tools-for-stm32.11.3.rel1.linux64_1.1.100.202309141235/tools/bin/../lib/gcc/arm-none-eabi/11.3.1/thumb/v7e-m+fp/hard/libgcc.a(_arm_truncdfsf2.o)
                0x0000000008000bb8                __aeabi_d2f
                0x0000000008000bb8                __truncdfsf2
 .text          0x0000000008000c58       0x30 /opt/st/stm32cubeide_1.14.0/plugins/com.st.stm32cube.ide.mcu.externaltools.gnu-tools-for-stm32.11.3.rel1.linux64_1.1.100.202309141235/tools/bin/../lib/gcc/arm-none-eabi/11.3.1/thumb/v7e-m+fp/hard/libgcc.a(_aeabi_uldivmod.o)
                0x0000000008000c58                __aeabi_uldivmod
 .text          0x0000000008000c88      0x2c8 /opt/st/stm32cubeide_1.14.0/plugins/com.st.stm32cube.ide.mcu.externaltools.gnu-tools-for-stm32.11.3.rel1.linux64_1.1.100.202309141235/tools/bin/../lib/gcc/arm-none-eabi/11.3.1/thumb/v7e-m+fp/hard/libgcc.a(_udivmoddi4.o)
                0x0000000008000c88                __udivmoddi4
 .text          0x0000000008000f50        0x4 /opt/st/stm32cubeide_1.14.0/plugins/com.st.stm32cube.ide.mcu.externaltools.gnu-tools-for-stm32.11.3.rel1.linux64_1.1.100.202309141235/tools/bin/../lib/gcc/arm-none-eabi/11.3.1/thumb/v7e-m+fp/hard/libgcc.a(_dvmd_tls.o)
                0x0000000008000f50                __aeabi_ldiv0
                0x0000000008000f50                __aeabi_idiv0
 *(.text*)
 .text.computeChecksum
                0x0000000008000f54       0x5c ./Core/Src/MTi1.o
 .text.sendMsg  0x0000000008000fb0       0x80 ./Core/Src/MTi1.o
 .text.receiveMsg
                0x0000000008001030      0x1c0 ./Core/Src/MTi1.o
 .text.imuAckTransaction
                0x00000000080011f0       0x54 ./Core/Src/MTi1.o
 .text.initIMUConfig
                0x0000000008001244      0x110 ./Core/Src/MTi1.o
                0x0000000008001244                initIMUConfig
 .text.writeIMUDataArray
                0x0000000008001354       0x70 ./Core/Src/MTi1.o
                0x0000000008001354                writeIMUDataArray
 .text.readIMUPacket
                0x00000000080013c4       0x7c ./Core/Src/MTi1.o
                0x00000000080013c4                readIMUPacket
 .text.__NVIC_EnableIRQ
                0x0000000008001440       0x3c ./Core/Src/UARTdriver.o
 .text.__NVIC_GetEnableIRQ
                0x000000000800147c       0x40 ./Core/Src/UARTdriver.o
 .text.__NVIC_DisableIRQ
                0x00000000080014bc       0x48 ./Core/Src/UARTdriver.o
 .text.initDriver_UART
                0x0000000008001504       0x3c ./Core/Src/UARTdriver.o
                0x0000000008001504                initDriver_UART
 .text.addDriver_UART
                0x0000000008001540      0x17c ./Core/Src/UARTdriver.o
                0x0000000008001540                addDriver_UART
 .text.receiveDriver_UART
                0x00000000080016bc       0xa4 ./Core/Src/UARTdriver.o
                0x00000000080016bc                receiveDriver_UART
 .text.sendDriver_UART
                0x0000000008001760      0x164 ./Core/Src/UARTdriver.o
                0x0000000008001760                sendDriver_UART
 .text.flushRXDriver_UART
                0x00000000080018c4       0x70 ./Core/Src/UARTdriver.o
                0x00000000080018c4                flushRXDriver_UART
 .text.HAL_UART_ErrorCallback
                0x0000000008001934       0x70 ./Core/Src/UARTdriver.o
                0x0000000008001934                HAL_UART_ErrorCallback
 .text.HAL_UART_RxCpltCallback
                0x00000000080019a4       0xf4 ./Core/Src/UARTdriver.o
                0x00000000080019a4                HAL_UART_RxCpltCallback
 .text.HAL_UART_TxCpltCallback
                0x0000000008001a98       0xb4 ./Core/Src/UARTdriver.o
                0x0000000008001a98                HAL_UART_TxCpltCallback
 *fill*         0x0000000008001b4c        0x4 
 .text.init_actuator_handler
                0x0000000008001b50      0x2c8 ./Core/Src/actuator_driver.o
                0x0000000008001b50                init_actuator_handler
 .text.get_actuator_current
                0x0000000008001e18      0x300 ./Core/Src/actuator_driver.o
                0x0000000008001e18                get_actuator_current
 .text.ADC_Select_CH1
                0x0000000008002118       0x50 ./Core/Src/actuator_driver.o
                0x0000000008002118                ADC_Select_CH1
 .text.ADC_Select_CH2
                0x0000000008002168       0x50 ./Core/Src/actuator_driver.o
                0x0000000008002168                ADC_Select_CH2
 .text.ADC_Select_CH3
                0x00000000080021b8       0x50 ./Core/Src/actuator_driver.o
                0x00000000080021b8                ADC_Select_CH3
 .text.ADC_Select_CH4
                0x0000000008002208       0x50 ./Core/Src/actuator_driver.o
                0x0000000008002208                ADC_Select_CH4
 .text.ADC_Select_CH16
                0x0000000008002258       0x50 ./Core/Src/actuator_driver.o
                0x0000000008002258                ADC_Select_CH16
 .text.MX_ADC1_Init
                0x00000000080022a8       0xb0 ./Core/Src/adc.o
                0x00000000080022a8                MX_ADC1_Init
 .text.HAL_ADC_MspInit
                0x0000000008002358      0x108 ./Core/Src/adc.o
                0x0000000008002358                HAL_ADC_MspInit
 .text.cBuffInit
                0x0000000008002460       0x40 ./Core/Src/bufferUtils.o
                0x0000000008002460                cBuffInit
 .text.cBuffGetVirtIndex
                0x00000000080024a0       0x5c ./Core/Src/bufferUtils.o
                0x00000000080024a0                cBuffGetVirtIndex
 .text.cBuffGetMemIndex
                0x00000000080024fc       0x62 ./Core/Src/bufferUtils.o
                0x00000000080024fc                cBuffGetMemIndex
 .text.cBuffPush
                0x000000000800255e       0xf8 ./Core/Src/bufferUtils.o
                0x000000000800255e                cBuffPush
 .text.cBuffPushToFill
                0x0000000008002656       0x5a ./Core/Src/bufferUtils.o
                0x0000000008002656                cBuffPushToFill
 .text.cBuffPull
                0x00000000080026b0       0x62 ./Core/Src/bufferUtils.o
                0x00000000080026b0                cBuffPull
 .text.cBuffRead
                0x0000000008002712       0xc2 ./Core/Src/bufferUtils.o
                0x0000000008002712                cBuffRead
 .text.cBuffCut
                0x00000000080027d4      0x1c4 ./Core/Src/bufferUtils.o
                0x00000000080027d4                cBuffCut
 .text.cBuffPushRead
                0x0000000008002998       0xa6 ./Core/Src/bufferUtils.o
                0x0000000008002998                cBuffPushRead
 .text.cBuffPushPull
                0x0000000008002a3e       0x76 ./Core/Src/bufferUtils.o
                0x0000000008002a3e                cBuffPushPull
 .text.cBuffReadByte
                0x0000000008002ab4       0x70 ./Core/Src/bufferUtils.o
                0x0000000008002ab4                cBuffReadByte
 .text.cBuffFlush
                0x0000000008002b24       0x22 ./Core/Src/bufferUtils.o
                0x0000000008002b24                cBuffFlush
 .text.cBuffFull
                0x0000000008002b46       0x30 ./Core/Src/bufferUtils.o
                0x0000000008002b46                cBuffFull
 .text.cBuffToCirc
                0x0000000008002b76       0x44 ./Core/Src/bufferUtils.o
                0x0000000008002b76                cBuffToCirc
 *fill*         0x0000000008002bba        0x2 
 .text.MX_CAN1_Init
                0x0000000008002bbc       0x6c ./Core/Src/can.o
                0x0000000008002bbc                MX_CAN1_Init
 .text.HAL_CAN_MspInit
                0x0000000008002c28       0xa8 ./Core/Src/can.o
                0x0000000008002c28                HAL_CAN_MspInit
 .text.checkByteIsPartOfPattern
                0x0000000008002cd0      0x162 ./Core/Src/frameUtils.o
 .text.searchFrame
                0x0000000008002e32      0x314 ./Core/Src/frameUtils.o
                0x0000000008002e32                searchFrame
 .text.searchFrameAdvance
                0x0000000008003146      0x11c ./Core/Src/frameUtils.o
                0x0000000008003146                searchFrameAdvance
 *fill*         0x0000000008003262        0x2 
 .text.txFunc1  0x0000000008003264       0x30 ./Core/Src/freertos.o
                0x0000000008003264                txFunc1
 .text.rxFunc1  0x0000000008003294       0x2c ./Core/Src/freertos.o
                0x0000000008003294                rxFunc1
 .text.sdlTimeTick
                0x00000000080032c0        0xe ./Core/Src/freertos.o
                0x00000000080032c0                sdlTimeTick
 *fill*         0x00000000080032ce        0x2 
 .text.__io_putchar
                0x00000000080032d0       0x2c ./Core/Src/freertos.o
                0x00000000080032d0                __io_putchar
 .text.vApplicationGetIdleTaskMemory
                0x00000000080032fc       0x34 ./Core/Src/freertos.o
                0x00000000080032fc                vApplicationGetIdleTaskMemory
 .text.vApplicationGetTimerTaskMemory
                0x0000000008003330       0x34 ./Core/Src/freertos.o
                0x0000000008003330                vApplicationGetTimerTaskMemory
 .text.MX_FREERTOS_Init
                0x0000000008003364      0x28c ./Core/Src/freertos.o
                0x0000000008003364                MX_FREERTOS_Init
 .text.StartDefaultTask
                0x00000000080035f0       0x10 ./Core/Src/freertos.o
                0x00000000080035f0                StartDefaultTask
 .text.Check_current_temp
                0x0000000008003600      0x120 ./Core/Src/freertos.o
                0x0000000008003600                Check_current_temp
 .text.OBC_Comm_Task
                0x0000000008003720      0x2b8 ./Core/Src/freertos.o
                0x0000000008003720                OBC_Comm_Task
 .text.Control_Algorithm_Task
                0x00000000080039d8      0x128 ./Core/Src/freertos.o
                0x00000000080039d8                Control_Algorithm_Task
 .text.IMU_Task
                0x0000000008003b00      0x17c ./Core/Src/freertos.o
                0x0000000008003b00                IMU_Task
 .text.MX_GPIO_Init
                0x0000000008003c7c      0x134 ./Core/Src/gpio.o
                0x0000000008003c7c                MX_GPIO_Init
 .text.main     0x0000000008003db0       0x42 ./Core/Src/main.o
                0x0000000008003db0                main
 .text.SystemClock_Config
                0x0000000008003df2       0xa2 ./Core/Src/main.o
                0x0000000008003df2                SystemClock_Config
 .text.HAL_TIM_PeriodElapsedCallback
                0x0000000008003e94       0x24 ./Core/Src/main.o
                0x0000000008003e94                HAL_TIM_PeriodElapsedCallback
 .text.Error_Handler
                0x0000000008003eb8        0xa ./Core/Src/main.o
                0x0000000008003eb8                Error_Handler
 *fill*         0x0000000008003ec2        0x2 
 .text.PID_INIT
                0x0000000008003ec4       0x94 ./Core/Src/pid_conversions.o
                0x0000000008003ec4                PID_INIT
 .text.processCombinedData
                0x0000000008003f58       0x1c ./Core/Src/queue_structs.o
                0x0000000008003f58                processCombinedData
 .text.receive_IMUqueue_control
                0x0000000008003f74       0x98 ./Core/Src/queue_structs.o
                0x0000000008003f74                receive_IMUqueue_control
 .text.receive_IMUqueue_OBC
                0x000000000800400c       0x98 ./Core/Src/queue_structs.o
                0x000000000800400c                receive_IMUqueue_OBC
 .text.receive_Current_Tempqueue_OBC
                0x00000000080040a4       0x98 ./Core/Src/queue_structs.o
                0x00000000080040a4                receive_Current_Tempqueue_OBC
 .text.receive_Attitudequeue_control
                0x000000000800413c       0x1a ./Core/Src/queue_structs.o
                0x000000000800413c                receive_Attitudequeue_control
 *fill*         0x0000000008004156        0x2 
 .text.init_tempsens_handler
                0x0000000008004158       0xb0 ./Core/Src/sensors.o
                0x0000000008004158                init_tempsens_handler
 .text.select_input
                0x0000000008004208      0x170 ./Core/Src/sensors.o
                0x0000000008004208                select_input
 .text.ADC_Conversion
                0x0000000008004378      0x1a8 ./Core/Src/sensors.o
                0x0000000008004378                ADC_Conversion
 .text.voltage_to_temperature_conv
                0x0000000008004520       0xf0 ./Core/Src/sensors.o
                0x0000000008004520                voltage_to_temperature_conv
 .text.get_temperatures
                0x0000000008004610      0x188 ./Core/Src/sensors.o
                0x0000000008004610                get_temperatures
 .text.num16ToNet
                0x0000000008004798       0x2e ./Core/Src/simpleDataLink.o
                0x0000000008004798                num16ToNet
 .text.netToNum16
                0x00000000080047c6       0x2a ./Core/Src/simpleDataLink.o
                0x00000000080047c6                netToNum16
 .text.doByteStuffing
                0x00000000080047f0       0xb0 ./Core/Src/simpleDataLink.o
                0x00000000080047f0                doByteStuffing
 .text.undoByteStuffing
                0x00000000080048a0       0xbc ./Core/Src/simpleDataLink.o
                0x00000000080048a0                undoByteStuffing
 .text.computeCRCwithLUT
                0x000000000800495c       0x84 ./Core/Src/simpleDataLink.o
                0x000000000800495c                computeCRCwithLUT
 .text.addCRC   0x00000000080049e0       0x5c ./Core/Src/simpleDataLink.o
                0x00000000080049e0                addCRC
 .text.removeVerifyCRC
                0x0000000008004a3c       0x54 ./Core/Src/simpleDataLink.o
                0x0000000008004a3c                removeVerifyCRC
 .text.computeHash
                0x0000000008004a90       0x2c ./Core/Src/simpleDataLink.o
                0x0000000008004a90                computeHash
 .text.frame    0x0000000008004abc       0x78 ./Core/Src/simpleDataLink.o
                0x0000000008004abc                frame
 .text.deframe  0x0000000008004b34       0x8c ./Core/Src/simpleDataLink.o
                0x0000000008004b34                deframe
 .text.sendFrame
                0x0000000008004bc0      0x100 ./Core/Src/simpleDataLink.o
                0x0000000008004bc0                sendFrame
 .text.receiveFrame
                0x0000000008004cc0      0x1e4 ./Core/Src/simpleDataLink.o
                0x0000000008004cc0                receiveFrame
 .text.receiveFrameAndAck
                0x0000000008004ea4       0xe8 ./Core/Src/simpleDataLink.o
                0x0000000008004ea4                receiveFrameAndAck
 .text.receiveAck
                0x0000000008004f8c       0x68 ./Core/Src/simpleDataLink.o
                0x0000000008004f8c                receiveAck
 .text.receiveInQueueAndAck
                0x0000000008004ff4       0x76 ./Core/Src/simpleDataLink.o
                0x0000000008004ff4                receiveInQueueAndAck
 .text.readFromQueue
                0x000000000800506a       0x7e ./Core/Src/simpleDataLink.o
                0x000000000800506a                readFromQueue
 .text.sdlInitLine
                0x00000000080050e8       0xb0 ./Core/Src/simpleDataLink.o
                0x00000000080050e8                sdlInitLine
 .text.sdlSend  0x0000000008005198       0xca ./Core/Src/simpleDataLink.o
                0x0000000008005198                sdlSend
 .text.sdlReceive
                0x0000000008005262       0x7a ./Core/Src/simpleDataLink.o
                0x0000000008005262                sdlReceive
 .text.MX_SPI2_Init
                0x00000000080052dc       0x7c ./Core/Src/spi.o
                0x00000000080052dc                MX_SPI2_Init
 .text.HAL_SPI_MspInit
                0x0000000008005358       0x88 ./Core/Src/spi.o
                0x0000000008005358                HAL_SPI_MspInit
 .text.HAL_MspInit
                0x00000000080053e0       0x50 ./Core/Src/stm32l4xx_hal_msp.o
                0x00000000080053e0                HAL_MspInit
 .text.HAL_InitTick
                0x0000000008005430       0xf4 ./Core/Src/stm32l4xx_hal_timebase_tim.o
                0x0000000008005430                HAL_InitTick
 .text.NMI_Handler
                0x0000000008005524        0x6 ./Core/Src/stm32l4xx_it.o
                0x0000000008005524                NMI_Handler
 .text.HardFault_Handler
                0x000000000800552a        0x6 ./Core/Src/stm32l4xx_it.o
                0x000000000800552a                HardFault_Handler
 .text.MemManage_Handler
                0x0000000008005530        0x6 ./Core/Src/stm32l4xx_it.o
                0x0000000008005530                MemManage_Handler
 .text.BusFault_Handler
                0x0000000008005536        0x6 ./Core/Src/stm32l4xx_it.o
                0x0000000008005536                BusFault_Handler
 .text.UsageFault_Handler
                0x000000000800553c        0x6 ./Core/Src/stm32l4xx_it.o
                0x000000000800553c                UsageFault_Handler
 .text.DebugMon_Handler
                0x0000000008005542        0xe ./Core/Src/stm32l4xx_it.o
                0x0000000008005542                DebugMon_Handler
 .text.USART1_IRQHandler
                0x0000000008005550       0x14 ./Core/Src/stm32l4xx_it.o
                0x0000000008005550                USART1_IRQHandler
 .text.USART2_IRQHandler
                0x0000000008005564       0x14 ./Core/Src/stm32l4xx_it.o
                0x0000000008005564                USART2_IRQHandler
 .text.USART3_IRQHandler
                0x0000000008005578       0x14 ./Core/Src/stm32l4xx_it.o
                0x0000000008005578                USART3_IRQHandler
 .text.UART4_IRQHandler
                0x000000000800558c       0x14 ./Core/Src/stm32l4xx_it.o
                0x000000000800558c                UART4_IRQHandler
 .text.TIM6_DAC_IRQHandler
                0x00000000080055a0       0x14 ./Core/Src/stm32l4xx_it.o
                0x00000000080055a0                TIM6_DAC_IRQHandler
 .text._getpid  0x00000000080055b4       0x10 ./Core/Src/syscalls.o
                0x00000000080055b4                _getpid
 .text._kill    0x00000000080055c4       0x20 ./Core/Src/syscalls.o
                0x00000000080055c4                _kill
 .text._exit    0x00000000080055e4       0x14 ./Core/Src/syscalls.o
                0x00000000080055e4                _exit
 .text._read    0x00000000080055f8       0x3a ./Core/Src/syscalls.o
                0x00000000080055f8                _read
 .text._write   0x0000000008005632       0x38 ./Core/Src/syscalls.o
                0x0000000008005632                _write
 .text._close   0x000000000800566a       0x18 ./Core/Src/syscalls.o
                0x000000000800566a                _close
 .text._fstat   0x0000000008005682       0x20 ./Core/Src/syscalls.o
                0x0000000008005682                _fstat
 .text._isatty  0x00000000080056a2       0x16 ./Core/Src/syscalls.o
                0x00000000080056a2                _isatty
 .text._lseek   0x00000000080056b8       0x1a ./Core/Src/syscalls.o
                0x00000000080056b8                _lseek
 *fill*         0x00000000080056d2        0x2 
 .text._sbrk    0x00000000080056d4       0x6c ./Core/Src/sysmem.o
                0x00000000080056d4                _sbrk
 .text.SystemInit
                0x0000000008005740       0x24 ./Core/Src/system_stm32l4xx.o
                0x0000000008005740                SystemInit
 .text.MX_TIM1_Init
                0x0000000008005764      0x170 ./Core/Src/tim.o
                0x0000000008005764                MX_TIM1_Init
 .text.MX_TIM2_Init
                0x00000000080058d4      0x12c ./Core/Src/tim.o
                0x00000000080058d4                MX_TIM2_Init
 .text.MX_TIM3_Init
                0x0000000008005a00      0x130 ./Core/Src/tim.o
                0x0000000008005a00                MX_TIM3_Init
 .text.HAL_TIM_Base_MspInit
                0x0000000008005b30       0x8c ./Core/Src/tim.o
                0x0000000008005b30                HAL_TIM_Base_MspInit
 .text.HAL_TIM_MspPostInit
                0x0000000008005bbc      0x17c ./Core/Src/tim.o
                0x0000000008005bbc                HAL_TIM_MspPostInit
 .text.MX_UART4_Init
                0x0000000008005d38       0x60 ./Core/Src/usart.o
                0x0000000008005d38                MX_UART4_Init
 .text.MX_USART1_UART_Init
                0x0000000008005d98       0x60 ./Core/Src/usart.o
                0x0000000008005d98                MX_USART1_UART_Init
 .text.MX_USART2_UART_Init
                0x0000000008005df8       0x60 ./Core/Src/usart.o
                0x0000000008005df8                MX_USART2_UART_Init
 .text.MX_USART3_UART_Init
                0x0000000008005e58       0x60 ./Core/Src/usart.o
                0x0000000008005e58                MX_USART3_UART_Init
 .text.HAL_UART_MspInit
                0x0000000008005eb8      0x36c ./Core/Src/usart.o
                0x0000000008005eb8                HAL_UART_MspInit
 .text.Reset_Handler
                0x0000000008006224       0x50 ./Core/Startup/startup_stm32l452retx.o
                0x0000000008006224                Reset_Handler
 .text.Default_Handler
                0x0000000008006274        0x2 ./Core/Startup/startup_stm32l452retx.o
                0x0000000008006274                RTC_Alarm_IRQHandler
                0x0000000008006274                EXTI2_IRQHandler
                0x0000000008006274                TIM1_CC_IRQHandler
                0x0000000008006274                TSC_IRQHandler
                0x0000000008006274                TAMP_STAMP_IRQHandler
                0x0000000008006274                EXTI3_IRQHandler
                0x0000000008006274                LPTIM2_IRQHandler
                0x0000000008006274                DFSDM1_FLT1_IRQHandler
                0x0000000008006274                I2C3_ER_IRQHandler
                0x0000000008006274                EXTI0_IRQHandler
                0x0000000008006274                I2C2_EV_IRQHandler
                0x0000000008006274                CAN1_RX0_IRQHandler
                0x0000000008006274                FPU_IRQHandler
                0x0000000008006274                TIM1_UP_TIM16_IRQHandler
                0x0000000008006274                SPI1_IRQHandler
                0x0000000008006274                DMA2_Channel2_IRQHandler
                0x0000000008006274                DMA1_Channel4_IRQHandler
                0x0000000008006274                ADC1_IRQHandler
                0x0000000008006274                DMA1_Channel7_IRQHandler
                0x0000000008006274                CAN1_RX1_IRQHandler
                0x0000000008006274                DMA2_Channel1_IRQHandler
                0x0000000008006274                QUADSPI_IRQHandler
                0x0000000008006274                I2C1_EV_IRQHandler
                0x0000000008006274                DMA1_Channel6_IRQHandler
                0x0000000008006274                DMA2_Channel4_IRQHandler
                0x0000000008006274                TIM3_IRQHandler
                0x0000000008006274                RCC_IRQHandler
                0x0000000008006274                TIM1_TRG_COM_IRQHandler
                0x0000000008006274                DMA1_Channel1_IRQHandler
                0x0000000008006274                Default_Handler
                0x0000000008006274                DMA2_Channel7_IRQHandler
                0x0000000008006274                EXTI15_10_IRQHandler
                0x0000000008006274                SDMMC1_IRQHandler
                0x0000000008006274                I2C3_EV_IRQHandler
                0x0000000008006274                USB_IRQHandler
                0x0000000008006274                EXTI9_5_IRQHandler
                0x0000000008006274                RTC_WKUP_IRQHandler
                0x0000000008006274                PVD_PVM_IRQHandler
                0x0000000008006274                SPI2_IRQHandler
                0x0000000008006274                CAN1_TX_IRQHandler
                0x0000000008006274                DMA2_Channel5_IRQHandler
                0x0000000008006274                CRS_IRQHandler
                0x0000000008006274                DMA1_Channel5_IRQHandler
                0x0000000008006274                EXTI4_IRQHandler
                0x0000000008006274                RNG_IRQHandler
                0x0000000008006274                DMA1_Channel3_IRQHandler
                0x0000000008006274                COMP_IRQHandler
                0x0000000008006274                WWDG_IRQHandler
                0x0000000008006274                I2C4_EV_IRQHandler
                0x0000000008006274                LPUART1_IRQHandler
                0x0000000008006274                DMA2_Channel6_IRQHandler
                0x0000000008006274                TIM2_IRQHandler
                0x0000000008006274                EXTI1_IRQHandler
                0x0000000008006274                DFSDM1_FLT0_IRQHandler
                0x0000000008006274                I2C2_ER_IRQHandler
                0x0000000008006274                DMA1_Channel2_IRQHandler
                0x0000000008006274                CAN1_SCE_IRQHandler
                0x0000000008006274                FLASH_IRQHandler
                0x0000000008006274                SPI3_IRQHandler
                0x0000000008006274                I2C1_ER_IRQHandler
                0x0000000008006274                LPTIM1_IRQHandler
                0x0000000008006274                I2C4_ER_IRQHandler
                0x0000000008006274                SAI1_IRQHandler
                0x0000000008006274                DMA2_Channel3_IRQHandler
                0x0000000008006274                TIM1_BRK_TIM15_IRQHandler
 *fill*         0x0000000008006276        0x2 
 .text.HAL_Init
                0x0000000008006278       0x40 ./Drivers/STM32L4xx_HAL_Driver/Src/stm32l4xx_hal.o
                0x0000000008006278                HAL_Init
 .text.HAL_IncTick
                0x00000000080062b8       0x28 ./Drivers/STM32L4xx_HAL_Driver/Src/stm32l4xx_hal.o
                0x00000000080062b8                HAL_IncTick
 .text.HAL_GetTick
                0x00000000080062e0       0x18 ./Drivers/STM32L4xx_HAL_Driver/Src/stm32l4xx_hal.o
                0x00000000080062e0                HAL_GetTick
 .text.HAL_Delay
                0x00000000080062f8       0x48 ./Drivers/STM32L4xx_HAL_Driver/Src/stm32l4xx_hal.o
                0x00000000080062f8                HAL_Delay
 .text.LL_ADC_SetCommonClock
                0x0000000008006340       0x26 ./Drivers/STM32L4xx_HAL_Driver/Src/stm32l4xx_hal_adc.o
 .text.LL_ADC_SetCommonPathInternalCh
                0x0000000008006366       0x26 ./Drivers/STM32L4xx_HAL_Driver/Src/stm32l4xx_hal_adc.o
 .text.LL_ADC_GetCommonPathInternalCh
                0x000000000800638c       0x1c ./Drivers/STM32L4xx_HAL_Driver/Src/stm32l4xx_hal_adc.o
 .text.LL_ADC_SetOffset
                0x00000000080063a8       0x48 ./Drivers/STM32L4xx_HAL_Driver/Src/stm32l4xx_hal_adc.o
 .text.LL_ADC_GetOffsetChannel
                0x00000000080063f0       0x2c ./Drivers/STM32L4xx_HAL_Driver/Src/stm32l4xx_hal_adc.o
 .text.LL_ADC_SetOffsetState
                0x000000000800641c       0x36 ./Drivers/STM32L4xx_HAL_Driver/Src/stm32l4xx_hal_adc.o
 .text.LL_ADC_SetSamplingTimeCommonConfig
                0x0000000008006452       0x26 ./Drivers/STM32L4xx_HAL_Driver/Src/stm32l4xx_hal_adc.o
 .text.LL_ADC_REG_IsTriggerSourceSWStart
                0x0000000008006478       0x26 ./Drivers/STM32L4xx_HAL_Driver/Src/stm32l4xx_hal_adc.o
 .text.LL_ADC_REG_SetSequencerRanks
                0x000000000800649e       0x58 ./Drivers/STM32L4xx_HAL_Driver/Src/stm32l4xx_hal_adc.o
 .text.LL_ADC_SetChannelSamplingTime
                0x00000000080064f6       0x56 ./Drivers/STM32L4xx_HAL_Driver/Src/stm32l4xx_hal_adc.o
 .text.LL_ADC_SetChannelSingleDiff
                0x000000000800654c       0x48 ./Drivers/STM32L4xx_HAL_Driver/Src/stm32l4xx_hal_adc.o
 .text.LL_ADC_DisableDeepPowerDown
                0x0000000008006594       0x24 ./Drivers/STM32L4xx_HAL_Driver/Src/stm32l4xx_hal_adc.o
 .text.LL_ADC_IsDeepPowerDownEnabled
                0x00000000080065b8       0x28 ./Drivers/STM32L4xx_HAL_Driver/Src/stm32l4xx_hal_adc.o
 .text.LL_ADC_EnableInternalRegulator
                0x00000000080065e0       0x28 ./Drivers/STM32L4xx_HAL_Driver/Src/stm32l4xx_hal_adc.o
 .text.LL_ADC_IsInternalRegulatorEnabled
                0x0000000008006608       0x28 ./Drivers/STM32L4xx_HAL_Driver/Src/stm32l4xx_hal_adc.o
 .text.LL_ADC_Enable
                0x0000000008006630       0x28 ./Drivers/STM32L4xx_HAL_Driver/Src/stm32l4xx_hal_adc.o
 .text.LL_ADC_Disable
                0x0000000008006658       0x28 ./Drivers/STM32L4xx_HAL_Driver/Src/stm32l4xx_hal_adc.o
 .text.LL_ADC_IsEnabled
                0x0000000008006680       0x26 ./Drivers/STM32L4xx_HAL_Driver/Src/stm32l4xx_hal_adc.o
 .text.LL_ADC_IsDisableOngoing
                0x00000000080066a6       0x26 ./Drivers/STM32L4xx_HAL_Driver/Src/stm32l4xx_hal_adc.o
 .text.LL_ADC_REG_StartConversion
                0x00000000080066cc       0x28 ./Drivers/STM32L4xx_HAL_Driver/Src/stm32l4xx_hal_adc.o
 .text.LL_ADC_REG_StopConversion
                0x00000000080066f4       0x28 ./Drivers/STM32L4xx_HAL_Driver/Src/stm32l4xx_hal_adc.o
 .text.LL_ADC_REG_IsConversionOngoing
                0x000000000800671c       0x26 ./Drivers/STM32L4xx_HAL_Driver/Src/stm32l4xx_hal_adc.o
 .text.LL_ADC_INJ_StopConversion
                0x0000000008006742       0x28 ./Drivers/STM32L4xx_HAL_Driver/Src/stm32l4xx_hal_adc.o
 .text.LL_ADC_INJ_IsConversionOngoing
                0x000000000800676a       0x26 ./Drivers/STM32L4xx_HAL_Driver/Src/stm32l4xx_hal_adc.o
 .text.HAL_ADC_Init
                0x0000000008006790      0x298 ./Drivers/STM32L4xx_HAL_Driver/Src/stm32l4xx_hal_adc.o
                0x0000000008006790                HAL_ADC_Init
 .text.HAL_ADC_Start
                0x0000000008006a28       0xc6 ./Drivers/STM32L4xx_HAL_Driver/Src/stm32l4xx_hal_adc.o
                0x0000000008006a28                HAL_ADC_Start
 .text.HAL_ADC_Stop
                0x0000000008006aee       0x66 ./Drivers/STM32L4xx_HAL_Driver/Src/stm32l4xx_hal_adc.o
                0x0000000008006aee                HAL_ADC_Stop
 .text.HAL_ADC_PollForConversion
                0x0000000008006b54      0x11e ./Drivers/STM32L4xx_HAL_Driver/Src/stm32l4xx_hal_adc.o
                0x0000000008006b54                HAL_ADC_PollForConversion
 .text.HAL_ADC_GetValue
                0x0000000008006c72       0x1a ./Drivers/STM32L4xx_HAL_Driver/Src/stm32l4xx_hal_adc.o
                0x0000000008006c72                HAL_ADC_GetValue
 .text.HAL_ADC_ConfigChannel
                0x0000000008006c8c      0x7f4 ./Drivers/STM32L4xx_HAL_Driver/Src/stm32l4xx_hal_adc.o
                0x0000000008006c8c                HAL_ADC_ConfigChannel
 .text.ADC_ConversionStop
                0x0000000008007480      0x178 ./Drivers/STM32L4xx_HAL_Driver/Src/stm32l4xx_hal_adc.o
                0x0000000008007480                ADC_ConversionStop
 .text.ADC_Enable
                0x00000000080075f8      0x10c ./Drivers/STM32L4xx_HAL_Driver/Src/stm32l4xx_hal_adc.o
                0x00000000080075f8                ADC_Enable
 .text.ADC_Disable
                0x0000000008007704       0xbe ./Drivers/STM32L4xx_HAL_Driver/Src/stm32l4xx_hal_adc.o
                0x0000000008007704                ADC_Disable
 .text.LL_ADC_StartCalibration
                0x00000000080077c2       0x32 ./Drivers/STM32L4xx_HAL_Driver/Src/stm32l4xx_hal_adc_ex.o
 .text.LL_ADC_IsCalibrationOnGoing
                0x00000000080077f4       0x28 ./Drivers/STM32L4xx_HAL_Driver/Src/stm32l4xx_hal_adc_ex.o
 .text.HAL_ADCEx_Calibration_Start
                0x000000000800781c       0xc0 ./Drivers/STM32L4xx_HAL_Driver/Src/stm32l4xx_hal_adc_ex.o
                0x000000000800781c                HAL_ADCEx_Calibration_Start
 .text.HAL_CAN_Init
                0x00000000080078dc      0x1f6 ./Drivers/STM32L4xx_HAL_Driver/Src/stm32l4xx_hal_can.o
                0x00000000080078dc                HAL_CAN_Init
 *fill*         0x0000000008007ad2        0x2 
 .text.__NVIC_SetPriorityGrouping
                0x0000000008007ad4       0x48 ./Drivers/STM32L4xx_HAL_Driver/Src/stm32l4xx_hal_cortex.o
 .text.__NVIC_GetPriorityGrouping
                0x0000000008007b1c       0x1c ./Drivers/STM32L4xx_HAL_Driver/Src/stm32l4xx_hal_cortex.o
 .text.__NVIC_EnableIRQ
                0x0000000008007b38       0x3c ./Drivers/STM32L4xx_HAL_Driver/Src/stm32l4xx_hal_cortex.o
 .text.__NVIC_SetPriority
                0x0000000008007b74       0x54 ./Drivers/STM32L4xx_HAL_Driver/Src/stm32l4xx_hal_cortex.o
 .text.NVIC_EncodePriority
                0x0000000008007bc8       0x66 ./Drivers/STM32L4xx_HAL_Driver/Src/stm32l4xx_hal_cortex.o
 .text.HAL_NVIC_SetPriorityGrouping
                0x0000000008007c2e       0x16 ./Drivers/STM32L4xx_HAL_Driver/Src/stm32l4xx_hal_cortex.o
                0x0000000008007c2e                HAL_NVIC_SetPriorityGrouping
 .text.HAL_NVIC_SetPriority
                0x0000000008007c44       0x38 ./Drivers/STM32L4xx_HAL_Driver/Src/stm32l4xx_hal_cortex.o
                0x0000000008007c44                HAL_NVIC_SetPriority
 .text.HAL_NVIC_EnableIRQ
                0x0000000008007c7c       0x1c ./Drivers/STM32L4xx_HAL_Driver/Src/stm32l4xx_hal_cortex.o
                0x0000000008007c7c                HAL_NVIC_EnableIRQ
 .text.HAL_DMA_Abort
                0x0000000008007c98       0x7c ./Drivers/STM32L4xx_HAL_Driver/Src/stm32l4xx_hal_dma.o
                0x0000000008007c98                HAL_DMA_Abort
 .text.HAL_DMA_Abort_IT
                0x0000000008007d14       0x82 ./Drivers/STM32L4xx_HAL_Driver/Src/stm32l4xx_hal_dma.o
                0x0000000008007d14                HAL_DMA_Abort_IT
 *fill*         0x0000000008007d96        0x2 
 .text.HAL_GPIO_Init
                0x0000000008007d98      0x2f4 ./Drivers/STM32L4xx_HAL_Driver/Src/stm32l4xx_hal_gpio.o
                0x0000000008007d98                HAL_GPIO_Init
 .text.HAL_GPIO_WritePin
                0x000000000800808c       0x30 ./Drivers/STM32L4xx_HAL_Driver/Src/stm32l4xx_hal_gpio.o
                0x000000000800808c                HAL_GPIO_WritePin
 .text.HAL_PWREx_GetVoltageRange
                0x00000000080080bc       0x1c ./Drivers/STM32L4xx_HAL_Driver/Src/stm32l4xx_hal_pwr_ex.o
                0x00000000080080bc                HAL_PWREx_GetVoltageRange
 .text.HAL_PWREx_ControlVoltageScaling
                0x00000000080080d8       0xac ./Drivers/STM32L4xx_HAL_Driver/Src/stm32l4xx_hal_pwr_ex.o
                0x00000000080080d8                HAL_PWREx_ControlVoltageScaling
 .text.HAL_RCC_OscConfig
                0x0000000008008184      0x828 ./Drivers/STM32L4xx_HAL_Driver/Src/stm32l4xx_hal_rcc.o
                0x0000000008008184                HAL_RCC_OscConfig
 .text.HAL_RCC_ClockConfig
                0x00000000080089ac      0x200 ./Drivers/STM32L4xx_HAL_Driver/Src/stm32l4xx_hal_rcc.o
                0x00000000080089ac                HAL_RCC_ClockConfig
 .text.HAL_RCC_GetSysClockFreq
                0x0000000008008bac      0x118 ./Drivers/STM32L4xx_HAL_Driver/Src/stm32l4xx_hal_rcc.o
                0x0000000008008bac                HAL_RCC_GetSysClockFreq
 .text.HAL_RCC_GetHCLKFreq
                0x0000000008008cc4       0x18 ./Drivers/STM32L4xx_HAL_Driver/Src/stm32l4xx_hal_rcc.o
                0x0000000008008cc4                HAL_RCC_GetHCLKFreq
 .text.HAL_RCC_GetPCLK1Freq
                0x0000000008008cdc       0x2c ./Drivers/STM32L4xx_HAL_Driver/Src/stm32l4xx_hal_rcc.o
                0x0000000008008cdc                HAL_RCC_GetPCLK1Freq
 .text.HAL_RCC_GetPCLK2Freq
                0x0000000008008d08       0x2c ./Drivers/STM32L4xx_HAL_Driver/Src/stm32l4xx_hal_rcc.o
                0x0000000008008d08                HAL_RCC_GetPCLK2Freq
 .text.HAL_RCC_GetClockConfig
                0x0000000008008d34       0x64 ./Drivers/STM32L4xx_HAL_Driver/Src/stm32l4xx_hal_rcc.o
                0x0000000008008d34                HAL_RCC_GetClockConfig
 .text.RCC_SetFlashLatencyFromMSIRange
                0x0000000008008d98       0xc0 ./Drivers/STM32L4xx_HAL_Driver/Src/stm32l4xx_hal_rcc.o
 .text.HAL_RCCEx_PeriphCLKConfig
                0x0000000008008e58      0x4d8 ./Drivers/STM32L4xx_HAL_Driver/Src/stm32l4xx_hal_rcc_ex.o
                0x0000000008008e58                HAL_RCCEx_PeriphCLKConfig
 .text.RCCEx_PLLSAI1_Config
                0x0000000008009330      0x1e4 ./Drivers/STM32L4xx_HAL_Driver/Src/stm32l4xx_hal_rcc_ex.o
 .text.HAL_SPI_Init
                0x0000000008009514      0x146 ./Drivers/STM32L4xx_HAL_Driver/Src/stm32l4xx_hal_spi.o
                0x0000000008009514                HAL_SPI_Init
 .text.HAL_SPI_Transmit
                0x000000000800965a      0x2dc ./Drivers/STM32L4xx_HAL_Driver/Src/stm32l4xx_hal_spi.o
                0x000000000800965a                HAL_SPI_Transmit
 .text.HAL_SPI_Receive
                0x0000000008009936      0x260 ./Drivers/STM32L4xx_HAL_Driver/Src/stm32l4xx_hal_spi.o
                0x0000000008009936                HAL_SPI_Receive
 .text.HAL_SPI_TransmitReceive
                0x0000000008009b96      0x426 ./Drivers/STM32L4xx_HAL_Driver/Src/stm32l4xx_hal_spi.o
                0x0000000008009b96                HAL_SPI_TransmitReceive
 .text.SPI_WaitFlagStateUntilTimeout
                0x0000000008009fbc      0x110 ./Drivers/STM32L4xx_HAL_Driver/Src/stm32l4xx_hal_spi.o
 .text.SPI_WaitFifoStateUntilTimeout
                0x000000000800a0cc      0x12c ./Drivers/STM32L4xx_HAL_Driver/Src/stm32l4xx_hal_spi.o
 .text.SPI_EndRxTransaction
                0x000000000800a1f8       0xb0 ./Drivers/STM32L4xx_HAL_Driver/Src/stm32l4xx_hal_spi.o
 .text.SPI_EndRxTxTransaction
                0x000000000800a2a8       0x8c ./Drivers/STM32L4xx_HAL_Driver/Src/stm32l4xx_hal_spi.o
 .text.HAL_TIM_Base_Init
                0x000000000800a334       0xae ./Drivers/STM32L4xx_HAL_Driver/Src/stm32l4xx_hal_tim.o
                0x000000000800a334                HAL_TIM_Base_Init
 *fill*         0x000000000800a3e2        0x2 
 .text.HAL_TIM_Base_Start_IT
                0x000000000800a3e4       0xb8 ./Drivers/STM32L4xx_HAL_Driver/Src/stm32l4xx_hal_tim.o
                0x000000000800a3e4                HAL_TIM_Base_Start_IT
 .text.HAL_TIM_PWM_Init
                0x000000000800a49c       0xae ./Drivers/STM32L4xx_HAL_Driver/Src/stm32l4xx_hal_tim.o
                0x000000000800a49c                HAL_TIM_PWM_Init
 .text.HAL_TIM_PWM_MspInit
                0x000000000800a54a       0x14 ./Drivers/STM32L4xx_HAL_Driver/Src/stm32l4xx_hal_tim.o
                0x000000000800a54a                HAL_TIM_PWM_MspInit
 *fill*         0x000000000800a55e        0x2 
 .text.HAL_TIM_PWM_Stop
                0x000000000800a560      0x110 ./Drivers/STM32L4xx_HAL_Driver/Src/stm32l4xx_hal_tim.o
                0x000000000800a560                HAL_TIM_PWM_Stop
 .text.HAL_TIM_IRQHandler
                0x000000000800a670      0x23e ./Drivers/STM32L4xx_HAL_Driver/Src/stm32l4xx_hal_tim.o
                0x000000000800a670                HAL_TIM_IRQHandler
 *fill*         0x000000000800a8ae        0x2 
 .text.HAL_TIM_PWM_ConfigChannel
                0x000000000800a8b0      0x228 ./Drivers/STM32L4xx_HAL_Driver/Src/stm32l4xx_hal_tim.o
                0x000000000800a8b0                HAL_TIM_PWM_ConfigChannel
 .text.HAL_TIM_ConfigClockSource
                0x000000000800aad8      0x192 ./Drivers/STM32L4xx_HAL_Driver/Src/stm32l4xx_hal_tim.o
                0x000000000800aad8                HAL_TIM_ConfigClockSource
 .text.HAL_TIM_OC_DelayElapsedCallback
                0x000000000800ac6a       0x14 ./Drivers/STM32L4xx_HAL_Driver/Src/stm32l4xx_hal_tim.o
                0x000000000800ac6a                HAL_TIM_OC_DelayElapsedCallback
 .text.HAL_TIM_IC_CaptureCallback
                0x000000000800ac7e       0x14 ./Drivers/STM32L4xx_HAL_Driver/Src/stm32l4xx_hal_tim.o
                0x000000000800ac7e                HAL_TIM_IC_CaptureCallback
 .text.HAL_TIM_PWM_PulseFinishedCallback
                0x000000000800ac92       0x14 ./Drivers/STM32L4xx_HAL_Driver/Src/stm32l4xx_hal_tim.o
                0x000000000800ac92                HAL_TIM_PWM_PulseFinishedCallback
 .text.HAL_TIM_TriggerCallback
                0x000000000800aca6       0x14 ./Drivers/STM32L4xx_HAL_Driver/Src/stm32l4xx_hal_tim.o
                0x000000000800aca6                HAL_TIM_TriggerCallback
 *fill*         0x000000000800acba        0x2 
 .text.TIM_Base_SetConfig
                0x000000000800acbc       0xdc ./Drivers/STM32L4xx_HAL_Driver/Src/stm32l4xx_hal_tim.o
                0x000000000800acbc                TIM_Base_SetConfig
 .text.TIM_OC1_SetConfig
                0x000000000800ad98       0xf8 ./Drivers/STM32L4xx_HAL_Driver/Src/stm32l4xx_hal_tim.o
 .text.TIM_OC2_SetConfig
                0x000000000800ae90       0xf4 ./Drivers/STM32L4xx_HAL_Driver/Src/stm32l4xx_hal_tim.o
                0x000000000800ae90                TIM_OC2_SetConfig
 .text.TIM_OC3_SetConfig
                0x000000000800af84       0xf0 ./Drivers/STM32L4xx_HAL_Driver/Src/stm32l4xx_hal_tim.o
 .text.TIM_OC4_SetConfig
                0x000000000800b074       0xbc ./Drivers/STM32L4xx_HAL_Driver/Src/stm32l4xx_hal_tim.o
 .text.TIM_OC5_SetConfig
                0x000000000800b130       0xb0 ./Drivers/STM32L4xx_HAL_Driver/Src/stm32l4xx_hal_tim.o
 .text.TIM_OC6_SetConfig
                0x000000000800b1e0       0xb4 ./Drivers/STM32L4xx_HAL_Driver/Src/stm32l4xx_hal_tim.o
 .text.TIM_TI1_ConfigInputStage
                0x000000000800b294       0x5e ./Drivers/STM32L4xx_HAL_Driver/Src/stm32l4xx_hal_tim.o
 .text.TIM_TI2_ConfigInputStage
                0x000000000800b2f2       0x60 ./Drivers/STM32L4xx_HAL_Driver/Src/stm32l4xx_hal_tim.o
 .text.TIM_ITRx_SetConfig
                0x000000000800b352       0x36 ./Drivers/STM32L4xx_HAL_Driver/Src/stm32l4xx_hal_tim.o
 .text.TIM_ETR_SetConfig
                0x000000000800b388       0x40 ./Drivers/STM32L4xx_HAL_Driver/Src/stm32l4xx_hal_tim.o
                0x000000000800b388                TIM_ETR_SetConfig
 .text.TIM_CCxChannelCmd
                0x000000000800b3c8       0x4a ./Drivers/STM32L4xx_HAL_Driver/Src/stm32l4xx_hal_tim.o
                0x000000000800b3c8                TIM_CCxChannelCmd
 *fill*         0x000000000800b412        0x2 
 .text.HAL_TIMEx_MasterConfigSynchronization
                0x000000000800b414       0xdc ./Drivers/STM32L4xx_HAL_Driver/Src/stm32l4xx_hal_tim_ex.o
                0x000000000800b414                HAL_TIMEx_MasterConfigSynchronization
 .text.HAL_TIMEx_ConfigBreakDeadTime
                0x000000000800b4f0       0xf0 ./Drivers/STM32L4xx_HAL_Driver/Src/stm32l4xx_hal_tim_ex.o
                0x000000000800b4f0                HAL_TIMEx_ConfigBreakDeadTime
 .text.HAL_TIMEx_CommutCallback
                0x000000000800b5e0       0x14 ./Drivers/STM32L4xx_HAL_Driver/Src/stm32l4xx_hal_tim_ex.o
                0x000000000800b5e0                HAL_TIMEx_CommutCallback
 .text.HAL_TIMEx_BreakCallback
                0x000000000800b5f4       0x14 ./Drivers/STM32L4xx_HAL_Driver/Src/stm32l4xx_hal_tim_ex.o
                0x000000000800b5f4                HAL_TIMEx_BreakCallback
 .text.HAL_TIMEx_Break2Callback
                0x000000000800b608       0x14 ./Drivers/STM32L4xx_HAL_Driver/Src/stm32l4xx_hal_tim_ex.o
                0x000000000800b608                HAL_TIMEx_Break2Callback
 .text.HAL_UART_Init
                0x000000000800b61c       0x9c ./Drivers/STM32L4xx_HAL_Driver/Src/stm32l4xx_hal_uart.o
                0x000000000800b61c                HAL_UART_Init
 .text.HAL_UART_Transmit_IT
                0x000000000800b6b8       0xdc ./Drivers/STM32L4xx_HAL_Driver/Src/stm32l4xx_hal_uart.o
                0x000000000800b6b8                HAL_UART_Transmit_IT
 .text.HAL_UART_Receive_IT
                0x000000000800b794       0xac ./Drivers/STM32L4xx_HAL_Driver/Src/stm32l4xx_hal_uart.o
                0x000000000800b794                HAL_UART_Receive_IT
 .text.HAL_UART_IRQHandler
                0x000000000800b840      0x5c4 ./Drivers/STM32L4xx_HAL_Driver/Src/stm32l4xx_hal_uart.o
                0x000000000800b840                HAL_UART_IRQHandler
 .text.HAL_UARTEx_RxEventCallback
                0x000000000800be04       0x18 ./Drivers/STM32L4xx_HAL_Driver/Src/stm32l4xx_hal_uart.o
                0x000000000800be04                HAL_UARTEx_RxEventCallback
 .text.UART_SetConfig
                0x000000000800be1c      0x50c ./Drivers/STM32L4xx_HAL_Driver/Src/stm32l4xx_hal_uart.o
                0x000000000800be1c                UART_SetConfig
 .text.UART_AdvFeatureConfig
                0x000000000800c328      0x144 ./Drivers/STM32L4xx_HAL_Driver/Src/stm32l4xx_hal_uart.o
                0x000000000800c328                UART_AdvFeatureConfig
 .text.UART_CheckIdleState
                0x000000000800c46c       0x92 ./Drivers/STM32L4xx_HAL_Driver/Src/stm32l4xx_hal_uart.o
                0x000000000800c46c                UART_CheckIdleState
 .text.UART_WaitOnFlagUntilTimeout
                0x000000000800c4fe      0x188 ./Drivers/STM32L4xx_HAL_Driver/Src/stm32l4xx_hal_uart.o
                0x000000000800c4fe                UART_WaitOnFlagUntilTimeout
 *fill*         0x000000000800c686        0x2 
 .text.UART_Start_Receive_IT
                0x000000000800c688      0x194 ./Drivers/STM32L4xx_HAL_Driver/Src/stm32l4xx_hal_uart.o
                0x000000000800c688                UART_Start_Receive_IT
 .text.UART_EndRxTransfer
                0x000000000800c81c       0xc6 ./Drivers/STM32L4xx_HAL_Driver/Src/stm32l4xx_hal_uart.o
 .text.UART_DMAAbortOnError
                0x000000000800c8e2       0x2c ./Drivers/STM32L4xx_HAL_Driver/Src/stm32l4xx_hal_uart.o
 .text.UART_TxISR_8BIT
                0x000000000800c90e       0xb8 ./Drivers/STM32L4xx_HAL_Driver/Src/stm32l4xx_hal_uart.o
 .text.UART_TxISR_16BIT
                0x000000000800c9c6       0xc0 ./Drivers/STM32L4xx_HAL_Driver/Src/stm32l4xx_hal_uart.o
 .text.UART_EndTransmit_IT
                0x000000000800ca86       0x54 ./Drivers/STM32L4xx_HAL_Driver/Src/stm32l4xx_hal_uart.o
 .text.UART_RxISR_8BIT
                0x000000000800cada      0x160 ./Drivers/STM32L4xx_HAL_Driver/Src/stm32l4xx_hal_uart.o
 .text.UART_RxISR_16BIT
                0x000000000800cc3a      0x160 ./Drivers/STM32L4xx_HAL_Driver/Src/stm32l4xx_hal_uart.o
 .text.HAL_UARTEx_WakeupCallback
                0x000000000800cd9a       0x14 ./Drivers/STM32L4xx_HAL_Driver/Src/stm32l4xx_hal_uart_ex.o
                0x000000000800cd9a                HAL_UARTEx_WakeupCallback
 .text.makeFreeRtosPriority
                0x000000000800cdae       0x30 ./Middlewares/Third_Party/FreeRTOS/Source/CMSIS_RTOS/cmsis_os.o
 .text.inHandlerMode
                0x000000000800cdde       0x24 ./Middlewares/Third_Party/FreeRTOS/Source/CMSIS_RTOS/cmsis_os.o
 .text.osKernelStart
                0x000000000800ce02        0xe ./Middlewares/Third_Party/FreeRTOS/Source/CMSIS_RTOS/cmsis_os.o
                0x000000000800ce02                osKernelStart
 .text.osThreadCreate
                0x000000000800ce10       0x4a ./Middlewares/Third_Party/FreeRTOS/Source/CMSIS_RTOS/cmsis_os.o
                0x000000000800ce10                osThreadCreate
 .text.osDelay  0x000000000800ce5a       0x28 ./Middlewares/Third_Party/FreeRTOS/Source/CMSIS_RTOS/cmsis_os.o
                0x000000000800ce5a                osDelay
 .text.osSemaphoreCreate
                0x000000000800ce82       0x30 ./Middlewares/Third_Party/FreeRTOS/Source/CMSIS_RTOS/cmsis_os.o
                0x000000000800ce82                osSemaphoreCreate
 .text.osMessageCreate
                0x000000000800ceb2       0x2c ./Middlewares/Third_Party/FreeRTOS/Source/CMSIS_RTOS/cmsis_os.o
                0x000000000800ceb2                osMessageCreate
 *fill*         0x000000000800cede        0x2 
 .text.osMessagePut
                0x000000000800cee0       0x80 ./Middlewares/Third_Party/FreeRTOS/Source/CMSIS_RTOS/cmsis_os.o
                0x000000000800cee0                osMessagePut
 .text.osMessageGet
                0x000000000800cf60       0xe8 ./Middlewares/Third_Party/FreeRTOS/Source/CMSIS_RTOS/cmsis_os.o
                0x000000000800cf60                osMessageGet
 .text.vListInitialise
                0x000000000800d048       0x40 ./Middlewares/Third_Party/FreeRTOS/Source/list.o
                0x000000000800d048                vListInitialise
 .text.vListInitialiseItem
                0x000000000800d088       0x1a ./Middlewares/Third_Party/FreeRTOS/Source/list.o
                0x000000000800d088                vListInitialiseItem
 .text.vListInsertEnd
                0x000000000800d0a2       0x48 ./Middlewares/Third_Party/FreeRTOS/Source/list.o
                0x000000000800d0a2                vListInsertEnd
 .text.vListInsert
                0x000000000800d0ea       0x72 ./Middlewares/Third_Party/FreeRTOS/Source/list.o
                0x000000000800d0ea                vListInsert
 .text.uxListRemove
                0x000000000800d15c       0x54 ./Middlewares/Third_Party/FreeRTOS/Source/list.o
                0x000000000800d15c                uxListRemove
 .text.xQueueGenericReset
                0x000000000800d1b0       0xd0 ./Middlewares/Third_Party/FreeRTOS/Source/queue.o
                0x000000000800d1b0                xQueueGenericReset
 .text.xQueueGenericCreateStatic
                0x000000000800d280       0xe8 ./Middlewares/Third_Party/FreeRTOS/Source/queue.o
                0x000000000800d280                xQueueGenericCreateStatic
 .text.prvInitialiseNewQueue
                0x000000000800d368       0x3e ./Middlewares/Third_Party/FreeRTOS/Source/queue.o
 .text.prvInitialiseMutex
                0x000000000800d3a6       0x34 ./Middlewares/Third_Party/FreeRTOS/Source/queue.o
 .text.xQueueCreateMutexStatic
                0x000000000800d3da       0x36 ./Middlewares/Third_Party/FreeRTOS/Source/queue.o
                0x000000000800d3da                xQueueCreateMutexStatic
 .text.xQueueGenericSend
                0x000000000800d410      0x1fc ./Middlewares/Third_Party/FreeRTOS/Source/queue.o
                0x000000000800d410                xQueueGenericSend
 .text.xQueueGenericSendFromISR
                0x000000000800d60c      0x136 ./Middlewares/Third_Party/FreeRTOS/Source/queue.o
                0x000000000800d60c                xQueueGenericSendFromISR
 *fill*         0x000000000800d742        0x2 
 .text.xQueueReceive
                0x000000000800d744      0x1c0 ./Middlewares/Third_Party/FreeRTOS/Source/queue.o
                0x000000000800d744                xQueueReceive
 .text.xQueueReceiveFromISR
                0x000000000800d904      0x100 ./Middlewares/Third_Party/FreeRTOS/Source/queue.o
                0x000000000800d904                xQueueReceiveFromISR
 .text.prvCopyDataToQueue
                0x000000000800da04       0xd4 ./Middlewares/Third_Party/FreeRTOS/Source/queue.o
 .text.prvCopyDataFromQueue
                0x000000000800dad8       0x4c ./Middlewares/Third_Party/FreeRTOS/Source/queue.o
 .text.prvUnlockQueue
                0x000000000800db24       0xa4 ./Middlewares/Third_Party/FreeRTOS/Source/queue.o
 .text.prvIsQueueEmpty
                0x000000000800dbc8       0x2c ./Middlewares/Third_Party/FreeRTOS/Source/queue.o
 .text.prvIsQueueFull
                0x000000000800dbf4       0x30 ./Middlewares/Third_Party/FreeRTOS/Source/queue.o
 .text.xQueueIsQueueFullFromISR
                0x000000000800dc24       0x4c ./Middlewares/Third_Party/FreeRTOS/Source/queue.o
                0x000000000800dc24                xQueueIsQueueFullFromISR
 .text.vQueueAddToRegistry
                0x000000000800dc70       0x54 ./Middlewares/Third_Party/FreeRTOS/Source/queue.o
                0x000000000800dc70                vQueueAddToRegistry
 .text.vQueueWaitForMessageRestricted
                0x000000000800dcc4       0x68 ./Middlewares/Third_Party/FreeRTOS/Source/queue.o
                0x000000000800dcc4                vQueueWaitForMessageRestricted
 .text.xTaskCreateStatic
                0x000000000800dd2c       0xb2 ./Middlewares/Third_Party/FreeRTOS/Source/tasks.o
                0x000000000800dd2c                xTaskCreateStatic
 .text.prvInitialiseNewTask
                0x000000000800ddde      0x10e ./Middlewares/Third_Party/FreeRTOS/Source/tasks.o
 .text.prvAddNewTaskToReadyList
                0x000000000800deec       0xd4 ./Middlewares/Third_Party/FreeRTOS/Source/tasks.o
 .text.vTaskDelay
                0x000000000800dfc0       0x68 ./Middlewares/Third_Party/FreeRTOS/Source/tasks.o
                0x000000000800dfc0                vTaskDelay
 .text.vTaskStartScheduler
                0x000000000800e028       0xcc ./Middlewares/Third_Party/FreeRTOS/Source/tasks.o
                0x000000000800e028                vTaskStartScheduler
 .text.vTaskSuspendAll
                0x000000000800e0f4       0x1c ./Middlewares/Third_Party/FreeRTOS/Source/tasks.o
                0x000000000800e0f4                vTaskSuspendAll
 .text.xTaskResumeAll
                0x000000000800e110      0x138 ./Middlewares/Third_Party/FreeRTOS/Source/tasks.o
                0x000000000800e110                xTaskResumeAll
 .text.xTaskGetTickCount
                0x000000000800e248       0x20 ./Middlewares/Third_Party/FreeRTOS/Source/tasks.o
                0x000000000800e248                xTaskGetTickCount
 .text.xTaskIncrementTick
                0x000000000800e268      0x170 ./Middlewares/Third_Party/FreeRTOS/Source/tasks.o
                0x000000000800e268                xTaskIncrementTick
 .text.vTaskSwitchContext
                0x000000000800e3d8       0xb8 ./Middlewares/Third_Party/FreeRTOS/Source/tasks.o
                0x000000000800e3d8                vTaskSwitchContext
 .text.vTaskPlaceOnEventList
                0x000000000800e490       0x48 ./Middlewares/Third_Party/FreeRTOS/Source/tasks.o
                0x000000000800e490                vTaskPlaceOnEventList
 .text.vTaskPlaceOnEventListRestricted
                0x000000000800e4d8       0x58 ./Middlewares/Third_Party/FreeRTOS/Source/tasks.o
                0x000000000800e4d8                vTaskPlaceOnEventListRestricted
 .text.xTaskRemoveFromEventList
                0x000000000800e530       0xc4 ./Middlewares/Third_Party/FreeRTOS/Source/tasks.o
                0x000000000800e530                xTaskRemoveFromEventList
 .text.vTaskInternalSetTimeOutState
                0x000000000800e5f4       0x2c ./Middlewares/Third_Party/FreeRTOS/Source/tasks.o
                0x000000000800e5f4                vTaskInternalSetTimeOutState
 .text.xTaskCheckForTimeOut
                0x000000000800e620       0xc4 ./Middlewares/Third_Party/FreeRTOS/Source/tasks.o
                0x000000000800e620                xTaskCheckForTimeOut
 .text.vTaskMissedYield
                0x000000000800e6e4       0x18 ./Middlewares/Third_Party/FreeRTOS/Source/tasks.o
                0x000000000800e6e4                vTaskMissedYield
 .text.prvIdleTask
                0x000000000800e6fc       0x30 ./Middlewares/Third_Party/FreeRTOS/Source/tasks.o
 .text.prvInitialiseTaskLists
                0x000000000800e72c       0x80 ./Middlewares/Third_Party/FreeRTOS/Source/tasks.o
 .text.prvCheckTasksWaitingTermination
                0x000000000800e7ac       0x5c ./Middlewares/Third_Party/FreeRTOS/Source/tasks.o
 .text.prvDeleteTCB
                0x000000000800e808       0x14 ./Middlewares/Third_Party/FreeRTOS/Source/tasks.o
 .text.prvResetNextTaskUnblockTime
                0x000000000800e81c       0x40 ./Middlewares/Third_Party/FreeRTOS/Source/tasks.o
 .text.xTaskGetSchedulerState
                0x000000000800e85c       0x3c ./Middlewares/Third_Party/FreeRTOS/Source/tasks.o
                0x000000000800e85c                xTaskGetSchedulerState
 .text.xTaskPriorityDisinherit
                0x000000000800e898      0x10c ./Middlewares/Third_Party/FreeRTOS/Source/tasks.o
                0x000000000800e898                xTaskPriorityDisinherit
 .text.prvAddCurrentTaskToDelayedList
                0x000000000800e9a4       0xcc ./Middlewares/Third_Party/FreeRTOS/Source/tasks.o
 .text.xTimerCreateTimerTask
                0x000000000800ea70       0x90 ./Middlewares/Third_Party/FreeRTOS/Source/timers.o
                0x000000000800ea70                xTimerCreateTimerTask
 .text.xTimerGenericCommand
                0x000000000800eb00       0x9c ./Middlewares/Third_Party/FreeRTOS/Source/timers.o
                0x000000000800eb00                xTimerGenericCommand
 .text.prvProcessExpiredTimer
                0x000000000800eb9c       0x98 ./Middlewares/Third_Party/FreeRTOS/Source/timers.o
 .text.prvTimerTask
                0x000000000800ec34       0x24 ./Middlewares/Third_Party/FreeRTOS/Source/timers.o
 .text.prvProcessTimerOrBlockTask
                0x000000000800ec58       0x9c ./Middlewares/Third_Party/FreeRTOS/Source/timers.o
 .text.prvGetNextExpireTime
                0x000000000800ecf4       0x48 ./Middlewares/Third_Party/FreeRTOS/Source/timers.o
 .text.prvSampleTimeNow
                0x000000000800ed3c       0x40 ./Middlewares/Third_Party/FreeRTOS/Source/timers.o
 .text.prvInsertTimerInActiveList
                0x000000000800ed7c       0x84 ./Middlewares/Third_Party/FreeRTOS/Source/timers.o
 .text.prvProcessReceivedCommands
                0x000000000800ee00      0x178 ./Middlewares/Third_Party/FreeRTOS/Source/timers.o
 .text.prvSwitchTimerLists
                0x000000000800ef78       0xc8 ./Middlewares/Third_Party/FreeRTOS/Source/timers.o
 .text.prvCheckForValidListAndQueue
                0x000000000800f040       0x80 ./Middlewares/Third_Party/FreeRTOS/Source/timers.o
 .text.pxPortInitialiseStack
                0x000000000800f0c0       0x68 ./Middlewares/Third_Party/FreeRTOS/Source/portable/GCC/ARM_CM4F/port.o
                0x000000000800f0c0                pxPortInitialiseStack
 .text.prvTaskExitError
                0x000000000800f128       0x58 ./Middlewares/Third_Party/FreeRTOS/Source/portable/GCC/ARM_CM4F/port.o
 .text.SVC_Handler
                0x000000000800f180       0x28 ./Middlewares/Third_Party/FreeRTOS/Source/portable/GCC/ARM_CM4F/port.o
                0x000000000800f180                SVC_Handler
 .text.prvPortStartFirstTask
                0x000000000800f1a8       0x28 ./Middlewares/Third_Party/FreeRTOS/Source/portable/GCC/ARM_CM4F/port.o
 .text.xPortStartScheduler
                0x000000000800f1d0      0x144 ./Middlewares/Third_Party/FreeRTOS/Source/portable/GCC/ARM_CM4F/port.o
                0x000000000800f1d0                xPortStartScheduler
 .text.vPortEnterCritical
                0x000000000800f314       0x60 ./Middlewares/Third_Party/FreeRTOS/Source/portable/GCC/ARM_CM4F/port.o
                0x000000000800f314                vPortEnterCritical
 .text.vPortExitCritical
                0x000000000800f374       0x54 ./Middlewares/Third_Party/FreeRTOS/Source/portable/GCC/ARM_CM4F/port.o
                0x000000000800f374                vPortExitCritical
 *fill*         0x000000000800f3c8        0x8 
 .text.PendSV_Handler
                0x000000000800f3d0       0x68 ./Middlewares/Third_Party/FreeRTOS/Source/portable/GCC/ARM_CM4F/port.o
                0x000000000800f3d0                PendSV_Handler
 .text.SysTick_Handler
                0x000000000800f438       0x44 ./Middlewares/Third_Party/FreeRTOS/Source/portable/GCC/ARM_CM4F/port.o
                0x000000000800f438                SysTick_Handler
 .text.vPortSetupTimerInterrupt
                0x000000000800f47c       0x48 ./Middlewares/Third_Party/FreeRTOS/Source/portable/GCC/ARM_CM4F/port.o
                0x000000000800f47c                vPortSetupTimerInterrupt
 .text.vPortEnableVFP
                0x000000000800f4c4       0x14 ./Middlewares/Third_Party/FreeRTOS/Source/portable/GCC/ARM_CM4F/port.o
 .text.vPortValidateInterruptPriority
                0x000000000800f4d8       0x80 ./Middlewares/Third_Party/FreeRTOS/Source/portable/GCC/ARM_CM4F/port.o
                0x000000000800f4d8                vPortValidateInterruptPriority
 .text.malloc   0x000000000800f558       0x10 /opt/st/stm32cubeide_1.14.0/plugins/com.st.stm32cube.ide.mcu.externaltools.gnu-tools-for-stm32.11.3.rel1.linux64_1.1.100.202309141235/tools/bin/../lib/gcc/arm-none-eabi/11.3.1/../../../../arm-none-eabi/lib/thumb/v7e-m+fp/hard/libc_nano.a(libc_a-malloc.o)
                0x000000000800f558                malloc
 .text.free     0x000000000800f568       0x10 /opt/st/stm32cubeide_1.14.0/plugins/com.st.stm32cube.ide.mcu.externaltools.gnu-tools-for-stm32.11.3.rel1.linux64_1.1.100.202309141235/tools/bin/../lib/gcc/arm-none-eabi/11.3.1/../../../../arm-none-eabi/lib/thumb/v7e-m+fp/hard/libc_nano.a(libc_a-malloc.o)
                0x000000000800f568                free
 .text.sbrk_aligned
                0x000000000800f578       0x40 /opt/st/stm32cubeide_1.14.0/plugins/com.st.stm32cube.ide.mcu.externaltools.gnu-tools-for-stm32.11.3.rel1.linux64_1.1.100.202309141235/tools/bin/../lib/gcc/arm-none-eabi/11.3.1/../../../../arm-none-eabi/lib/thumb/v7e-m+fp/hard/libc_nano.a(libc_a-mallocr.o)
 .text._malloc_r
                0x000000000800f5b8      0x100 /opt/st/stm32cubeide_1.14.0/plugins/com.st.stm32cube.ide.mcu.externaltools.gnu-tools-for-stm32.11.3.rel1.linux64_1.1.100.202309141235/tools/bin/../lib/gcc/arm-none-eabi/11.3.1/../../../../arm-none-eabi/lib/thumb/v7e-m+fp/hard/libc_nano.a(libc_a-mallocr.o)
                0x000000000800f5b8                _malloc_r
 .text.__malloc_lock
                0x000000000800f6b8        0xc /opt/st/stm32cubeide_1.14.0/plugins/com.st.stm32cube.ide.mcu.externaltools.gnu-tools-for-stm32.11.3.rel1.linux64_1.1.100.202309141235/tools/bin/../lib/gcc/arm-none-eabi/11.3.1/../../../../arm-none-eabi/lib/thumb/v7e-m+fp/hard/libc_nano.a(libc_a-mlock.o)
                0x000000000800f6b8                __malloc_lock
 .text.__malloc_unlock
                0x000000000800f6c4        0xc /opt/st/stm32cubeide_1.14.0/plugins/com.st.stm32cube.ide.mcu.externaltools.gnu-tools-for-stm32.11.3.rel1.linux64_1.1.100.202309141235/tools/bin/../lib/gcc/arm-none-eabi/11.3.1/../../../../arm-none-eabi/lib/thumb/v7e-m+fp/hard/libc_nano.a(libc_a-mlock.o)
                0x000000000800f6c4                __malloc_unlock
 .text.__cvt    0x000000000800f6d0       0xc4 /opt/st/stm32cubeide_1.14.0/plugins/com.st.stm32cube.ide.mcu.externaltools.gnu-tools-for-stm32.11.3.rel1.linux64_1.1.100.202309141235/tools/bin/../lib/gcc/arm-none-eabi/11.3.1/../../../../arm-none-eabi/lib/thumb/v7e-m+fp/hard/libc_nano.a(libc_a-nano-vfprintf_float.o)
                0x000000000800f6d0                __cvt
 .text.__exponent
                0x000000000800f794       0x7c /opt/st/stm32cubeide_1.14.0/plugins/com.st.stm32cube.ide.mcu.externaltools.gnu-tools-for-stm32.11.3.rel1.linux64_1.1.100.202309141235/tools/bin/../lib/gcc/arm-none-eabi/11.3.1/../../../../arm-none-eabi/lib/thumb/v7e-m+fp/hard/libc_nano.a(libc_a-nano-vfprintf_float.o)
                0x000000000800f794                __exponent
 .text._printf_float
                0x000000000800f810      0x46c /opt/st/stm32cubeide_1.14.0/plugins/com.st.stm32cube.ide.mcu.externaltools.gnu-tools-for-stm32.11.3.rel1.linux64_1.1.100.202309141235/tools/bin/../lib/gcc/arm-none-eabi/11.3.1/../../../../arm-none-eabi/lib/thumb/v7e-m+fp/hard/libc_nano.a(libc_a-nano-vfprintf_float.o)
                0x000000000800f810                _printf_float
 .text._printf_common
                0x000000000800fc7c       0xda /opt/st/stm32cubeide_1.14.0/plugins/com.st.stm32cube.ide.mcu.externaltools.gnu-tools-for-stm32.11.3.rel1.linux64_1.1.100.202309141235/tools/bin/../lib/gcc/arm-none-eabi/11.3.1/../../../../arm-none-eabi/lib/thumb/v7e-m+fp/hard/libc_nano.a(libc_a-nano-vfprintf_i.o)
                0x000000000800fc7c                _printf_common
 *fill*         0x000000000800fd56        0x2 
 .text._printf_i
                0x000000000800fd58      0x244 /opt/st/stm32cubeide_1.14.0/plugins/com.st.stm32cube.ide.mcu.externaltools.gnu-tools-for-stm32.11.3.rel1.linux64_1.1.100.202309141235/tools/bin/../lib/gcc/arm-none-eabi/11.3.1/../../../../arm-none-eabi/lib/thumb/v7e-m+fp/hard/libc_nano.a(libc_a-nano-vfprintf_i.o)
                0x000000000800fd58                _printf_i
 .text.std      0x000000000800ff9c       0x6c /opt/st/stm32cubeide_1.14.0/plugins/com.st.stm32cube.ide.mcu.externaltools.gnu-tools-for-stm32.11.3.rel1.linux64_1.1.100.202309141235/tools/bin/../lib/gcc/arm-none-eabi/11.3.1/../../../../arm-none-eabi/lib/thumb/v7e-m+fp/hard/libc_nano.a(libc_a-findfp.o)
 .text.stdio_exit_handler
                0x0000000008010008       0x18 /opt/st/stm32cubeide_1.14.0/plugins/com.st.stm32cube.ide.mcu.externaltools.gnu-tools-for-stm32.11.3.rel1.linux64_1.1.100.202309141235/tools/bin/../lib/gcc/arm-none-eabi/11.3.1/../../../../arm-none-eabi/lib/thumb/v7e-m+fp/hard/libc_nano.a(libc_a-findfp.o)
 .text.cleanup_stdio
                0x0000000008010020       0x40 /opt/st/stm32cubeide_1.14.0/plugins/com.st.stm32cube.ide.mcu.externaltools.gnu-tools-for-stm32.11.3.rel1.linux64_1.1.100.202309141235/tools/bin/../lib/gcc/arm-none-eabi/11.3.1/../../../../arm-none-eabi/lib/thumb/v7e-m+fp/hard/libc_nano.a(libc_a-findfp.o)
 .text.global_stdio_init.part.0
                0x0000000008010060       0x3c /opt/st/stm32cubeide_1.14.0/plugins/com.st.stm32cube.ide.mcu.externaltools.gnu-tools-for-stm32.11.3.rel1.linux64_1.1.100.202309141235/tools/bin/../lib/gcc/arm-none-eabi/11.3.1/../../../../arm-none-eabi/lib/thumb/v7e-m+fp/hard/libc_nano.a(libc_a-findfp.o)
 .text.__sfp_lock_acquire
                0x000000000801009c        0xc /opt/st/stm32cubeide_1.14.0/plugins/com.st.stm32cube.ide.mcu.externaltools.gnu-tools-for-stm32.11.3.rel1.linux64_1.1.100.202309141235/tools/bin/../lib/gcc/arm-none-eabi/11.3.1/../../../../arm-none-eabi/lib/thumb/v7e-m+fp/hard/libc_nano.a(libc_a-findfp.o)
                0x000000000801009c                __sfp_lock_acquire
 .text.__sfp_lock_release
                0x00000000080100a8        0xc /opt/st/stm32cubeide_1.14.0/plugins/com.st.stm32cube.ide.mcu.externaltools.gnu-tools-for-stm32.11.3.rel1.linux64_1.1.100.202309141235/tools/bin/../lib/gcc/arm-none-eabi/11.3.1/../../../../arm-none-eabi/lib/thumb/v7e-m+fp/hard/libc_nano.a(libc_a-findfp.o)
                0x00000000080100a8                __sfp_lock_release
 .text.__sinit  0x00000000080100b4       0x30 /opt/st/stm32cubeide_1.14.0/plugins/com.st.stm32cube.ide.mcu.externaltools.gnu-tools-for-stm32.11.3.rel1.linux64_1.1.100.202309141235/tools/bin/../lib/gcc/arm-none-eabi/11.3.1/../../../../arm-none-eabi/lib/thumb/v7e-m+fp/hard/libc_nano.a(libc_a-findfp.o)
                0x00000000080100b4                __sinit
 .text._fwalk_sglue
                0x00000000080100e4       0x3c /opt/st/stm32cubeide_1.14.0/plugins/com.st.stm32cube.ide.mcu.externaltools.gnu-tools-for-stm32.11.3.rel1.linux64_1.1.100.202309141235/tools/bin/../lib/gcc/arm-none-eabi/11.3.1/../../../../arm-none-eabi/lib/thumb/v7e-m+fp/hard/libc_nano.a(libc_a-fwalk.o)
                0x00000000080100e4                _fwalk_sglue
 .text.printf   0x0000000008010120       0x24 /opt/st/stm32cubeide_1.14.0/plugins/com.st.stm32cube.ide.mcu.externaltools.gnu-tools-for-stm32.11.3.rel1.linux64_1.1.100.202309141235/tools/bin/../lib/gcc/arm-none-eabi/11.3.1/../../../../arm-none-eabi/lib/thumb/v7e-m+fp/hard/libc_nano.a(libc_a-printf.o)
                0x0000000008010120                printf
                0x0000000008010120                iprintf
 .text._puts_r  0x0000000008010144       0xa8 /opt/st/stm32cubeide_1.14.0/plugins/com.st.stm32cube.ide.mcu.externaltools.gnu-tools-for-stm32.11.3.rel1.linux64_1.1.100.202309141235/tools/bin/../lib/gcc/arm-none-eabi/11.3.1/../../../../arm-none-eabi/lib/thumb/v7e-m+fp/hard/libc_nano.a(libc_a-puts.o)
                0x0000000008010144                _puts_r
 .text.puts     0x00000000080101ec       0x10 /opt/st/stm32cubeide_1.14.0/plugins/com.st.stm32cube.ide.mcu.externaltools.gnu-tools-for-stm32.11.3.rel1.linux64_1.1.100.202309141235/tools/bin/../lib/gcc/arm-none-eabi/11.3.1/../../../../arm-none-eabi/lib/thumb/v7e-m+fp/hard/libc_nano.a(libc_a-puts.o)
                0x00000000080101ec                puts
 .text.__sread  0x00000000080101fc       0x22 /opt/st/stm32cubeide_1.14.0/plugins/com.st.stm32cube.ide.mcu.externaltools.gnu-tools-for-stm32.11.3.rel1.linux64_1.1.100.202309141235/tools/bin/../lib/gcc/arm-none-eabi/11.3.1/../../../../arm-none-eabi/lib/thumb/v7e-m+fp/hard/libc_nano.a(libc_a-stdio.o)
                0x00000000080101fc                __sread
 .text.__swrite
                0x000000000801021e       0x38 /opt/st/stm32cubeide_1.14.0/plugins/com.st.stm32cube.ide.mcu.externaltools.gnu-tools-for-stm32.11.3.rel1.linux64_1.1.100.202309141235/tools/bin/../lib/gcc/arm-none-eabi/11.3.1/../../../../arm-none-eabi/lib/thumb/v7e-m+fp/hard/libc_nano.a(libc_a-stdio.o)
                0x000000000801021e                __swrite
 .text.__sseek  0x0000000008010256       0x24 /opt/st/stm32cubeide_1.14.0/plugins/com.st.stm32cube.ide.mcu.externaltools.gnu-tools-for-stm32.11.3.rel1.linux64_1.1.100.202309141235/tools/bin/../lib/gcc/arm-none-eabi/11.3.1/../../../../arm-none-eabi/lib/thumb/v7e-m+fp/hard/libc_nano.a(libc_a-stdio.o)
                0x0000000008010256                __sseek
 .text.__sclose
                0x000000000801027a        0x8 /opt/st/stm32cubeide_1.14.0/plugins/com.st.stm32cube.ide.mcu.externaltools.gnu-tools-for-stm32.11.3.rel1.linux64_1.1.100.202309141235/tools/bin/../lib/gcc/arm-none-eabi/11.3.1/../../../../arm-none-eabi/lib/thumb/v7e-m+fp/hard/libc_nano.a(libc_a-stdio.o)
                0x000000000801027a                __sclose
 .text.__swbuf_r
                0x0000000008010282       0x7a /opt/st/stm32cubeide_1.14.0/plugins/com.st.stm32cube.ide.mcu.externaltools.gnu-tools-for-stm32.11.3.rel1.linux64_1.1.100.202309141235/tools/bin/../lib/gcc/arm-none-eabi/11.3.1/../../../../arm-none-eabi/lib/thumb/v7e-m+fp/hard/libc_nano.a(libc_a-wbuf.o)
                0x0000000008010282                __swbuf_r
 .text.__swsetup_r
                0x00000000080102fc       0xb0 /opt/st/stm32cubeide_1.14.0/plugins/com.st.stm32cube.ide.mcu.externaltools.gnu-tools-for-stm32.11.3.rel1.linux64_1.1.100.202309141235/tools/bin/../lib/gcc/arm-none-eabi/11.3.1/../../../../arm-none-eabi/lib/thumb/v7e-m+fp/hard/libc_nano.a(libc_a-wsetup.o)
                0x00000000080102fc                __swsetup_r
 .text.memset   0x00000000080103ac       0x10 /opt/st/stm32cubeide_1.14.0/plugins/com.st.stm32cube.ide.mcu.externaltools.gnu-tools-for-stm32.11.3.rel1.linux64_1.1.100.202309141235/tools/bin/../lib/gcc/arm-none-eabi/11.3.1/../../../../arm-none-eabi/lib/thumb/v7e-m+fp/hard/libc_nano.a(libc_a-memset.o)
                0x00000000080103ac                memset
 .text._localeconv_r
                0x00000000080103bc        0x8 /opt/st/stm32cubeide_1.14.0/plugins/com.st.stm32cube.ide.mcu.externaltools.gnu-tools-for-stm32.11.3.rel1.linux64_1.1.100.202309141235/tools/bin/../lib/gcc/arm-none-eabi/11.3.1/../../../../arm-none-eabi/lib/thumb/v7e-m+fp/hard/libc_nano.a(libc_a-localeconv.o)
                0x00000000080103bc                _localeconv_r
 .text._close_r
                0x00000000080103c4       0x20 /opt/st/stm32cubeide_1.14.0/plugins/com.st.stm32cube.ide.mcu.externaltools.gnu-tools-for-stm32.11.3.rel1.linux64_1.1.100.202309141235/tools/bin/../lib/gcc/arm-none-eabi/11.3.1/../../../../arm-none-eabi/lib/thumb/v7e-m+fp/hard/libc_nano.a(libc_a-closer.o)
                0x00000000080103c4                _close_r
 .text._lseek_r
                0x00000000080103e4       0x24 /opt/st/stm32cubeide_1.14.0/plugins/com.st.stm32cube.ide.mcu.externaltools.gnu-tools-for-stm32.11.3.rel1.linux64_1.1.100.202309141235/tools/bin/../lib/gcc/arm-none-eabi/11.3.1/../../../../arm-none-eabi/lib/thumb/v7e-m+fp/hard/libc_nano.a(libc_a-lseekr.o)
                0x00000000080103e4                _lseek_r
 .text._read_r  0x0000000008010408       0x24 /opt/st/stm32cubeide_1.14.0/plugins/com.st.stm32cube.ide.mcu.externaltools.gnu-tools-for-stm32.11.3.rel1.linux64_1.1.100.202309141235/tools/bin/../lib/gcc/arm-none-eabi/11.3.1/../../../../arm-none-eabi/lib/thumb/v7e-m+fp/hard/libc_nano.a(libc_a-readr.o)
                0x0000000008010408                _read_r
 .text._sbrk_r  0x000000000801042c       0x20 /opt/st/stm32cubeide_1.14.0/plugins/com.st.stm32cube.ide.mcu.externaltools.gnu-tools-for-stm32.11.3.rel1.linux64_1.1.100.202309141235/tools/bin/../lib/gcc/arm-none-eabi/11.3.1/../../../../arm-none-eabi/lib/thumb/v7e-m+fp/hard/libc_nano.a(libc_a-sbrkr.o)
                0x000000000801042c                _sbrk_r
 .text._write_r
                0x000000000801044c       0x24 /opt/st/stm32cubeide_1.14.0/plugins/com.st.stm32cube.ide.mcu.externaltools.gnu-tools-for-stm32.11.3.rel1.linux64_1.1.100.202309141235/tools/bin/../lib/gcc/arm-none-eabi/11.3.1/../../../../arm-none-eabi/lib/thumb/v7e-m+fp/hard/libc_nano.a(libc_a-writer.o)
                0x000000000801044c                _write_r
 .text.__errno  0x0000000008010470        0xc /opt/st/stm32cubeide_1.14.0/plugins/com.st.stm32cube.ide.mcu.externaltools.gnu-tools-for-stm32.11.3.rel1.linux64_1.1.100.202309141235/tools/bin/../lib/gcc/arm-none-eabi/11.3.1/../../../../arm-none-eabi/lib/thumb/v7e-m+fp/hard/libc_nano.a(libc_a-errno.o)
                0x0000000008010470                __errno
 .text.__libc_init_array
                0x000000000801047c       0x48 /opt/st/stm32cubeide_1.14.0/plugins/com.st.stm32cube.ide.mcu.externaltools.gnu-tools-for-stm32.11.3.rel1.linux64_1.1.100.202309141235/tools/bin/../lib/gcc/arm-none-eabi/11.3.1/../../../../arm-none-eabi/lib/thumb/v7e-m+fp/hard/libc_nano.a(libc_a-init.o)
                0x000000000801047c                __libc_init_array
 .text.__retarget_lock_init_recursive
                0x00000000080104c4        0x2 /opt/st/stm32cubeide_1.14.0/plugins/com.st.stm32cube.ide.mcu.externaltools.gnu-tools-for-stm32.11.3.rel1.linux64_1.1.100.202309141235/tools/bin/../lib/gcc/arm-none-eabi/11.3.1/../../../../arm-none-eabi/lib/thumb/v7e-m+fp/hard/libc_nano.a(libc_a-lock.o)
                0x00000000080104c4                __retarget_lock_init_recursive
 .text.__retarget_lock_acquire_recursive
                0x00000000080104c6        0x2 /opt/st/stm32cubeide_1.14.0/plugins/com.st.stm32cube.ide.mcu.externaltools.gnu-tools-for-stm32.11.3.rel1.linux64_1.1.100.202309141235/tools/bin/../lib/gcc/arm-none-eabi/11.3.1/../../../../arm-none-eabi/lib/thumb/v7e-m+fp/hard/libc_nano.a(libc_a-lock.o)
                0x00000000080104c6                __retarget_lock_acquire_recursive
 .text.__retarget_lock_release_recursive
                0x00000000080104c8        0x2 /opt/st/stm32cubeide_1.14.0/plugins/com.st.stm32cube.ide.mcu.externaltools.gnu-tools-for-stm32.11.3.rel1.linux64_1.1.100.202309141235/tools/bin/../lib/gcc/arm-none-eabi/11.3.1/../../../../arm-none-eabi/lib/thumb/v7e-m+fp/hard/libc_nano.a(libc_a-lock.o)
                0x00000000080104c8                __retarget_lock_release_recursive
 .text.memcpy   0x00000000080104ca       0x1c /opt/st/stm32cubeide_1.14.0/plugins/com.st.stm32cube.ide.mcu.externaltools.gnu-tools-for-stm32.11.3.rel1.linux64_1.1.100.202309141235/tools/bin/../lib/gcc/arm-none-eabi/11.3.1/../../../../arm-none-eabi/lib/thumb/v7e-m+fp/hard/libc_nano.a(libc_a-memcpy-stub.o)
                0x00000000080104ca                memcpy
 .text.quorem   0x00000000080104e6      0x110 /opt/st/stm32cubeide_1.14.0/plugins/com.st.stm32cube.ide.mcu.externaltools.gnu-tools-for-stm32.11.3.rel1.linux64_1.1.100.202309141235/tools/bin/../lib/gcc/arm-none-eabi/11.3.1/../../../../arm-none-eabi/lib/thumb/v7e-m+fp/hard/libc_nano.a(libc_a-dtoa.o)
 *fill*         0x00000000080105f6        0x2 
 .text._dtoa_r  0x00000000080105f8      0xbe4 /opt/st/stm32cubeide_1.14.0/plugins/com.st.stm32cube.ide.mcu.externaltools.gnu-tools-for-stm32.11.3.rel1.linux64_1.1.100.202309141235/tools/bin/../lib/gcc/arm-none-eabi/11.3.1/../../../../arm-none-eabi/lib/thumb/v7e-m+fp/hard/libc_nano.a(libc_a-dtoa.o)
                0x00000000080105f8                _dtoa_r
 .text._free_r  0x00000000080111dc       0x98 /opt/st/stm32cubeide_1.14.0/plugins/com.st.stm32cube.ide.mcu.externaltools.gnu-tools-for-stm32.11.3.rel1.linux64_1.1.100.202309141235/tools/bin/../lib/gcc/arm-none-eabi/11.3.1/../../../../arm-none-eabi/lib/thumb/v7e-m+fp/hard/libc_nano.a(libc_a-freer.o)
                0x00000000080111dc                _free_r
 .text._Balloc  0x0000000008011274       0x80 /opt/st/stm32cubeide_1.14.0/plugins/com.st.stm32cube.ide.mcu.externaltools.gnu-tools-for-stm32.11.3.rel1.linux64_1.1.100.202309141235/tools/bin/../lib/gcc/arm-none-eabi/11.3.1/../../../../arm-none-eabi/lib/thumb/v7e-m+fp/hard/libc_nano.a(libc_a-mprec.o)
                0x0000000008011274                _Balloc
 .text._Bfree   0x00000000080112f4       0x44 /opt/st/stm32cubeide_1.14.0/plugins/com.st.stm32cube.ide.mcu.externaltools.gnu-tools-for-stm32.11.3.rel1.linux64_1.1.100.202309141235/tools/bin/../lib/gcc/arm-none-eabi/11.3.1/../../../../arm-none-eabi/lib/thumb/v7e-m+fp/hard/libc_nano.a(libc_a-mprec.o)
                0x00000000080112f4                _Bfree
 .text.__multadd
                0x0000000008011338       0x8c /opt/st/stm32cubeide_1.14.0/plugins/com.st.stm32cube.ide.mcu.externaltools.gnu-tools-for-stm32.11.3.rel1.linux64_1.1.100.202309141235/tools/bin/../lib/gcc/arm-none-eabi/11.3.1/../../../../arm-none-eabi/lib/thumb/v7e-m+fp/hard/libc_nano.a(libc_a-mprec.o)
                0x0000000008011338                __multadd
 .text.__hi0bits
                0x00000000080113c4       0x40 /opt/st/stm32cubeide_1.14.0/plugins/com.st.stm32cube.ide.mcu.externaltools.gnu-tools-for-stm32.11.3.rel1.linux64_1.1.100.202309141235/tools/bin/../lib/gcc/arm-none-eabi/11.3.1/../../../../arm-none-eabi/lib/thumb/v7e-m+fp/hard/libc_nano.a(libc_a-mprec.o)
                0x00000000080113c4                __hi0bits
 .text.__lo0bits
                0x0000000008011404       0x5a /opt/st/stm32cubeide_1.14.0/plugins/com.st.stm32cube.ide.mcu.externaltools.gnu-tools-for-stm32.11.3.rel1.linux64_1.1.100.202309141235/tools/bin/../lib/gcc/arm-none-eabi/11.3.1/../../../../arm-none-eabi/lib/thumb/v7e-m+fp/hard/libc_nano.a(libc_a-mprec.o)
                0x0000000008011404                __lo0bits
 *fill*         0x000000000801145e        0x2 
 .text.__i2b    0x0000000008011460       0x2c /opt/st/stm32cubeide_1.14.0/plugins/com.st.stm32cube.ide.mcu.externaltools.gnu-tools-for-stm32.11.3.rel1.linux64_1.1.100.202309141235/tools/bin/../lib/gcc/arm-none-eabi/11.3.1/../../../../arm-none-eabi/lib/thumb/v7e-m+fp/hard/libc_nano.a(libc_a-mprec.o)
                0x0000000008011460                __i2b
 .text.__multiply
                0x000000000801148c      0x154 /opt/st/stm32cubeide_1.14.0/plugins/com.st.stm32cube.ide.mcu.externaltools.gnu-tools-for-stm32.11.3.rel1.linux64_1.1.100.202309141235/tools/bin/../lib/gcc/arm-none-eabi/11.3.1/../../../../arm-none-eabi/lib/thumb/v7e-m+fp/hard/libc_nano.a(libc_a-mprec.o)
                0x000000000801148c                __multiply
 .text.__pow5mult
                0x00000000080115e0       0xb4 /opt/st/stm32cubeide_1.14.0/plugins/com.st.stm32cube.ide.mcu.externaltools.gnu-tools-for-stm32.11.3.rel1.linux64_1.1.100.202309141235/tools/bin/../lib/gcc/arm-none-eabi/11.3.1/../../../../arm-none-eabi/lib/thumb/v7e-m+fp/hard/libc_nano.a(libc_a-mprec.o)
                0x00000000080115e0                __pow5mult
 .text.__lshift
                0x0000000008011694       0xd8 /opt/st/stm32cubeide_1.14.0/plugins/com.st.stm32cube.ide.mcu.externaltools.gnu-tools-for-stm32.11.3.rel1.linux64_1.1.100.202309141235/tools/bin/../lib/gcc/arm-none-eabi/11.3.1/../../../../arm-none-eabi/lib/thumb/v7e-m+fp/hard/libc_nano.a(libc_a-mprec.o)
                0x0000000008011694                __lshift
 .text.__mcmp   0x000000000801176c       0x38 /opt/st/stm32cubeide_1.14.0/plugins/com.st.stm32cube.ide.mcu.externaltools.gnu-tools-for-stm32.11.3.rel1.linux64_1.1.100.202309141235/tools/bin/../lib/gcc/arm-none-eabi/11.3.1/../../../../arm-none-eabi/lib/thumb/v7e-m+fp/hard/libc_nano.a(libc_a-mprec.o)
                0x000000000801176c                __mcmp
 .text.__mdiff  0x00000000080117a4      0x114 /opt/st/stm32cubeide_1.14.0/plugins/com.st.stm32cube.ide.mcu.externaltools.gnu-tools-for-stm32.11.3.rel1.linux64_1.1.100.202309141235/tools/bin/../lib/gcc/arm-none-eabi/11.3.1/../../../../arm-none-eabi/lib/thumb/v7e-m+fp/hard/libc_nano.a(libc_a-mprec.o)
                0x00000000080117a4                __mdiff
 .text.__d2b    0x00000000080118b8       0xb4 /opt/st/stm32cubeide_1.14.0/plugins/com.st.stm32cube.ide.mcu.externaltools.gnu-tools-for-stm32.11.3.rel1.linux64_1.1.100.202309141235/tools/bin/../lib/gcc/arm-none-eabi/11.3.1/../../../../arm-none-eabi/lib/thumb/v7e-m+fp/hard/libc_nano.a(libc_a-mprec.o)
                0x00000000080118b8                __d2b
 .text.__sfputc_r
                0x000000000801196c       0x2e /opt/st/stm32cubeide_1.14.0/plugins/com.st.stm32cube.ide.mcu.externaltools.gnu-tools-for-stm32.11.3.rel1.linux64_1.1.100.202309141235/tools/bin/../lib/gcc/arm-none-eabi/11.3.1/../../../../arm-none-eabi/lib/thumb/v7e-m+fp/hard/libc_nano.a(libc_a-nano-vfprintf.o)
 .text.__sfputs_r
                0x000000000801199a       0x24 /opt/st/stm32cubeide_1.14.0/plugins/com.st.stm32cube.ide.mcu.externaltools.gnu-tools-for-stm32.11.3.rel1.linux64_1.1.100.202309141235/tools/bin/../lib/gcc/arm-none-eabi/11.3.1/../../../../arm-none-eabi/lib/thumb/v7e-m+fp/hard/libc_nano.a(libc_a-nano-vfprintf.o)
                0x000000000801199a                __sfputs_r
 *fill*         0x00000000080119be        0x2 
 .text._vfprintf_r
                0x00000000080119c0      0x234 /opt/st/stm32cubeide_1.14.0/plugins/com.st.stm32cube.ide.mcu.externaltools.gnu-tools-for-stm32.11.3.rel1.linux64_1.1.100.202309141235/tools/bin/../lib/gcc/arm-none-eabi/11.3.1/../../../../arm-none-eabi/lib/thumb/v7e-m+fp/hard/libc_nano.a(libc_a-nano-vfprintf.o)
                0x00000000080119c0                _vfiprintf_r
                0x00000000080119c0                _vfprintf_r
 .text.__sflush_r
                0x0000000008011bf4      0x10c /opt/st/stm32cubeide_1.14.0/plugins/com.st.stm32cube.ide.mcu.externaltools.gnu-tools-for-stm32.11.3.rel1.linux64_1.1.100.202309141235/tools/bin/../lib/gcc/arm-none-eabi/11.3.1/../../../../arm-none-eabi/lib/thumb/v7e-m+fp/hard/libc_nano.a(libc_a-fflush.o)
                0x0000000008011bf4                __sflush_r
 .text._fflush_r