Archive member included to satisfy reference by file (symbol)

C:/Scuola/Universita_Ing_Aerospaziale/CubeSat/LAB STESINA/2024-2025/Code/STM32CubeIDE_1.16.0/STM32CubeIDE/plugins/com.st.stm32cube.ide.mcu.externaltools.gnu-tools-for-stm32.12.3.rel1.win32_1.0.200.202406191623/tools/bin/../lib/gcc/arm-none-eabi/12.3.1/../../../../arm-none-eabi/lib/thumb/v7e-m+fp/hard\libc_nano.a(libc_a-exit.o)
                              C:/Scuola/Universita_Ing_Aerospaziale/CubeSat/LAB STESINA/2024-2025/Code/STM32CubeIDE_1.16.0/STM32CubeIDE/plugins/com.st.stm32cube.ide.mcu.externaltools.gnu-tools-for-stm32.12.3.rel1.win32_1.0.200.202406191623/tools/bin/../lib/gcc/arm-none-eabi/12.3.1/../../../../arm-none-eabi/lib/thumb/v7e-m+fp/hard/crt0.o (exit)
C:/Scuola/Universita_Ing_Aerospaziale/CubeSat/LAB STESINA/2024-2025/Code/STM32CubeIDE_1.16.0/STM32CubeIDE/plugins/com.st.stm32cube.ide.mcu.externaltools.gnu-tools-for-stm32.12.3.rel1.win32_1.0.200.202406191623/tools/bin/../lib/gcc/arm-none-eabi/12.3.1/../../../../arm-none-eabi/lib/thumb/v7e-m+fp/hard\libc_nano.a(libc_a-malloc.o)
                              ./Core/Src/freertos.o (malloc)
C:/Scuola/Universita_Ing_Aerospaziale/CubeSat/LAB STESINA/2024-2025/Code/STM32CubeIDE_1.16.0/STM32CubeIDE/plugins/com.st.stm32cube.ide.mcu.externaltools.gnu-tools-for-stm32.12.3.rel1.win32_1.0.200.202406191623/tools/bin/../lib/gcc/arm-none-eabi/12.3.1/../../../../arm-none-eabi/lib/thumb/v7e-m+fp/hard\libc_nano.a(libc_a-mallocr.o)
                              C:/Scuola/Universita_Ing_Aerospaziale/CubeSat/LAB STESINA/2024-2025/Code/STM32CubeIDE_1.16.0/STM32CubeIDE/plugins/com.st.stm32cube.ide.mcu.externaltools.gnu-tools-for-stm32.12.3.rel1.win32_1.0.200.202406191623/tools/bin/../lib/gcc/arm-none-eabi/12.3.1/../../../../arm-none-eabi/lib/thumb/v7e-m+fp/hard\libc_nano.a(libc_a-malloc.o) (_malloc_r)
C:/Scuola/Universita_Ing_Aerospaziale/CubeSat/LAB STESINA/2024-2025/Code/STM32CubeIDE_1.16.0/STM32CubeIDE/plugins/com.st.stm32cube.ide.mcu.externaltools.gnu-tools-for-stm32.12.3.rel1.win32_1.0.200.202406191623/tools/bin/../lib/gcc/arm-none-eabi/12.3.1/../../../../arm-none-eabi/lib/thumb/v7e-m+fp/hard\libc_nano.a(libc_a-mlock.o)
                              C:/Scuola/Universita_Ing_Aerospaziale/CubeSat/LAB STESINA/2024-2025/Code/STM32CubeIDE_1.16.0/STM32CubeIDE/plugins/com.st.stm32cube.ide.mcu.externaltools.gnu-tools-for-stm32.12.3.rel1.win32_1.0.200.202406191623/tools/bin/../lib/gcc/arm-none-eabi/12.3.1/../../../../arm-none-eabi/lib/thumb/v7e-m+fp/hard\libc_nano.a(libc_a-mallocr.o) (__malloc_lock)
C:/Scuola/Universita_Ing_Aerospaziale/CubeSat/LAB STESINA/2024-2025/Code/STM32CubeIDE_1.16.0/STM32CubeIDE/plugins/com.st.stm32cube.ide.mcu.externaltools.gnu-tools-for-stm32.12.3.rel1.win32_1.0.200.202406191623/tools/bin/../lib/gcc/arm-none-eabi/12.3.1/../../../../arm-none-eabi/lib/thumb/v7e-m+fp/hard\libc_nano.a(libc_a-nano-vfprintf_float.o)
                              (_printf_float)
C:/Scuola/Universita_Ing_Aerospaziale/CubeSat/LAB STESINA/2024-2025/Code/STM32CubeIDE_1.16.0/STM32CubeIDE/plugins/com.st.stm32cube.ide.mcu.externaltools.gnu-tools-for-stm32.12.3.rel1.win32_1.0.200.202406191623/tools/bin/../lib/gcc/arm-none-eabi/12.3.1/../../../../arm-none-eabi/lib/thumb/v7e-m+fp/hard\libc_nano.a(libc_a-nano-vfprintf_i.o)
                              C:/Scuola/Universita_Ing_Aerospaziale/CubeSat/LAB STESINA/2024-2025/Code/STM32CubeIDE_1.16.0/STM32CubeIDE/plugins/com.st.stm32cube.ide.mcu.externaltools.gnu-tools-for-stm32.12.3.rel1.win32_1.0.200.202406191623/tools/bin/../lib/gcc/arm-none-eabi/12.3.1/../../../../arm-none-eabi/lib/thumb/v7e-m+fp/hard\libc_nano.a(libc_a-nano-vfprintf_float.o) (_printf_common)
C:/Scuola/Universita_Ing_Aerospaziale/CubeSat/LAB STESINA/2024-2025/Code/STM32CubeIDE_1.16.0/STM32CubeIDE/plugins/com.st.stm32cube.ide.mcu.externaltools.gnu-tools-for-stm32.12.3.rel1.win32_1.0.200.202406191623/tools/bin/../lib/gcc/arm-none-eabi/12.3.1/../../../../arm-none-eabi/lib/thumb/v7e-m+fp/hard\libc_nano.a(libc_a-findfp.o)
                              C:/Scuola/Universita_Ing_Aerospaziale/CubeSat/LAB STESINA/2024-2025/Code/STM32CubeIDE_1.16.0/STM32CubeIDE/plugins/com.st.stm32cube.ide.mcu.externaltools.gnu-tools-for-stm32.12.3.rel1.win32_1.0.200.202406191623/tools/bin/../lib/gcc/arm-none-eabi/12.3.1/../../../../arm-none-eabi/lib/thumb/v7e-m+fp/hard\libc_nano.a(libc_a-exit.o) (__stdio_exit_handler)
C:/Scuola/Universita_Ing_Aerospaziale/CubeSat/LAB STESINA/2024-2025/Code/STM32CubeIDE_1.16.0/STM32CubeIDE/plugins/com.st.stm32cube.ide.mcu.externaltools.gnu-tools-for-stm32.12.3.rel1.win32_1.0.200.202406191623/tools/bin/../lib/gcc/arm-none-eabi/12.3.1/../../../../arm-none-eabi/lib/thumb/v7e-m+fp/hard\libc_nano.a(libc_a-fwalk.o)
[...]
Memory Configuration

Name             Origin             Length             Attributes
RAM              0x20000000         0x00028000         xrw
RAM2             0x10000000         0x00008000         xrw
FLASH            0x08000000         0x00080000         xr
*default*        0x00000000         0xffffffff

Linker script and memory map

LOAD C:/Scuola/Universita_Ing_Aerospaziale/CubeSat/LAB STESINA/2024-2025/Code/STM32CubeIDE_1.16.0/STM32CubeIDE/plugins/com.st.stm32cube.ide.mcu.externaltools.gnu-tools-for-stm32.12.3.rel1.win32_1.0.200.202406191623/tools/bin/../lib/gcc/arm-none-eabi/12.3.1/thumb/v7e-m+fp/hard/crti.o
LOAD C:/Scuola/Universita_Ing_Aerospaziale/CubeSat/LAB STESINA/2024-2025/Code/STM32CubeIDE_1.16.0/STM32CubeIDE/plugins/com.st.stm32cube.ide.mcu.externaltools.gnu-tools-for-stm32.12.3.rel1.win32_1.0.200.202406191623/tools/bin/../lib/gcc/arm-none-eabi/12.3.1/thumb/v7e-m+fp/hard/crtbegin.o
LOAD C:/Scuola/Universita_Ing_Aerospaziale/CubeSat/LAB STESINA/2024-2025/Code/STM32CubeIDE_1.16.0/STM32CubeIDE/plugins/com.st.stm32cube.ide.mcu.externaltools.gnu-tools-for-stm32.12.3.rel1.win32_1.0.200.202406191623/tools/bin/../lib/gcc/arm-none-eabi/12.3.1/../../../../arm-none-eabi/lib/thumb/v7e-m+fp/hard/crt0.o
LOAD ./Core/Src/MTi1.o
LOAD ./Core/Src/UARTdriver.o
LOAD ./Core/Src/actuator_driver.o
LOAD ./Core/Src/adc.o
LOAD ./Core/Src/bufferUtils.o
LOAD ./Core/Src/can.o
LOAD ./Core/Src/frameUtils.o
LOAD ./Core/Src/freertos.o
LOAD ./Core/Src/gpio.o
LOAD ./Core/Src/main.o
LOAD ./Core/Src/pid_conversions.o
LOAD ./Core/Src/queue_structs.o
LOAD ./Core/Src/sensors.o
LOAD ./Core/Src/simpleDataLink.o
LOAD ./Core/Src/spi.o
LOAD ./Core/Src/stm32l4xx_hal_msp.o
LOAD ./Core/Src/stm32l4xx_hal_timebase_tim.o
LOAD ./Core/Src/stm32l4xx_it.o
LOAD ./Core/Src/syscalls.o
LOAD ./Core/Src/sysmem.o
LOAD ./Core/Src/system_stm32l4xx.o
LOAD ./Core/Src/tim.o
LOAD ./Core/Src/usart.o
LOAD ./Core/Startup/startup_stm32l452retx.o
LOAD ./Drivers/STM32L4xx_HAL_Driver/Src/stm32l4xx_hal.o
LOAD ./Drivers/STM32L4xx_HAL_Driver/Src/stm32l4xx_hal_adc.o
LOAD ./Drivers/STM32L4xx_HAL_Driver/Src/stm32l4xx_hal_adc_ex.o
LOAD ./Drivers/STM32L4xx_HAL_Driver/Src/stm32l4xx_hal_can.o
LOAD ./Drivers/STM32L4xx_HAL_Driver/Src/stm32l4xx_hal_cortex.o
LOAD ./Drivers/STM32L4xx_HAL_Driver/Src/stm32l4xx_hal_dma.o
LOAD ./Drivers/STM32L4xx_HAL_Driver/Src/stm32l4xx_hal_dma_ex.o
LOAD ./Drivers/STM32L4xx_HAL_Driver/Src/stm32l4xx_hal_exti.o
LOAD ./Drivers/STM32L4xx_HAL_Driver/Src/stm32l4xx_hal_flash.o
LOAD ./Drivers/STM32L4xx_HAL_Driver/Src/stm32l4xx_hal_flash_ex.o
LOAD ./Drivers/STM32L4xx_HAL_Driver/Src/stm32l4xx_hal_flash_ramfunc.o
LOAD ./Drivers/STM32L4xx_HAL_Driver/Src/stm32l4xx_hal_gpio.o
LOAD ./Drivers/STM32L4xx_HAL_Driver/Src/stm32l4xx_hal_i2c.o
LOAD ./Drivers/STM32L4xx_HAL_Driver/Src/stm32l4xx_hal_i2c_ex.o
LOAD ./Drivers/STM32L4xx_HAL_Driver/Src/stm32l4xx_hal_pwr.o
LOAD ./Drivers/STM32L4xx_HAL_Driver/Src/stm32l4xx_hal_pwr_ex.o
LOAD ./Drivers/STM32L4xx_HAL_Driver/Src/stm32l4xx_hal_rcc.o
LOAD ./Drivers/STM32L4xx_HAL_Driver/Src/stm32l4xx_hal_rcc_ex.o
LOAD ./Drivers/STM32L4xx_HAL_Driver/Src/stm32l4xx_hal_spi.o
LOAD ./Drivers/STM32L4xx_HAL_Driver/Src/stm32l4xx_hal_spi_ex.o
LOAD ./Drivers/STM32L4xx_HAL_Driver/Src/stm32l4xx_hal_tim.o
LOAD ./Drivers/STM32L4xx_HAL_Driver/Src/stm32l4xx_hal_tim_ex.o
LOAD ./Drivers/STM32L4xx_HAL_Driver/Src/stm32l4xx_hal_uart.o
LOAD ./Drivers/STM32L4xx_HAL_Driver/Src/stm32l4xx_hal_uart_ex.o
LOAD ./Middlewares/Third_Party/FreeRTOS/Source/CMSIS_RTOS/cmsis_os.o
LOAD ./Middlewares/Third_Party/FreeRTOS/Source/croutine.o
LOAD ./Middlewares/Third_Party/FreeRTOS/Source/event_groups.o
LOAD ./Middlewares/Third_Party/FreeRTOS/Source/list.o
LOAD ./Middlewares/Third_Party/FreeRTOS/Source/queue.o
LOAD ./Middlewares/Third_Party/FreeRTOS/Source/stream_buffer.o
LOAD ./Middlewares/Third_Party/FreeRTOS/Source/tasks.o
LOAD ./Middlewares/Third_Party/FreeRTOS/Source/timers.o
LOAD ./Middlewares/Third_Party/FreeRTOS/Source/portable/GCC/ARM_CM4F/port.o
START GROUP
LOAD C:/Scuola/Universita_Ing_Aerospaziale/CubeSat/LAB STESINA/2024-2025/Code/STM32CubeIDE_1.16.0/STM32CubeIDE/plugins/com.st.stm32cube.ide.mcu.externaltools.gnu-tools-for-stm32.12.3.rel1.win32_1.0.200.202406191623/tools/bin/../lib/gcc/arm-none-eabi/12.3.1/../../../../arm-none-eabi/lib/thumb/v7e-m+fp/hard\libc_nano.a
LOAD C:/Scuola/Universita_Ing_Aerospaziale/CubeSat/LAB STESINA/2024-2025/Code/STM32CubeIDE_1.16.0/STM32CubeIDE/plugins/com.st.stm32cube.ide.mcu.externaltools.gnu-tools-for-stm32.12.3.rel1.win32_1.0.200.202406191623/tools/bin/../lib/gcc/arm-none-eabi/12.3.1/../../../../arm-none-eabi/lib/thumb/v7e-m+fp/hard\libm.a
END GROUP
START GROUP
LOAD C:/Scuola/Universita_Ing_Aerospaziale/CubeSat/LAB STESINA/2024-2025/Code/STM32CubeIDE_1.16.0/STM32CubeIDE/plugins/com.st.stm32cube.ide.mcu.externaltools.gnu-tools-for-stm32.12.3.rel1.win32_1.0.200.202406191623/tools/bin/../lib/gcc/arm-none-eabi/12.3.1/thumb/v7e-m+fp/hard\libgcc.a
LOAD C:/Scuola/Universita_Ing_Aerospaziale/CubeSat/LAB STESINA/2024-2025/Code/STM32CubeIDE_1.16.0/STM32CubeIDE/plugins/com.st.stm32cube.ide.mcu.externaltools.gnu-tools-for-stm32.12.3.rel1.win32_1.0.200.202406191623/tools/bin/../lib/gcc/arm-none-eabi/12.3.1/../../../../arm-none-eabi/lib/thumb/v7e-m+fp/hard\libc_nano.a
END GROUP
START GROUP
LOAD C:/Scuola/Universita_Ing_Aerospaziale/CubeSat/LAB STESINA/2024-2025/Code/STM32CubeIDE_1.16.0/STM32CubeIDE/plugins/com.st.stm32cube.ide.mcu.externaltools.gnu-tools-for-stm32.12.3.rel1.win32_1.0.200.202406191623/tools/bin/../lib/gcc/arm-none-eabi/12.3.1/thumb/v7e-m+fp/hard\libgcc.a
LOAD C:/Scuola/Universita_Ing_Aerospaziale/CubeSat/LAB STESINA/2024-2025/Code/STM32CubeIDE_1.16.0/STM32CubeIDE/plugins/com.st.stm32cube.ide.mcu.externaltools.gnu-tools-for-stm32.12.3.rel1.win32_1.0.200.202406191623/tools/bin/../lib/gcc/arm-none-eabi/12.3.1/../../../../arm-none-eabi/lib/thumb/v7e-m+fp/hard\libc_nano.a
LOAD C:/Scuola/Universita_Ing_Aerospaziale/CubeSat/LAB STESINA/2024-2025/Code/STM32CubeIDE_1.16.0/STM32CubeIDE/plugins/com.st.stm32cube.ide.mcu.externaltools.gnu-tools-for-stm32.12.3.rel1.win32_1.0.200.202406191623/tools/bin/../lib/gcc/arm-none-eabi/12.3.1/../../../../arm-none-eabi/lib/thumb/v7e-m+fp/hard\libnosys.a
END GROUP
START GROUP
LOAD C:/Scuola/Universita_Ing_Aerospaziale/CubeSat/LAB STESINA/2024-2025/Code/STM32CubeIDE_1.16.0/STM32CubeIDE/plugins/com.st.stm32cube.ide.mcu.externaltools.gnu-tools-for-stm32.12.3.rel1.win32_1.0.200.202406191623/tools/bin/../lib/gcc/arm-none-eabi/12.3.1/thumb/v7e-m+fp/hard\libgcc.a
LOAD C:/Scuola/Universita_Ing_Aerospaziale/CubeSat/LAB STESINA/2024-2025/Code/STM32CubeIDE_1.16.0/STM32CubeIDE/plugins/com.st.stm32cube.ide.mcu.externaltools.gnu-tools-for-stm32.12.3.rel1.win32_1.0.200.202406191623/tools/bin/../lib/gcc/arm-none-eabi/12.3.1/../../../../arm-none-eabi/lib/thumb/v7e-m+fp/hard\libc_nano.a
LOAD C:/Scuola/Universita_Ing_Aerospaziale/CubeSat/LAB STESINA/2024-2025/Code/STM32CubeIDE_1.16.0/STM32CubeIDE/plugins/com.st.stm32cube.ide.mcu.externaltools.gnu-tools-for-stm32.12.3.rel1.win32_1.0.200.202406191623/tools/bin/../lib/gcc/arm-none-eabi/12.3.1/../../../../arm-none-eabi/lib/thumb/v7e-m+fp/hard\libnosys.a
END GROUP
LOAD C:/Scuola/Universita_Ing_Aerospaziale/CubeSat/LAB STESINA/2024-2025/Code/STM32CubeIDE_1.16.0/STM32CubeIDE/plugins/com.st.stm32cube.ide.mcu.externaltools.gnu-tools-for-stm32.12.3.rel1.win32_1.0.200.202406191623/tools/bin/../lib/gcc/arm-none-eabi/12.3.1/thumb/v7e-m+fp/hard/crtend.o
LOAD C:/Scuola/Universita_Ing_Aerospaziale/CubeSat/LAB STESINA/2024-2025/Code/STM32CubeIDE_1.16.0/STM32CubeIDE/plugins/com.st.stm32cube.ide.mcu.externaltools.gnu-tools-for-stm32.12.3.rel1.win32_1.0.200.202406191623/tools/bin/../lib/gcc/arm-none-eabi/12.3.1/thumb/v7e-m+fp/hard/crtn.o
                0x20028000                        _estack = (ORIGIN (RAM) + LENGTH (RAM))
                0x00000200                        _Min_Heap_Size = 0x200
                0x00000400                        _Min_Stack_Size = 0x400

.isr_vector     0x08000000      0x194
                0x08000000                        . = ALIGN (0x4)
 *(.isr_vector)
 .isr_vector    0x08000000      0x194 ./Core/Startup/startup_stm32l452retx.o
                0x08000000                g_pfnVectors
                0x08000194                        . = ALIGN (0x4)

.text           0x080001a0    0x1228c
                0x080001a0                        . = ALIGN (0x4)
 *(.text)
 .text          0x080001a0       0x40 C:/Scuola/Universita_Ing_Aerospaziale/CubeSat/LAB STESINA/2024-2025/Code/STM32CubeIDE_1.16.0/STM32CubeIDE/plugins/com.st.stm32cube.ide.mcu.externaltools.gnu-tools-for-stm32.12.3.rel1.win32_1.0.200.202406191623/tools/bin/../lib/gcc/arm-none-eabi/12.3.1/thumb/v7e-m+fp/hard/crtbegin.o
 .text          0x080001e0       0xa0 C:/Scuola/Universita_Ing_Aerospaziale/CubeSat/LAB STESINA/2024-2025/Code/STM32CubeIDE_1.16.0/STM32CubeIDE/plugins/com.st.stm32cube.ide.mcu.externaltools.gnu-tools-for-stm32.12.3.rel1.win32_1.0.200.202406191623/tools/bin/../lib/gcc/arm-none-eabi/12.3.1/../../../../arm-none-eabi/lib/thumb/v7e-m+fp/hard\libc_nano.a(libc_a-memchr.o)
                0x080001e0                memchr
 .text          0x08000280       0x10 C:/Scuola/Universita_Ing_Aerospaziale/CubeSat/LAB STESINA/2024-2025/Code/STM32CubeIDE_1.16.0/STM32CubeIDE/plugins/com.st.stm32cube.ide.mcu.externaltools.gnu-tools-for-stm32.12.3.rel1.win32_1.0.200.202406191623/tools/bin/../lib/gcc/arm-none-eabi/12.3.1/../../../../arm-none-eabi/lib/thumb/v7e-m+fp/hard\libc_nano.a(libc_a-strlen.o)
                0x08000280                strlen
 .text          0x08000290      0x378 C:/Scuola/Universita_Ing_Aerospaziale/CubeSat/LAB STESINA/2024-2025/Code/STM32CubeIDE_1.16.0/STM32CubeIDE/plugins/com.st.stm32cube.ide.mcu.externaltools.gnu-tools-for-stm32.12.3.rel1.win32_1.0.200.202406191623/tools/bin/../lib/gcc/arm-none-eabi/12.3.1/thumb/v7e-m+fp/hard\libgcc.a(_arm_addsubdf3.o)
                0x08000290                __aeabi_drsub
                0x08000298                __aeabi_dsub
                0x08000298                __subdf3
                0x0800029c                __aeabi_dadd
                0x0800029c                __adddf3
                0x08000514                __floatunsidf
                0x08000514                __aeabi_ui2d
                0x08000534                __floatsidf
                0x08000534                __aeabi_i2d
                0x08000558                __aeabi_f2d
                0x08000558                __extendsfdf2
                0x0800059c                __floatundidf
                0x0800059c                __aeabi_ul2d
                0x080005ac                __floatdidf
                0x080005ac                __aeabi_l2d
 .text          0x08000608      0x424 C:/Scuola/Universita_Ing_Aerospaziale/CubeSat/LAB STESINA/2024-2025/Code/STM32CubeIDE_1.16.0/STM32CubeIDE/plugins/com.st.stm32cube.ide.mcu.externaltools.gnu-tools-for-stm32.12.3.rel1.win32_1.0.200.202406191623/tools/bin/../lib/gcc/arm-none-eabi/12.3.1/thumb/v7e-m+fp/hard\libgcc.a(_arm_muldivdf3.o)
                0x08000608                __aeabi_dmul
                0x08000608                __muldf3
                0x0800085c                __divdf3
                0x0800085c                __aeabi_ddiv
 .text          0x08000a2c      0x110 C:/Scuola/Universita_Ing_Aerospaziale/CubeSat/LAB STESINA/2024-2025/Code/STM32CubeIDE_1.16.0/STM32CubeIDE/plugins/com.st.stm32cube.ide.mcu.externaltools.gnu-tools-for-stm32.12.3.rel1.win32_1.0.200.202406191623/tools/bin/../lib/gcc/arm-none-eabi/12.3.1/thumb/v7e-m+fp/hard\libgcc.a(_arm_cmpdf2.o)
                0x08000a2c                __gtdf2
                0x08000a2c                __gedf2
                0x08000a34                __ltdf2
                0x08000a34                __ledf2
                0x08000a3c                __nedf2
                0x08000a3c                __eqdf2
                0x08000a3c                __cmpdf2
                0x08000ab8                __aeabi_cdrcmple
                0x08000ac8                __aeabi_cdcmpeq
                0x08000ac8                __aeabi_cdcmple
                0x08000ad8                __aeabi_dcmpeq
                0x08000aec                __aeabi_dcmplt
                0x08000b00                __aeabi_dcmple
                0x08000b14                __aeabi_dcmpge
                0x08000b28                __aeabi_dcmpgt
 .text          0x08000b3c       0x2c C:/Scuola/Universita_Ing_Aerospaziale/CubeSat/LAB STESINA/2024-2025/Code/STM32CubeIDE_1.16.0/STM32CubeIDE/plugins/com.st.stm32cube.ide.mcu.externaltools.gnu-tools-for-stm32.12.3.rel1.win32_1.0.200.202406191623/tools/bin/../lib/gcc/arm-none-eabi/12.3.1/thumb/v7e-m+fp/hard\libgcc.a(_arm_unorddf2.o)
                0x08000b3c                __unorddf2
                0x08000b3c                __aeabi_dcmpun
 .text          0x08000b68       0x50 C:/Scuola/Universita_Ing_Aerospaziale/CubeSat/LAB STESINA/2024-2025/Code/STM32CubeIDE_1.16.0/STM32CubeIDE/plugins/com.st.stm32cube.ide.mcu.externaltools.gnu-tools-for-stm32.12.3.rel1.win32_1.0.200.202406191623/tools/bin/../lib/gcc/arm-none-eabi/12.3.1/thumb/v7e-m+fp/hard\libgcc.a(_arm_fixdfsi.o)
                0x08000b68                __aeabi_d2iz
                0x08000b68                __fixdfsi
 .text          0x08000bb8       0xa0 C:/Scuola/Universita_Ing_Aerospaziale/CubeSat/LAB STESINA/2024-2025/Code/STM32CubeIDE_1.16.0/STM32CubeIDE/plugins/com.st.stm32cube.ide.mcu.externaltools.gnu-tools-for-stm32.12.3.rel1.win32_1.0.200.202406191623/tools/bin/../lib/gcc/arm-none-eabi/12.3.1/thumb/v7e-m+fp/hard\libgcc.a(_arm_truncdfsf2.o)
                0x08000bb8                __truncdfsf2
                0x08000bb8                __aeabi_d2f
 .text          0x08000c58       0x30 C:/Scuola/Universita_Ing_Aerospaziale/CubeSat/LAB STESINA/2024-2025/Code/STM32CubeIDE_1.16.0/STM32CubeIDE/plugins/com.st.stm32cube.ide.mcu.externaltools.gnu-tools-for-stm32.12.3.rel1.win32_1.0.200.202406191623/tools/bin/../lib/gcc/arm-none-eabi/12.3.1/thumb/v7e-m+fp/hard\libgcc.a(_aeabi_uldivmod.o)
                0x08000c58                __aeabi_uldivmod
 .text          0x08000c88      0x2bc C:/Scuola/Universita_Ing_Aerospaziale/CubeSat/LAB STESINA/2024-2025/Code/STM32CubeIDE_1.16.0/STM32CubeIDE/plugins/com.st.stm32cube.ide.mcu.externaltools.gnu-tools-for-stm32.12.3.rel1.win32_1.0.200.202406191623/tools/bin/../lib/gcc/arm-none-eabi/12.3.1/thumb/v7e-m+fp/hard\libgcc.a(_udivmoddi4.o)
                0x08000c88                __udivmoddi4
 .text          0x08000f44        0x4 C:/Scuola/Universita_Ing_Aerospaziale/CubeSat/LAB STESINA/2024-2025/Code/STM32CubeIDE_1.16.0/STM32CubeIDE/plugins/com.st.stm32cube.ide.mcu.externaltools.gnu-tools-for-stm32.12.3.rel1.win32_1.0.200.202406191623/tools/bin/../lib/gcc/arm-none-eabi/12.3.1/thumb/v7e-m+fp/hard\libgcc.a(_dvmd_tls.o)
                0x08000f44                __aeabi_idiv0
                0x08000f44                __aeabi_ldiv0
 *(.text*)
 .text.computeChecksum
                0x08000f48       0x5c ./Core/Src/MTi1.o
 .text.sendMsg  0x08000fa4       0x80 ./Core/Src/MTi1.o
 .text.receiveMsg
                0x08001024      0x1c0 ./Core/Src/MTi1.o
 .text.imuAckTransaction
                0x080011e4       0x54 ./Core/Src/MTi1.o
 .text.initIMUConfig
                0x08001238      0x110 ./Core/Src/MTi1.o
                0x08001238                initIMUConfig
 .text.writeIMUDataArray
                0x08001348       0x70 ./Core/Src/MTi1.o
                0x08001348                writeIMUDataArray
 .text.readIMUPacket
                0x080013b8       0x7c ./Core/Src/MTi1.o
                0x080013b8                readIMUPacket
 .text.__NVIC_EnableIRQ
                0x08001434       0x3c ./Core/Src/UARTdriver.o
 .text.__NVIC_GetEnableIRQ
                0x08001470       0x40 ./Core/Src/UARTdriver.o
 .text.__NVIC_DisableIRQ
                0x080014b0       0x48 ./Core/Src/UARTdriver.o
 .text.initDriver_UART
                0x080014f8       0x3c ./Core/Src/UARTdriver.o
                0x080014f8                initDriver_UART
 .text.addDriver_UART
                0x08001534      0x17c ./Core/Src/UARTdriver.o
                0x08001534                addDriver_UART
 .text.receiveDriver_UART
                0x080016b0       0xa4 ./Core/Src/UARTdriver.o
                0x080016b0                receiveDriver_UART
 .text.sendDriver_UART
                0x08001754      0x164 ./Core/Src/UARTdriver.o
                0x08001754                sendDriver_UART
 .text.flushRXDriver_UART
                0x080018b8       0x70 ./Core/Src/UARTdriver.o
                0x080018b8                flushRXDriver_UART
 .text.HAL_UART_ErrorCallback
                0x08001928       0x70 ./Core/Src/UARTdriver.o
                0x08001928                HAL_UART_ErrorCallback
 .text.HAL_UART_RxCpltCallback
                0x08001998       0xf4 ./Core/Src/UARTdriver.o
                0x08001998                HAL_UART_RxCpltCallback
 .text.HAL_UART_TxCpltCallback
                0x08001a8c       0xb4 ./Core/Src/UARTdriver.o
                0x08001a8c                HAL_UART_TxCpltCallback
 .text.init_actuator_handler
                0x08001b40      0x2c8 ./Core/Src/actuator_driver.o
                0x08001b40                init_actuator_handler
 .text.get_actuator_current
                0x08001e08      0x300 ./Core/Src/actuator_driver.o
                0x08001e08                get_actuator_current
 .text.ADC_Select_CH1
                0x08002108       0x50 ./Core/Src/actuator_driver.o
                0x08002108                ADC_Select_CH1
 .text.ADC_Select_CH2
                0x08002158       0x50 ./Core/Src/actuator_driver.o
                0x08002158                ADC_Select_CH2
 .text.ADC_Select_CH3
                0x080021a8       0x50 ./Core/Src/actuator_driver.o
                0x080021a8                ADC_Select_CH3
 .text.ADC_Select_CH4
                0x080021f8       0x50 ./Core/Src/actuator_driver.o
                0x080021f8                ADC_Select_CH4
 .text.ADC_Select_CH16
                0x08002248       0x50 ./Core/Src/actuator_driver.o
                0x08002248                ADC_Select_CH16
 .text.MX_ADC1_Init
                0x08002298       0xb0 ./Core/Src/adc.o
                0x08002298                MX_ADC1_Init
 .text.HAL_ADC_MspInit
                0x08002348      0x108 ./Core/Src/adc.o
                0x08002348                HAL_ADC_MspInit
 .text.cBuffInit
                0x08002450       0x40 ./Core/Src/bufferUtils.o
                0x08002450                cBuffInit
 .text.cBuffGetVirtIndex
                0x08002490       0x5c ./Core/Src/bufferUtils.o
                0x08002490                cBuffGetVirtIndex
 .text.cBuffGetMemIndex
                0x080024ec       0x62 ./Core/Src/bufferUtils.o
                0x080024ec                cBuffGetMemIndex
 .text.cBuffPush
                0x0800254e       0xf8 ./Core/Src/bufferUtils.o
                0x0800254e                cBuffPush
 .text.cBuffPushToFill
                0x08002646       0x5a ./Core/Src/bufferUtils.o
                0x08002646                cBuffPushToFill
 .text.cBuffPull
                0x080026a0       0x62 ./Core/Src/bufferUtils.o
                0x080026a0                cBuffPull
 .text.cBuffRead
                0x08002702       0xc2 ./Core/Src/bufferUtils.o
                0x08002702                cBuffRead
 .text.cBuffCut
                0x080027c4      0x1c4 ./Core/Src/bufferUtils.o
                0x080027c4                cBuffCut
 .text.cBuffPushRead
                0x08002988       0xa6 ./Core/Src/bufferUtils.o
                0x08002988                cBuffPushRead
 .text.cBuffPushPull
                0x08002a2e       0x76 ./Core/Src/bufferUtils.o
                0x08002a2e                cBuffPushPull
 .text.cBuffReadByte
                0x08002aa4       0x70 ./Core/Src/bufferUtils.o
                0x08002aa4                cBuffReadByte
 .text.cBuffFlush
                0x08002b14       0x22 ./Core/Src/bufferUtils.o
                0x08002b14                cBuffFlush
 .text.cBuffFull
                0x08002b36       0x30 ./Core/Src/bufferUtils.o
                0x08002b36                cBuffFull
 .text.cBuffToCirc
                0x08002b66       0x44 ./Core/Src/bufferUtils.o
                0x08002b66                cBuffToCirc
 *fill*         0x08002baa        0x2 
 .text.MX_CAN1_Init
                0x08002bac       0x6c ./Core/Src/can.o
                0x08002bac                MX_CAN1_Init
 .text.HAL_CAN_MspInit
                0x08002c18       0xa8 ./Core/Src/can.o
                0x08002c18                HAL_CAN_MspInit
 .text.checkByteIsPartOfPattern
                0x08002cc0      0x162 ./Core/Src/frameUtils.o
 .text.searchFrame
                0x08002e22      0x314 ./Core/Src/frameUtils.o
                0x08002e22                searchFrame
 .text.searchFrameAdvance
                0x08003136      0x11c ./Core/Src/frameUtils.o
                0x08003136                searchFrameAdvance
 *fill*         0x08003252        0x2 
 .text.txFunc1  0x08003254       0x30 ./Core/Src/freertos.o
                0x08003254                txFunc1
 .text.rxFunc1  0x08003284       0x2c ./Core/Src/freertos.o
                0x08003284                rxFunc1
 .text.sdlTimeTick
                0x080032b0        0xe ./Core/Src/freertos.o
                0x080032b0                sdlTimeTick
 *fill*         0x080032be        0x2 
 .text.__io_putchar
                0x080032c0       0x2c ./Core/Src/freertos.o
                0x080032c0                __io_putchar
 .text.vApplicationGetIdleTaskMemory
                0x080032ec       0x34 ./Core/Src/freertos.o
                0x080032ec                vApplicationGetIdleTaskMemory
 .text.vApplicationGetTimerTaskMemory
                0x08003320       0x34 ./Core/Src/freertos.o
                0x08003320                vApplicationGetTimerTaskMemory
 .text.MX_FREERTOS_Init
                0x08003354      0x290 ./Core/Src/freertos.o
                0x08003354                MX_FREERTOS_Init
 .text.StartDefaultTask
                0x080035e4       0x10 ./Core/Src/freertos.o
                0x080035e4                StartDefaultTask
 .text.Check_current_temp
                0x080035f4      0x120 ./Core/Src/freertos.o
                0x080035f4                Check_current_temp
 .text.OBC_Comm_Task
                0x08003714      0x2b8 ./Core/Src/freertos.o
                0x08003714                OBC_Comm_Task
 .text.Control_Algorithm_Task
                0x080039cc      0x128 ./Core/Src/freertos.o
                0x080039cc                Control_Algorithm_Task
 .text.IMU_Task
                0x08003af4      0x1bc ./Core/Src/freertos.o
                0x08003af4                IMU_Task
 .text.MX_GPIO_Init
                0x08003cb0      0x134 ./Core/Src/gpio.o
                0x08003cb0                MX_GPIO_Init
 .text.main     0x08003de4       0x44 ./Core/Src/main.o
                0x08003de4                main
 .text.SystemClock_Config
                0x08003e28       0xa2 ./Core/Src/main.o
                0x08003e28                SystemClock_Config
 *fill*         0x08003eca        0x2 
 .text.HAL_TIM_PeriodElapsedCallback
                0x08003ecc       0x24 ./Core/Src/main.o
                0x08003ecc                HAL_TIM_PeriodElapsedCallback
 .text.Error_Handler
                0x08003ef0        0xc ./Core/Src/main.o
                0x08003ef0                Error_Handler
 .text.PID_INIT
                0x08003efc       0x94 ./Core/Src/pid_conversions.o
                0x08003efc                PID_INIT
 .text.processCombinedData
                0x08003f90       0x1c ./Core/Src/queue_structs.o
                0x08003f90                processCombinedData
 .text.receive_IMUqueue_control
                0x08003fac       0x80 ./Core/Src/queue_structs.o
                0x08003fac                receive_IMUqueue_control
 .text.receive_IMUqueue_OBC
                0x0800402c       0x78 ./Core/Src/queue_structs.o
                0x0800402c                receive_IMUqueue_OBC
 .text.receive_Current_Tempqueue_OBC
                0x080040a4       0x98 ./Core/Src/queue_structs.o
                0x080040a4                receive_Current_Tempqueue_OBC
 .text.receive_Attitudequeue_control
                0x0800413c       0x1a ./Core/Src/queue_structs.o
                0x0800413c                receive_Attitudequeue_control
 *fill*         0x08004156        0x2 
 .text.init_tempsens_handler
                0x08004158       0xb0 ./Core/Src/sensors.o
                0x08004158                init_tempsens_handler
 .text.select_input
                0x08004208      0x170 ./Core/Src/sensors.o
                0x08004208                select_input
 .text.ADC_Conversion
                0x08004378      0x1a8 ./Core/Src/sensors.o
                0x08004378                ADC_Conversion
 .text.voltage_to_temperature_conv
                0x08004520       0xf0 ./Core/Src/sensors.o
                0x08004520                voltage_to_temperature_conv
 .text.get_temperatures
                0x08004610      0x188 ./Core/Src/sensors.o
                0x08004610                get_temperatures
 .text.num16ToNet
                0x08004798       0x2e ./Core/Src/simpleDataLink.o
                0x08004798                num16ToNet
 .text.netToNum16
                0x080047c6       0x2a ./Core/Src/simpleDataLink.o
                0x080047c6                netToNum16
 .text.doByteStuffing
                0x080047f0       0xb0 ./Core/Src/simpleDataLink.o
                0x080047f0                doByteStuffing
 .text.undoByteStuffing
                0x080048a0       0xbc ./Core/Src/simpleDataLink.o
                0x080048a0                undoByteStuffing
 .text.computeCRCwithLUT
                0x0800495c       0x84 ./Core/Src/simpleDataLink.o
                0x0800495c                computeCRCwithLUT
 .text.addCRC   0x080049e0       0x5c ./Core/Src/simpleDataLink.o
                0x080049e0                addCRC
 .text.removeVerifyCRC
                0x08004a3c       0x54 ./Core/Src/simpleDataLink.o
                0x08004a3c                removeVerifyCRC
 .text.computeHash
                0x08004a90       0x2c ./Core/Src/simpleDataLink.o
                0x08004a90                computeHash
 .text.frame    0x08004abc       0x78 ./Core/Src/simpleDataLink.o
                0x08004abc                frame
 .text.deframe  0x08004b34       0x8c ./Core/Src/simpleDataLink.o
                0x08004b34                deframe
 .text.sendFrame
                0x08004bc0      0x100 ./Core/Src/simpleDataLink.o
                0x08004bc0                sendFrame
 .text.receiveFrame
                0x08004cc0      0x1e4 ./Core/Src/simpleDataLink.o
                0x08004cc0                receiveFrame
 .text.receiveFrameAndAck
                0x08004ea4       0xe8 ./Core/Src/simpleDataLink.o
                0x08004ea4                receiveFrameAndAck
 .text.receiveAck
                0x08004f8c       0x68 ./Core/Src/simpleDataLink.o
                0x08004f8c                receiveAck
 .text.receiveInQueueAndAck
                0x08004ff4       0x76 ./Core/Src/simpleDataLink.o
                0x08004ff4                receiveInQueueAndAck
 .text.readFromQueue
                0x0800506a       0x7e ./Core/Src/simpleDataLink.o
                0x0800506a                readFromQueue
 .text.sdlInitLine
                0x080050e8       0xb0 ./Core/Src/simpleDataLink.o
                0x080050e8                sdlInitLine
 .text.sdlSend  0x08005198       0xca ./Core/Src/simpleDataLink.o
                0x08005198                sdlSend
 .text.sdlReceive
                0x08005262       0x7a ./Core/Src/simpleDataLink.o
                0x08005262                sdlReceive
 .text.MX_SPI2_Init
                0x080052dc       0x7c ./Core/Src/spi.o
                0x080052dc                MX_SPI2_Init
 .text.HAL_SPI_MspInit
                0x08005358       0x88 ./Core/Src/spi.o
                0x08005358                HAL_SPI_MspInit
 .text.HAL_MspInit
                0x080053e0       0x50 ./Core/Src/stm32l4xx_hal_msp.o
                0x080053e0                HAL_MspInit
 .text.HAL_InitTick
                0x08005430       0xf4 ./Core/Src/stm32l4xx_hal_timebase_tim.o
                0x08005430                HAL_InitTick
 .text.NMI_Handler
                0x08005524        0x8 ./Core/Src/stm32l4xx_it.o
                0x08005524                NMI_Handler
 .text.HardFault_Handler
                0x0800552c        0x8 ./Core/Src/stm32l4xx_it.o
                0x0800552c                HardFault_Handler
 .text.MemManage_Handler
                0x08005534        0x8 ./Core/Src/stm32l4xx_it.o
                0x08005534                MemManage_Handler
 .text.BusFault_Handler
                0x0800553c        0x8 ./Core/Src/stm32l4xx_it.o
                0x0800553c                BusFault_Handler
 .text.UsageFault_Handler
                0x08005544        0x8 ./Core/Src/stm32l4xx_it.o
                0x08005544                UsageFault_Handler
 .text.DebugMon_Handler
                0x0800554c        0xe ./Core/Src/stm32l4xx_it.o
                0x0800554c                DebugMon_Handler
 *fill*         0x0800555a        0x2 
 .text.USART1_IRQHandler
                0x0800555c       0x14 ./Core/Src/stm32l4xx_it.o
                0x0800555c                USART1_IRQHandler
 .text.USART2_IRQHandler
                0x08005570       0x14 ./Core/Src/stm32l4xx_it.o
                0x08005570                USART2_IRQHandler
 .text.USART3_IRQHandler
                0x08005584       0x14 ./Core/Src/stm32l4xx_it.o
                0x08005584                USART3_IRQHandler
 .text.UART4_IRQHandler
                0x08005598       0x14 ./Core/Src/stm32l4xx_it.o
                0x08005598                UART4_IRQHandler
 .text.TIM6_DAC_IRQHandler
                0x080055ac       0x14 ./Core/Src/stm32l4xx_it.o
                0x080055ac                TIM6_DAC_IRQHandler
 .text._getpid  0x080055c0       0x10 ./Core/Src/syscalls.o
                0x080055c0                _getpid
 .text._kill    0x080055d0       0x20 ./Core/Src/syscalls.o
                0x080055d0                _kill
 .text._exit    0x080055f0       0x16 ./Core/Src/syscalls.o
                0x080055f0                _exit
 .text._read    0x08005606       0x3a ./Core/Src/syscalls.o
                0x08005606                _read
 .text._write   0x08005640       0x38 ./Core/Src/syscalls.o
                0x08005640                _write
 .text._close   0x08005678       0x18 ./Core/Src/syscalls.o
                0x08005678                _close
 .text._fstat   0x08005690       0x20 ./Core/Src/syscalls.o
                0x08005690                _fstat
 .text._isatty  0x080056b0       0x16 ./Core/Src/syscalls.o
                0x080056b0                _isatty
 .text._lseek   0x080056c6       0x1a ./Core/Src/syscalls.o
                0x080056c6                _lseek
 .text._sbrk    0x080056e0       0x6c ./Core/Src/sysmem.o
                0x080056e0                _sbrk
 .text.SystemInit
                0x0800574c       0x24 ./Core/Src/system_stm32l4xx.o
                0x0800574c                SystemInit
 .text.MX_TIM1_Init
                0x08005770      0x170 ./Core/Src/tim.o
                0x08005770                MX_TIM1_Init
 .text.MX_TIM2_Init
                0x080058e0      0x12c ./Core/Src/tim.o
                0x080058e0                MX_TIM2_Init
 .text.MX_TIM3_Init
                0x08005a0c      0x130 ./Core/Src/tim.o
                0x08005a0c                MX_TIM3_Init
 .text.HAL_TIM_Base_MspInit
                0x08005b3c       0x8c ./Core/Src/tim.o
                0x08005b3c                HAL_TIM_Base_MspInit
 .text.HAL_TIM_MspPostInit
                0x08005bc8      0x17c ./Core/Src/tim.o
                0x08005bc8                HAL_TIM_MspPostInit
 .text.MX_UART4_Init
                0x08005d44       0x60 ./Core/Src/usart.o
                0x08005d44                MX_UART4_Init
 .text.MX_USART1_UART_Init
                0x08005da4       0x60 ./Core/Src/usart.o
                0x08005da4                MX_USART1_UART_Init
 .text.MX_USART2_UART_Init
                0x08005e04       0x60 ./Core/Src/usart.o
                0x08005e04                MX_USART2_UART_Init
 .text.MX_USART3_UART_Init
                0x08005e64       0x60 ./Core/Src/usart.o
                0x08005e64                MX_USART3_UART_Init
 .text.HAL_UART_MspInit
                0x08005ec4      0x36c ./Core/Src/usart.o
                0x08005ec4                HAL_UART_MspInit
 .text.Reset_Handler
                0x08006230       0x50 ./Core/Startup/startup_stm32l452retx.o
                0x08006230                Reset_Handler
 .text.Default_Handler
                0x08006280        0x2 ./Core/Startup/startup_stm32l452retx.o
                0x08006280                RTC_Alarm_IRQHandler
                0x08006280                EXTI2_IRQHandler
                0x08006280                TIM1_CC_IRQHandler
                0x08006280                TSC_IRQHandler
                0x08006280                TAMP_STAMP_IRQHandler
                0x08006280                EXTI3_IRQHandler
                0x08006280                LPTIM2_IRQHandler
                0x08006280                DFSDM1_FLT1_IRQHandler
                0x08006280                I2C3_ER_IRQHandler
                0x08006280                EXTI0_IRQHandler
                0x08006280                I2C2_EV_IRQHandler
                0x08006280                CAN1_RX0_IRQHandler
                0x08006280                FPU_IRQHandler
                0x08006280                TIM1_UP_TIM16_IRQHandler
                0x08006280                SPI1_IRQHandler
                0x08006280                DMA2_Channel2_IRQHandler
                0x08006280                DMA1_Channel4_IRQHandler
                0x08006280                ADC1_IRQHandler
                0x08006280                DMA1_Channel7_IRQHandler
                0x08006280                CAN1_RX1_IRQHandler
                0x08006280                DMA2_Channel1_IRQHandler
                0x08006280                QUADSPI_IRQHandler
                0x08006280                I2C1_EV_IRQHandler
                0x08006280                DMA1_Channel6_IRQHandler
                0x08006280                DMA2_Channel4_IRQHandler
                0x08006280                TIM3_IRQHandler
                0x08006280                RCC_IRQHandler
                0x08006280                TIM1_TRG_COM_IRQHandler
                0x08006280                DMA1_Channel1_IRQHandler
                0x08006280                Default_Handler
                0x08006280                DMA2_Channel7_IRQHandler
                0x08006280                EXTI15_10_IRQHandler
                0x08006280                SDMMC1_IRQHandler
                0x08006280                I2C3_EV_IRQHandler
                0x08006280                USB_IRQHandler
                0x08006280                EXTI9_5_IRQHandler
                0x08006280                RTC_WKUP_IRQHandler
                0x08006280                PVD_PVM_IRQHandler
                0x08006280                SPI2_IRQHandler
                0x08006280                CAN1_TX_IRQHandler
                0x08006280                DMA2_Channel5_IRQHandler
                0x08006280                CRS_IRQHandler
                0x08006280                DMA1_Channel5_IRQHandler
                0x08006280                EXTI4_IRQHandler
                0x08006280                RNG_IRQHandler
                0x08006280                DMA1_Channel3_IRQHandler
                0x08006280                COMP_IRQHandler
                0x08006280                WWDG_IRQHandler
                0x08006280                I2C4_EV_IRQHandler
                0x08006280                LPUART1_IRQHandler
                0x08006280                DMA2_Channel6_IRQHandler
                0x08006280                TIM2_IRQHandler
                0x08006280                EXTI1_IRQHandler
                0x08006280                DFSDM1_FLT0_IRQHandler
                0x08006280                I2C2_ER_IRQHandler
                0x08006280                DMA1_Channel2_IRQHandler
                0x08006280                CAN1_SCE_IRQHandler
                0x08006280                FLASH_IRQHandler
                0x08006280                SPI3_IRQHandler
                0x08006280                I2C1_ER_IRQHandler
                0x08006280                LPTIM1_IRQHandler
                0x08006280                I2C4_ER_IRQHandler
                0x08006280                SAI1_IRQHandler
                0x08006280                DMA2_Channel3_IRQHandler
                0x08006280                TIM1_BRK_TIM15_IRQHandler
 *fill*         0x08006282        0x2 
 .text.HAL_Init
                0x08006284       0x40 ./Drivers/STM32L4xx_HAL_Driver/Src/stm32l4xx_hal.o
                0x08006284                HAL_Init
 .text.HAL_IncTick
                0x080062c4       0x28 ./Drivers/STM32L4xx_HAL_Driver/Src/stm32l4xx_hal.o
                0x080062c4                HAL_IncTick
 .text.HAL_GetTick
                0x080062ec       0x18 ./Drivers/STM32L4xx_HAL_Driver/Src/stm32l4xx_hal.o
                0x080062ec                HAL_GetTick
 .text.HAL_Delay
                0x08006304       0x48 ./Drivers/STM32L4xx_HAL_Driver/Src/stm32l4xx_hal.o
                0x08006304                HAL_Delay
 .text.LL_ADC_SetCommonClock
                0x0800634c       0x26 ./Drivers/STM32L4xx_HAL_Driver/Src/stm32l4xx_hal_adc.o
 .text.LL_ADC_SetCommonPathInternalCh
                0x08006372       0x26 ./Drivers/STM32L4xx_HAL_Driver/Src/stm32l4xx_hal_adc.o
 .text.LL_ADC_GetCommonPathInternalCh
                0x08006398       0x1c ./Drivers/STM32L4xx_HAL_Driver/Src/stm32l4xx_hal_adc.o
 .text.LL_ADC_SetOffset
                0x080063b4       0x48 ./Drivers/STM32L4xx_HAL_Driver/Src/stm32l4xx_hal_adc.o
 .text.LL_ADC_GetOffsetChannel
                0x080063fc       0x2c ./Drivers/STM32L4xx_HAL_Driver/Src/stm32l4xx_hal_adc.o
 .text.LL_ADC_SetOffsetState
                0x08006428       0x36 ./Drivers/STM32L4xx_HAL_Driver/Src/stm32l4xx_hal_adc.o
 .text.LL_ADC_SetSamplingTimeCommonConfig
                0x0800645e       0x26 ./Drivers/STM32L4xx_HAL_Driver/Src/stm32l4xx_hal_adc.o
 .text.LL_ADC_REG_IsTriggerSourceSWStart
                0x08006484       0x26 ./Drivers/STM32L4xx_HAL_Driver/Src/stm32l4xx_hal_adc.o
 .text.LL_ADC_REG_SetSequencerRanks
                0x080064aa       0x58 ./Drivers/STM32L4xx_HAL_Driver/Src/stm32l4xx_hal_adc.o
 .text.LL_ADC_SetChannelSamplingTime
                0x08006502       0x56 ./Drivers/STM32L4xx_HAL_Driver/Src/stm32l4xx_hal_adc.o
 .text.LL_ADC_SetChannelSingleDiff
                0x08006558       0x48 ./Drivers/STM32L4xx_HAL_Driver/Src/stm32l4xx_hal_adc.o
 .text.LL_ADC_DisableDeepPowerDown
                0x080065a0       0x24 ./Drivers/STM32L4xx_HAL_Driver/Src/stm32l4xx_hal_adc.o
 .text.LL_ADC_IsDeepPowerDownEnabled
                0x080065c4       0x28 ./Drivers/STM32L4xx_HAL_Driver/Src/stm32l4xx_hal_adc.o
 .text.LL_ADC_EnableInternalRegulator
                0x080065ec       0x28 ./Drivers/STM32L4xx_HAL_Driver/Src/stm32l4xx_hal_adc.o
 .text.LL_ADC_IsInternalRegulatorEnabled
                0x08006614       0x28 ./Drivers/STM32L4xx_HAL_Driver/Src/stm32l4xx_hal_adc.o
 .text.LL_ADC_Enable
                0x0800663c       0x28 ./Drivers/STM32L4xx_HAL_Driver/Src/stm32l4xx_hal_adc.o
 .text.LL_ADC_Disable
                0x08006664       0x28 ./Drivers/STM32L4xx_HAL_Driver/Src/stm32l4xx_hal_adc.o
 .text.LL_ADC_IsEnabled
                0x0800668c       0x26 ./Drivers/STM32L4xx_HAL_Driver/Src/stm32l4xx_hal_adc.o
 .text.LL_ADC_IsDisableOngoing
                0x080066b2       0x26 ./Drivers/STM32L4xx_HAL_Driver/Src/stm32l4xx_hal_adc.o
 .text.LL_ADC_REG_StartConversion
                0x080066d8       0x28 ./Drivers/STM32L4xx_HAL_Driver/Src/stm32l4xx_hal_adc.o
 .text.LL_ADC_REG_StopConversion
                0x08006700       0x28 ./Drivers/STM32L4xx_HAL_Driver/Src/stm32l4xx_hal_adc.o
 .text.LL_ADC_REG_IsConversionOngoing
                0x08006728       0x26 ./Drivers/STM32L4xx_HAL_Driver/Src/stm32l4xx_hal_adc.o
 .text.LL_ADC_INJ_StopConversion
                0x0800674e       0x28 ./Drivers/STM32L4xx_HAL_Driver/Src/stm32l4xx_hal_adc.o
 .text.LL_ADC_INJ_IsConversionOngoing
                0x08006776       0x26 ./Drivers/STM32L4xx_HAL_Driver/Src/stm32l4xx_hal_adc.o
 .text.HAL_ADC_Init
                0x0800679c      0x298 ./Drivers/STM32L4xx_HAL_Driver/Src/stm32l4xx_hal_adc.o
                0x0800679c                HAL_ADC_Init
 .text.HAL_ADC_Start
                0x08006a34       0xc6 ./Drivers/STM32L4xx_HAL_Driver/Src/stm32l4xx_hal_adc.o
                0x08006a34                HAL_ADC_Start
 .text.HAL_ADC_Stop
                0x08006afa       0x66 ./Drivers/STM32L4xx_HAL_Driver/Src/stm32l4xx_hal_adc.o
                0x08006afa                HAL_ADC_Stop
 .text.HAL_ADC_PollForConversion
                0x08006b60      0x11e ./Drivers/STM32L4xx_HAL_Driver/Src/stm32l4xx_hal_adc.o
                0x08006b60                HAL_ADC_PollForConversion
 .text.HAL_ADC_GetValue
                0x08006c7e       0x1a ./Drivers/STM32L4xx_HAL_Driver/Src/stm32l4xx_hal_adc.o
                0x08006c7e                HAL_ADC_GetValue
 .text.HAL_ADC_ConfigChannel
                0x08006c98      0x7f4 ./Drivers/STM32L4xx_HAL_Driver/Src/stm32l4xx_hal_adc.o
                0x08006c98                HAL_ADC_ConfigChannel
 .text.ADC_ConversionStop
                0x0800748c      0x178 ./Drivers/STM32L4xx_HAL_Driver/Src/stm32l4xx_hal_adc.o
                0x0800748c                ADC_ConversionStop
 .text.ADC_Enable
                0x08007604      0x10c ./Drivers/STM32L4xx_HAL_Driver/Src/stm32l4xx_hal_adc.o
                0x08007604                ADC_Enable
 .text.ADC_Disable
                0x08007710       0xbe ./Drivers/STM32L4xx_HAL_Driver/Src/stm32l4xx_hal_adc.o
                0x08007710                ADC_Disable
 .text.LL_ADC_StartCalibration
                0x080077ce       0x32 ./Drivers/STM32L4xx_HAL_Driver/Src/stm32l4xx_hal_adc_ex.o
 .text.LL_ADC_IsCalibrationOnGoing
                0x08007800       0x28 ./Drivers/STM32L4xx_HAL_Driver/Src/stm32l4xx_hal_adc_ex.o
 .text.HAL_ADCEx_Calibration_Start
                0x08007828       0xc0 ./Drivers/STM32L4xx_HAL_Driver/Src/stm32l4xx_hal_adc_ex.o
                0x08007828                HAL_ADCEx_Calibration_Start
 .text.HAL_CAN_Init
                0x080078e8      0x1f6 ./Drivers/STM32L4xx_HAL_Driver/Src/stm32l4xx_hal_can.o
                0x080078e8                HAL_CAN_Init
 *fill*         0x08007ade        0x2 
 .text.__NVIC_SetPriorityGrouping
                0x08007ae0       0x48 ./Drivers/STM32L4xx_HAL_Driver/Src/stm32l4xx_hal_cortex.o
 .text.__NVIC_GetPriorityGrouping
                0x08007b28       0x1c ./Drivers/STM32L4xx_HAL_Driver/Src/stm32l4xx_hal_cortex.o
 .text.__NVIC_EnableIRQ
                0x08007b44       0x3c ./Drivers/STM32L4xx_HAL_Driver/Src/stm32l4xx_hal_cortex.o
 .text.__NVIC_SetPriority
                0x08007b80       0x54 ./Drivers/STM32L4xx_HAL_Driver/Src/stm32l4xx_hal_cortex.o
 .text.NVIC_EncodePriority
                0x08007bd4       0x66 ./Drivers/STM32L4xx_HAL_Driver/Src/stm32l4xx_hal_cortex.o
 .text.HAL_NVIC_SetPriorityGrouping
                0x08007c3a       0x16 ./Drivers/STM32L4xx_HAL_Driver/Src/stm32l4xx_hal_cortex.o
                0x08007c3a                HAL_NVIC_SetPriorityGrouping
 .text.HAL_NVIC_SetPriority
                0x08007c50       0x38 ./Drivers/STM32L4xx_HAL_Driver/Src/stm32l4xx_hal_cortex.o
                0x08007c50                HAL_NVIC_SetPriority
 .text.HAL_NVIC_EnableIRQ
                0x08007c88       0x1c ./Drivers/STM32L4xx_HAL_Driver/Src/stm32l4xx_hal_cortex.o
                0x08007c88                HAL_NVIC_EnableIRQ
 .text.HAL_DMA_Abort
                0x08007ca4       0x7c ./Drivers/STM32L4xx_HAL_Driver/Src/stm32l4xx_hal_dma.o
                0x08007ca4                HAL_DMA_Abort
 .text.HAL_DMA_Abort_IT
                0x08007d20       0x82 ./Drivers/STM32L4xx_HAL_Driver/Src/stm32l4xx_hal_dma.o
                0x08007d20                HAL_DMA_Abort_IT
 *fill*         0x08007da2        0x2 
 .text.HAL_GPIO_Init
                0x08007da4      0x2f4 ./Drivers/STM32L4xx_HAL_Driver/Src/stm32l4xx_hal_gpio.o
                0x08007da4                HAL_GPIO_Init
 .text.HAL_GPIO_WritePin
                0x08008098       0x30 ./Drivers/STM32L4xx_HAL_Driver/Src/stm32l4xx_hal_gpio.o
                0x08008098                HAL_GPIO_WritePin
 .text.HAL_PWREx_GetVoltageRange
                0x080080c8       0x1c ./Drivers/STM32L4xx_HAL_Driver/Src/stm32l4xx_hal_pwr_ex.o
                0x080080c8                HAL_PWREx_GetVoltageRange
 .text.HAL_PWREx_ControlVoltageScaling
                0x080080e4       0xac ./Drivers/STM32L4xx_HAL_Driver/Src/stm32l4xx_hal_pwr_ex.o
                0x080080e4                HAL_PWREx_ControlVoltageScaling
 .text.HAL_RCC_OscConfig
                0x08008190      0x828 ./Drivers/STM32L4xx_HAL_Driver/Src/stm32l4xx_hal_rcc.o
                0x08008190                HAL_RCC_OscConfig
 .text.HAL_RCC_ClockConfig
                0x080089b8      0x200 ./Drivers/STM32L4xx_HAL_Driver/Src/stm32l4xx_hal_rcc.o
                0x080089b8                HAL_RCC_ClockConfig
 .text.HAL_RCC_GetSysClockFreq
                0x08008bb8      0x118 ./Drivers/STM32L4xx_HAL_Driver/Src/stm32l4xx_hal_rcc.o
                0x08008bb8                HAL_RCC_GetSysClockFreq
 .text.HAL_RCC_GetHCLKFreq
                0x08008cd0       0x18 ./Drivers/STM32L4xx_HAL_Driver/Src/stm32l4xx_hal_rcc.o
                0x08008cd0                HAL_RCC_GetHCLKFreq
 .text.HAL_RCC_GetPCLK1Freq
                0x08008ce8       0x2c ./Drivers/STM32L4xx_HAL_Driver/Src/stm32l4xx_hal_rcc.o
                0x08008ce8                HAL_RCC_GetPCLK1Freq
 .text.HAL_RCC_GetPCLK2Freq
                0x08008d14       0x2c ./Drivers/STM32L4xx_HAL_Driver/Src/stm32l4xx_hal_rcc.o
                0x08008d14                HAL_RCC_GetPCLK2Freq
 .text.HAL_RCC_GetClockConfig
                0x08008d40       0x64 ./Drivers/STM32L4xx_HAL_Driver/Src/stm32l4xx_hal_rcc.o
                0x08008d40                HAL_RCC_GetClockConfig
 .text.RCC_SetFlashLatencyFromMSIRange
                0x08008da4       0xc0 ./Drivers/STM32L4xx_HAL_Driver/Src/stm32l4xx_hal_rcc.o
 .text.HAL_RCCEx_PeriphCLKConfig
                0x08008e64      0x4d8 ./Drivers/STM32L4xx_HAL_Driver/Src/stm32l4xx_hal_rcc_ex.o
                0x08008e64                HAL_RCCEx_PeriphCLKConfig
 .text.RCCEx_PLLSAI1_Config
                0x0800933c      0x1e4 ./Drivers/STM32L4xx_HAL_Driver/Src/stm32l4xx_hal_rcc_ex.o
 .text.HAL_SPI_Init
                0x08009520      0x146 ./Drivers/STM32L4xx_HAL_Driver/Src/stm32l4xx_hal_spi.o
                0x08009520                HAL_SPI_Init
 .text.HAL_SPI_Transmit
                0x08009666      0x2dc ./Drivers/STM32L4xx_HAL_Driver/Src/stm32l4xx_hal_spi.o
                0x08009666                HAL_SPI_Transmit
 .text.HAL_SPI_Receive
                0x08009942      0x260 ./Drivers/STM32L4xx_HAL_Driver/Src/stm32l4xx_hal_spi.o
                0x08009942                HAL_SPI_Receive
 .text.HAL_SPI_TransmitReceive
                0x08009ba2      0x426 ./Drivers/STM32L4xx_HAL_Driver/Src/stm32l4xx_hal_spi.o
                0x08009ba2                HAL_SPI_TransmitReceive
 .text.SPI_WaitFlagStateUntilTimeout
                0x08009fc8      0x110 ./Drivers/STM32L4xx_HAL_Driver/Src/stm32l4xx_hal_spi.o
 .text.SPI_WaitFifoStateUntilTimeout
                0x0800a0d8      0x12c ./Drivers/STM32L4xx_HAL_Driver/Src/stm32l4xx_hal_spi.o
 .text.SPI_EndRxTransaction
                0x0800a204       0xb0 ./Drivers/STM32L4xx_HAL_Driver/Src/stm32l4xx_hal_spi.o
 .text.SPI_EndRxTxTransaction
                0x0800a2b4       0x8c ./Drivers/STM32L4xx_HAL_Driver/Src/stm32l4xx_hal_spi.o
 .text.HAL_TIM_Base_Init
                0x0800a340       0xae ./Drivers/STM32L4xx_HAL_Driver/Src/stm32l4xx_hal_tim.o
                0x0800a340                HAL_TIM_Base_Init
 *fill*         0x0800a3ee        0x2 
 .text.HAL_TIM_Base_Start_IT
                0x0800a3f0       0xb8 ./Drivers/STM32L4xx_HAL_Driver/Src/stm32l4xx_hal_tim.o
                0x0800a3f0                HAL_TIM_Base_Start_IT
 .text.HAL_TIM_PWM_Init
                0x0800a4a8       0xae ./Drivers/STM32L4xx_HAL_Driver/Src/stm32l4xx_hal_tim.o
                0x0800a4a8                HAL_TIM_PWM_Init
 .text.HAL_TIM_PWM_MspInit
                0x0800a556       0x14 ./Drivers/STM32L4xx_HAL_Driver/Src/stm32l4xx_hal_tim.o
                0x0800a556                HAL_TIM_PWM_MspInit
 *fill*         0x0800a56a        0x2 
 .text.HAL_TIM_PWM_Stop
                0x0800a56c      0x110 ./Drivers/STM32L4xx_HAL_Driver/Src/stm32l4xx_hal_tim.o
                0x0800a56c                HAL_TIM_PWM_Stop
 .text.HAL_TIM_IRQHandler
                0x0800a67c      0x23e ./Drivers/STM32L4xx_HAL_Driver/Src/stm32l4xx_hal_tim.o
                0x0800a67c                HAL_TIM_IRQHandler
 *fill*         0x0800a8ba        0x2 
 .text.HAL_TIM_PWM_ConfigChannel
                0x0800a8bc      0x228 ./Drivers/STM32L4xx_HAL_Driver/Src/stm32l4xx_hal_tim.o
                0x0800a8bc                HAL_TIM_PWM_ConfigChannel
 .text.HAL_TIM_ConfigClockSource
                0x0800aae4      0x192 ./Drivers/STM32L4xx_HAL_Driver/Src/stm32l4xx_hal_tim.o
                0x0800aae4                HAL_TIM_ConfigClockSource
 .text.HAL_TIM_OC_DelayElapsedCallback
                0x0800ac76       0x14 ./Drivers/STM32L4xx_HAL_Driver/Src/stm32l4xx_hal_tim.o
                0x0800ac76                HAL_TIM_OC_DelayElapsedCallback
 .text.HAL_TIM_IC_CaptureCallback
                0x0800ac8a       0x14 ./Drivers/STM32L4xx_HAL_Driver/Src/stm32l4xx_hal_tim.o
                0x0800ac8a                HAL_TIM_IC_CaptureCallback
 .text.HAL_TIM_PWM_PulseFinishedCallback
                0x0800ac9e       0x14 ./Drivers/STM32L4xx_HAL_Driver/Src/stm32l4xx_hal_tim.o
                0x0800ac9e                HAL_TIM_PWM_PulseFinishedCallback
 .text.HAL_TIM_TriggerCallback
                0x0800acb2       0x14 ./Drivers/STM32L4xx_HAL_Driver/Src/stm32l4xx_hal_tim.o
                0x0800acb2                HAL_TIM_TriggerCallback
 *fill*         0x0800acc6        0x2 
 .text.TIM_Base_SetConfig
                0x0800acc8       0xdc ./Drivers/STM32L4xx_HAL_Driver/Src/stm32l4xx_hal_tim.o
                0x0800acc8                TIM_Base_SetConfig
 .text.TIM_OC1_SetConfig
                0x0800ada4       0xf8 ./Drivers/STM32L4xx_HAL_Driver/Src/stm32l4xx_hal_tim.o
 .text.TIM_OC2_SetConfig
                0x0800ae9c       0xf4 ./Drivers/STM32L4xx_HAL_Driver/Src/stm32l4xx_hal_tim.o
                0x0800ae9c                TIM_OC2_SetConfig
 .text.TIM_OC3_SetConfig
                0x0800af90       0xf0 ./Drivers/STM32L4xx_HAL_Driver/Src/stm32l4xx_hal_tim.o
 .text.TIM_OC4_SetConfig
                0x0800b080       0xbc ./Drivers/STM32L4xx_HAL_Driver/Src/stm32l4xx_hal_tim.o
 .text.TIM_OC5_SetConfig
                0x0800b13c       0xb0 ./Drivers/STM32L4xx_HAL_Driver/Src/stm32l4xx_hal_tim.o
 .text.TIM_OC6_SetConfig
                0x0800b1ec       0xb4 ./Drivers/STM32L4xx_HAL_Driver/Src/stm32l4xx_hal_tim.o
 .text.TIM_TI1_ConfigInputStage
                0x0800b2a0       0x5e ./Drivers/STM32L4xx_HAL_Driver/Src/stm32l4xx_hal_tim.o
 .text.TIM_TI2_ConfigInputStage
                0x0800b2fe       0x60 ./Drivers/STM32L4xx_HAL_Driver/Src/stm32l4xx_hal_tim.o
 .text.TIM_ITRx_SetConfig
                0x0800b35e       0x36 ./Drivers/STM32L4xx_HAL_Driver/Src/stm32l4xx_hal_tim.o
 .text.TIM_ETR_SetConfig
                0x0800b394       0x40 ./Drivers/STM32L4xx_HAL_Driver/Src/stm32l4xx_hal_tim.o
                0x0800b394                TIM_ETR_SetConfig
 .text.TIM_CCxChannelCmd
                0x0800b3d4       0x4a ./Drivers/STM32L4xx_HAL_Driver/Src/stm32l4xx_hal_tim.o
                0x0800b3d4                TIM_CCxChannelCmd
 *fill*         0x0800b41e        0x2 
 .text.HAL_TIMEx_MasterConfigSynchronization
                0x0800b420       0xdc ./Drivers/STM32L4xx_HAL_Driver/Src/stm32l4xx_hal_tim_ex.o
                0x0800b420                HAL_TIMEx_MasterConfigSynchronization
 .text.HAL_TIMEx_ConfigBreakDeadTime
                0x0800b4fc       0xf0 ./Drivers/STM32L4xx_HAL_Driver/Src/stm32l4xx_hal_tim_ex.o
                0x0800b4fc                HAL_TIMEx_ConfigBreakDeadTime
 .text.HAL_TIMEx_CommutCallback
                0x0800b5ec       0x14 ./Drivers/STM32L4xx_HAL_Driver/Src/stm32l4xx_hal_tim_ex.o
                0x0800b5ec                HAL_TIMEx_CommutCallback
 .text.HAL_TIMEx_BreakCallback
                0x0800b600       0x14 ./Drivers/STM32L4xx_HAL_Driver/Src/stm32l4xx_hal_tim_ex.o
                0x0800b600                HAL_TIMEx_BreakCallback
 .text.HAL_TIMEx_Break2Callback
                0x0800b614       0x14 ./Drivers/STM32L4xx_HAL_Driver/Src/stm32l4xx_hal_tim_ex.o
                0x0800b614                HAL_TIMEx_Break2Callback
 .text.HAL_UART_Init
                0x0800b628       0x9c ./Drivers/STM32L4xx_HAL_Driver/Src/stm32l4xx_hal_uart.o
                0x0800b628                HAL_UART_Init
 .text.HAL_UART_Transmit_IT
                0x0800b6c4       0xdc ./Drivers/STM32L4xx_HAL_Driver/Src/stm32l4xx_hal_uart.o
                0x0800b6c4                HAL_UART_Transmit_IT
 .text.HAL_UART_Receive_IT
                0x0800b7a0       0xac ./Drivers/STM32L4xx_HAL_Driver/Src/stm32l4xx_hal_uart.o
                0x0800b7a0                HAL_UART_Receive_IT
 .text.HAL_UART_IRQHandler
                0x0800b84c      0x5c4 ./Drivers/STM32L4xx_HAL_Driver/Src/stm32l4xx_hal_uart.o
                0x0800b84c                HAL_UART_IRQHandler
 .text.HAL_UARTEx_RxEventCallback
                0x0800be10       0x18 ./Drivers/STM32L4xx_HAL_Driver/Src/stm32l4xx_hal_uart.o
                0x0800be10                HAL_UARTEx_RxEventCallback
 .text.UART_SetConfig
                0x0800be28      0x50c ./Drivers/STM32L4xx_HAL_Driver/Src/stm32l4xx_hal_uart.o
                0x0800be28                UART_SetConfig
 .text.UART_AdvFeatureConfig
                0x0800c334      0x144 ./Drivers/STM32L4xx_HAL_Driver/Src/stm32l4xx_hal_uart.o
                0x0800c334                UART_AdvFeatureConfig
 .text.UART_CheckIdleState
                0x0800c478       0x92 ./Drivers/STM32L4xx_HAL_Driver/Src/stm32l4xx_hal_uart.o
                0x0800c478                UART_CheckIdleState
 .text.UART_WaitOnFlagUntilTimeout
                0x0800c50a      0x188 ./Drivers/STM32L4xx_HAL_Driver/Src/stm32l4xx_hal_uart.o
                0x0800c50a                UART_WaitOnFlagUntilTimeout
 *fill*         0x0800c692        0x2 
 .text.UART_Start_Receive_IT
                0x0800c694      0x194 ./Drivers/STM32L4xx_HAL_Driver/Src/stm32l4xx_hal_uart.o
                0x0800c694                UART_Start_Receive_IT
 .text.UART_EndRxTransfer
                0x0800c828       0xc6 ./Drivers/STM32L4xx_HAL_Driver/Src/stm32l4xx_hal_uart.o
 .text.UART_DMAAbortOnError
                0x0800c8ee       0x2c ./Drivers/STM32L4xx_HAL_Driver/Src/stm32l4xx_hal_uart.o
 .text.UART_TxISR_8BIT
                0x0800c91a       0xb6 ./Drivers/STM32L4xx_HAL_Driver/Src/stm32l4xx_hal_uart.o
 .text.UART_TxISR_16BIT
                0x0800c9d0       0xc0 ./Drivers/STM32L4xx_HAL_Driver/Src/stm32l4xx_hal_uart.o
 .text.UART_EndTransmit_IT
                0x0800ca90       0x54 ./Drivers/STM32L4xx_HAL_Driver/Src/stm32l4xx_hal_uart.o
 .text.UART_RxISR_8BIT
                0x0800cae4      0x160 ./Drivers/STM32L4xx_HAL_Driver/Src/stm32l4xx_hal_uart.o
 .text.UART_RxISR_16BIT
                0x0800cc44      0x160 ./Drivers/STM32L4xx_HAL_Driver/Src/stm32l4xx_hal_uart.o
 .text.HAL_UARTEx_WakeupCallback
                0x0800cda4       0x14 ./Drivers/STM32L4xx_HAL_Driver/Src/stm32l4xx_hal_uart_ex.o
                0x0800cda4                HAL_UARTEx_WakeupCallback
 .text.makeFreeRtosPriority
                0x0800cdb8       0x30 ./Middlewares/Third_Party/FreeRTOS/Source/CMSIS_RTOS/cmsis_os.o
 .text.inHandlerMode
                0x0800cde8       0x24 ./Middlewares/Third_Party/FreeRTOS/Source/CMSIS_RTOS/cmsis_os.o
 .text.osKernelStart
                0x0800ce0c        0xe ./Middlewares/Third_Party/FreeRTOS/Source/CMSIS_RTOS/cmsis_os.o
                0x0800ce0c                osKernelStart
 .text.osThreadCreate
                0x0800ce1a       0x4a ./Middlewares/Third_Party/FreeRTOS/Source/CMSIS_RTOS/cmsis_os.o
                0x0800ce1a                osThreadCreate
 .text.osDelay  0x0800ce64       0x28 ./Middlewares/Third_Party/FreeRTOS/Source/CMSIS_RTOS/cmsis_os.o
                0x0800ce64                osDelay
 .text.osSemaphoreCreate
                0x0800ce8c       0x30 ./Middlewares/Third_Party/FreeRTOS/Source/CMSIS_RTOS/cmsis_os.o
                0x0800ce8c                osSemaphoreCreate
 .text.osMessageCreate
                0x0800cebc       0x2c ./Middlewares/Third_Party/FreeRTOS/Source/CMSIS_RTOS/cmsis_os.o
                0x0800cebc                osMessageCreate
 .text.osMessagePut
                0x0800cee8       0x80 ./Middlewares/Third_Party/FreeRTOS/Source/CMSIS_RTOS/cmsis_os.o
                0x0800cee8                osMessagePut
 .text.osMessageGet
                0x0800cf68       0xe8 ./Middlewares/Third_Party/FreeRTOS/Source/CMSIS_RTOS/cmsis_os.o
                0x0800cf68                osMessageGet
 .text.vListInitialise
                0x0800d050       0x40 ./Middlewares/Third_Party/FreeRTOS/Source/list.o
                0x0800d050                vListInitialise
 .text.vListInitialiseItem
                0x0800d090       0x1a ./Middlewares/Third_Party/FreeRTOS/Source/list.o
                0x0800d090                vListInitialiseItem
 .text.vListInsertEnd
                0x0800d0aa       0x48 ./Middlewares/Third_Party/FreeRTOS/Source/list.o
                0x0800d0aa                vListInsertEnd
 .text.vListInsert
                0x0800d0f2       0x72 ./Middlewares/Third_Party/FreeRTOS/Source/list.o
                0x0800d0f2                vListInsert
 .text.uxListRemove
                0x0800d164       0x54 ./Middlewares/Third_Party/FreeRTOS/Source/list.o
                0x0800d164                uxListRemove
 .text.xQueueGenericReset
                0x0800d1b8       0xd4 ./Middlewares/Third_Party/FreeRTOS/Source/queue.o
                0x0800d1b8                xQueueGenericReset
 .text.xQueueGenericCreateStatic
                0x0800d28c       0xf2 ./Middlewares/Third_Party/FreeRTOS/Source/queue.o
                0x0800d28c                xQueueGenericCreateStatic
 .text.prvInitialiseNewQueue
                0x0800d37e       0x3e ./Middlewares/Third_Party/FreeRTOS/Source/queue.o
 .text.prvInitialiseMutex
                0x0800d3bc       0x34 ./Middlewares/Third_Party/FreeRTOS/Source/queue.o
 .text.xQueueCreateMutexStatic
                0x0800d3f0       0x36 ./Middlewares/Third_Party/FreeRTOS/Source/queue.o
                0x0800d3f0                xQueueCreateMutexStatic
 *fill*         0x0800d426        0x2 
 .text.xQueueGenericSend
                0x0800d428      0x204 ./Middlewares/Third_Party/FreeRTOS/Source/queue.o
                0x0800d428                xQueueGenericSend
 .text.xQueueGenericSendFromISR
                0x0800d62c      0x13c ./Middlewares/Third_Party/FreeRTOS/Source/queue.o
                0x0800d62c                xQueueGenericSendFromISR
 .text.xQueueReceive
                0x0800d768      0x1c4 ./Middlewares/Third_Party/FreeRTOS/Source/queue.o
                0x0800d768                xQueueReceive
 .text.xQueueReceiveFromISR
                0x0800d92c      0x104 ./Middlewares/Third_Party/FreeRTOS/Source/queue.o
                0x0800d92c                xQueueReceiveFromISR
 .text.prvCopyDataToQueue
                0x0800da30       0xd4 ./Middlewares/Third_Party/FreeRTOS/Source/queue.o
 .text.prvCopyDataFromQueue
                0x0800db04       0x4c ./Middlewares/Third_Party/FreeRTOS/Source/queue.o
 .text.prvUnlockQueue
                0x0800db50       0xa4 ./Middlewares/Third_Party/FreeRTOS/Source/queue.o
 .text.prvIsQueueEmpty
                0x0800dbf4       0x2c ./Middlewares/Third_Party/FreeRTOS/Source/queue.o
 .text.prvIsQueueFull
                0x0800dc20       0x30 ./Middlewares/Third_Party/FreeRTOS/Source/queue.o
 .text.xQueueIsQueueFullFromISR
                0x0800dc50       0x4e ./Middlewares/Third_Party/FreeRTOS/Source/queue.o
                0x0800dc50                xQueueIsQueueFullFromISR
 *fill*         0x0800dc9e        0x2 
 .text.vQueueAddToRegistry
                0x0800dca0       0x54 ./Middlewares/Third_Party/FreeRTOS/Source/queue.o
                0x0800dca0                vQueueAddToRegistry
 .text.vQueueWaitForMessageRestricted
                0x0800dcf4       0x68 ./Middlewares/Third_Party/FreeRTOS/Source/queue.o
                0x0800dcf4                vQueueWaitForMessageRestricted
 .text.xTaskCreateStatic
                0x0800dd5c       0xb8 ./Middlewares/Third_Party/FreeRTOS/Source/tasks.o
                0x0800dd5c                xTaskCreateStatic
 .text.prvInitialiseNewTask
                0x0800de14      0x110 ./Middlewares/Third_Party/FreeRTOS/Source/tasks.o
 .text.prvAddNewTaskToReadyList
                0x0800df24       0xd4 ./Middlewares/Third_Party/FreeRTOS/Source/tasks.o
 .text.vTaskDelay
                0x0800dff8       0x6c ./Middlewares/Third_Party/FreeRTOS/Source/tasks.o
                0x0800dff8                vTaskDelay
 .text.vTaskStartScheduler
                0x0800e064       0xd0 ./Middlewares/Third_Party/FreeRTOS/Source/tasks.o
                0x0800e064                vTaskStartScheduler
 .text.vTaskSuspendAll
                0x0800e134       0x1c ./Middlewares/Third_Party/FreeRTOS/Source/tasks.o
                0x0800e134                vTaskSuspendAll
 .text.xTaskResumeAll
                0x0800e150      0x13c ./Middlewares/Third_Party/FreeRTOS/Source/tasks.o
                0x0800e150                xTaskResumeAll
 .text.xTaskGetTickCount
                0x0800e28c       0x20 ./Middlewares/Third_Party/FreeRTOS/Source/tasks.o
                0x0800e28c                xTaskGetTickCount
 .text.xTaskIncrementTick
                0x0800e2ac      0x174 ./Middlewares/Third_Party/FreeRTOS/Source/tasks.o
                0x0800e2ac                xTaskIncrementTick
 .text.vTaskSwitchContext
                0x0800e420       0xb8 ./Middlewares/Third_Party/FreeRTOS/Source/tasks.o
                0x0800e420                vTaskSwitchContext
 .text.vTaskPlaceOnEventList
                0x0800e4d8       0x4c ./Middlewares/Third_Party/FreeRTOS/Source/tasks.o
                0x0800e4d8                vTaskPlaceOnEventList
 .text.vTaskPlaceOnEventListRestricted
                0x0800e524       0x58 ./Middlewares/Third_Party/FreeRTOS/Source/tasks.o
                0x0800e524                vTaskPlaceOnEventListRestricted
 .text.xTaskRemoveFromEventList
                0x0800e57c       0xc8 ./Middlewares/Third_Party/FreeRTOS/Source/tasks.o
                0x0800e57c                xTaskRemoveFromEventList
 .text.vTaskInternalSetTimeOutState
                0x0800e644       0x2c ./Middlewares/Third_Party/FreeRTOS/Source/tasks.o
                0x0800e644                vTaskInternalSetTimeOutState
 .text.xTaskCheckForTimeOut
                0x0800e670       0xc8 ./Middlewares/Third_Party/FreeRTOS/Source/tasks.o
                0x0800e670                xTaskCheckForTimeOut
 .text.vTaskMissedYield
                0x0800e738       0x18 ./Middlewares/Third_Party/FreeRTOS/Source/tasks.o
                0x0800e738                vTaskMissedYield
 .text.prvIdleTask
                0x0800e750       0x30 ./Middlewares/Third_Party/FreeRTOS/Source/tasks.o
 .text.prvInitialiseTaskLists
                0x0800e780       0x80 ./Middlewares/Third_Party/FreeRTOS/Source/tasks.o
 .text.prvCheckTasksWaitingTermination
                0x0800e800       0x5c ./Middlewares/Third_Party/FreeRTOS/Source/tasks.o
 .text.prvDeleteTCB
                0x0800e85c       0x14 ./Middlewares/Third_Party/FreeRTOS/Source/tasks.o
 .text.prvResetNextTaskUnblockTime
                0x0800e870       0x40 ./Middlewares/Third_Party/FreeRTOS/Source/tasks.o
 .text.xTaskGetSchedulerState
                0x0800e8b0       0x3c ./Middlewares/Third_Party/FreeRTOS/Source/tasks.o
                0x0800e8b0                xTaskGetSchedulerState
 .text.xTaskPriorityDisinherit
                0x0800e8ec      0x110 ./Middlewares/Third_Party/FreeRTOS/Source/tasks.o
                0x0800e8ec                xTaskPriorityDisinherit
 .text.prvAddCurrentTaskToDelayedList
                0x0800e9fc       0xcc ./Middlewares/Third_Party/FreeRTOS/Source/tasks.o
 .text.xTimerCreateTimerTask
                0x0800eac8       0x94 ./Middlewares/Third_Party/FreeRTOS/Source/timers.o
                0x0800eac8                xTimerCreateTimerTask
 .text.xTimerGenericCommand
                0x0800eb5c       0x9c ./Middlewares/Third_Party/FreeRTOS/Source/timers.o
                0x0800eb5c                xTimerGenericCommand
 .text.prvProcessExpiredTimer
                0x0800ebf8       0x9c ./Middlewares/Third_Party/FreeRTOS/Source/timers.o
 .text.prvTimerTask
                0x0800ec94       0x26 ./Middlewares/Third_Party/FreeRTOS/Source/timers.o
 *fill*         0x0800ecba        0x2 
 .text.prvProcessTimerOrBlockTask
                0x0800ecbc       0x9c ./Middlewares/Third_Party/FreeRTOS/Source/timers.o
 .text.prvGetNextExpireTime
                0x0800ed58       0x48 ./Middlewares/Third_Party/FreeRTOS/Source/timers.o
 .text.prvSampleTimeNow
                0x0800eda0       0x40 ./Middlewares/Third_Party/FreeRTOS/Source/timers.o
 .text.prvInsertTimerInActiveList
                0x0800ede0       0x84 ./Middlewares/Third_Party/FreeRTOS/Source/timers.o
 .text.prvProcessReceivedCommands
                0x0800ee64      0x180 ./Middlewares/Third_Party/FreeRTOS/Source/timers.o
 .text.prvSwitchTimerLists
                0x0800efe4       0xcc ./Middlewares/Third_Party/FreeRTOS/Source/timers.o
 .text.prvCheckForValidListAndQueue
                0x0800f0b0       0x80 ./Middlewares/Third_Party/FreeRTOS/Source/timers.o
 .text.pxPortInitialiseStack
                0x0800f130       0x68 ./Middlewares/Third_Party/FreeRTOS/Source/portable/GCC/ARM_CM4F/port.o
                0x0800f130                pxPortInitialiseStack
 .text.prvTaskExitError
                0x0800f198       0x5c ./Middlewares/Third_Party/FreeRTOS/Source/portable/GCC/ARM_CM4F/port.o
 *fill*         0x0800f1f4        0xc 
 .text.SVC_Handler
                0x0800f200       0x28 ./Middlewares/Third_Party/FreeRTOS/Source/portable/GCC/ARM_CM4F/port.o
                0x0800f200                SVC_Handler
 .text.prvPortStartFirstTask
                0x0800f228       0x28 ./Middlewares/Third_Party/FreeRTOS/Source/portable/GCC/ARM_CM4F/port.o
 .text.xPortStartScheduler
                0x0800f250      0x148 ./Middlewares/Third_Party/FreeRTOS/Source/portable/GCC/ARM_CM4F/port.o
                0x0800f250                xPortStartScheduler
 .text.vPortEnterCritical
                0x0800f398       0x64 ./Middlewares/Third_Party/FreeRTOS/Source/portable/GCC/ARM_CM4F/port.o
                0x0800f398                vPortEnterCritical
 .text.vPortExitCritical
                0x0800f3fc       0x54 ./Middlewares/Third_Party/FreeRTOS/Source/portable/GCC/ARM_CM4F/port.o
                0x0800f3fc                vPortExitCritical
 .text.PendSV_Handler
                0x0800f450       0x68 ./Middlewares/Third_Party/FreeRTOS/Source/portable/GCC/ARM_CM4F/port.o
                0x0800f450                PendSV_Handler
 .text.SysTick_Handler
                0x0800f4b8       0x44 ./Middlewares/Third_Party/FreeRTOS/Source/portable/GCC/ARM_CM4F/port.o
                0x0800f4b8                SysTick_Handler
 .text.vPortSetupTimerInterrupt
                0x0800f4fc       0x48 ./Middlewares/Third_Party/FreeRTOS/Source/portable/GCC/ARM_CM4F/port.o
                0x0800f4fc                vPortSetupTimerInterrupt
 .text.vPortEnableVFP
                0x0800f544       0x14 ./Middlewares/Third_Party/FreeRTOS/Source/portable/GCC/ARM_CM4F/port.o
 .text.vPortValidateInterruptPriority
                0x0800f558       0x84 ./Middlewares/Third_Party/FreeRTOS/Source/portable/GCC/ARM_CM4F/port.o
                0x0800f558                vPortValidateInterruptPriority
 .text.malloc   0x0800f5dc       0x10 C:/Scuola/Universita_Ing_Aerospaziale/CubeSat/LAB STESINA/2024-2025/Code/STM32CubeIDE_1.16.0/STM32CubeIDE/plugins/com.st.stm32cube.ide.mcu.externaltools.gnu-tools-for-stm32.12.3.rel1.win32_1.0.200.202406191623/tools/bin/../lib/gcc/arm-none-eabi/12.3.1/../../../../arm-none-eabi/lib/thumb/v7e-m+fp/hard\libc_nano.a(libc_a-malloc.o)
                0x0800f5dc                malloc
 .text.free     0x0800f5ec       0x10 C:/Scuola/Universita_Ing_Aerospaziale/CubeSat/LAB STESINA/2024-2025/Code/STM32CubeIDE_1.16.0/STM32CubeIDE/plugins/com.st.stm32cube.ide.mcu.externaltools.gnu-tools-for-stm32.12.3.rel1.win32_1.0.200.202406191623/tools/bin/../lib/gcc/arm-none-eabi/12.3.1/../../../../arm-none-eabi/lib/thumb/v7e-m+fp/hard\libc_nano.a(libc_a-malloc.o)
                0x0800f5ec                free
 .text.sbrk_aligned
                0x0800f5fc       0x44 C:/Scuola/Universita_Ing_Aerospaziale/CubeSat/LAB STESINA/2024-2025/Code/STM32CubeIDE_1.16.0/STM32CubeIDE/plugins/com.st.stm32cube.ide.mcu.externaltools.gnu-tools-for-stm32.12.3.rel1.win32_1.0.200.202406191623/tools/bin/../lib/gcc/arm-none-eabi/12.3.1/../../../../arm-none-eabi/lib/thumb/v7e-m+fp/hard\libc_nano.a(libc_a-mallocr.o)
 .text._malloc_r
                0x0800f640      0x100 C:/Scuola/Universita_Ing_Aerospaziale/CubeSat/LAB STESINA/2024-2025/Code/STM32CubeIDE_1.16.0/STM32CubeIDE/plugins/com.st.stm32cube.ide.mcu.externaltools.gnu-tools-for-stm32.12.3.rel1.win32_1.0.200.202406191623/tools/bin/../lib/gcc/arm-none-eabi/12.3.1/../../../../arm-none-eabi/lib/thumb/v7e-m+fp/hard\libc_nano.a(libc_a-mallocr.o)
                0x0800f640                _malloc_r
 .text.__malloc_lock
                0x0800f740        0xc C:/Scuola/Universita_Ing_Aerospaziale/CubeSat/LAB STESINA/2024-2025/Code/STM32CubeIDE_1.16.0/STM32CubeIDE/plugins/com.st.stm32cube.ide.mcu.externaltools.gnu-tools-for-stm32.12.3.rel1.win32_1.0.200.202406191623/tools/bin/../lib/gcc/arm-none-eabi/12.3.1/../../../../arm-none-eabi/lib/thumb/v7e-m+fp/hard\libc_nano.a(libc_a-mlock.o)
                0x0800f740                __malloc_lock
 .text.__malloc_unlock
                0x0800f74c        0xc C:/Scuola/Universita_Ing_Aerospaziale/CubeSat/LAB STESINA/2024-2025/Code/STM32CubeIDE_1.16.0/STM32CubeIDE/plugins/com.st.stm32cube.ide.mcu.externaltools.gnu-tools-for-stm32.12.3.rel1.win32_1.0.200.202406191623/tools/bin/../lib/gcc/arm-none-eabi/12.3.1/../../../../arm-none-eabi/lib/thumb/v7e-m+fp/hard\libc_nano.a(libc_a-mlock.o)
                0x0800f74c                __malloc_unlock
 .text.__cvt    0x0800f758       0xca C:/Scuola/Universita_Ing_Aerospaziale/CubeSat/LAB STESINA/2024-2025/Code/STM32CubeIDE_1.16.0/STM32CubeIDE/plugins/com.st.stm32cube.ide.mcu.externaltools.gnu-tools-for-stm32.12.3.rel1.win32_1.0.200.202406191623/tools/bin/../lib/gcc/arm-none-eabi/12.3.1/../../../../arm-none-eabi/lib/thumb/v7e-m+fp/hard\libc_nano.a(libc_a-nano-vfprintf_float.o)
                0x0800f758                __cvt
 .text.__exponent
                0x0800f822       0x74 C:/Scuola/Universita_Ing_Aerospaziale/CubeSat/LAB STESINA/2024-2025/Code/STM32CubeIDE_1.16.0/STM32CubeIDE/plugins/com.st.stm32cube.ide.mcu.externaltools.gnu-tools-for-stm32.12.3.rel1.win32_1.0.200.202406191623/tools/bin/../lib/gcc/arm-none-eabi/12.3.1/../../../../arm-none-eabi/lib/thumb/v7e-m+fp/hard\libc_nano.a(libc_a-nano-vfprintf_float.o)
                0x0800f822                __exponent
 *fill*         0x0800f896        0x2 
 .text._printf_float
                0x0800f898      0x454 C:/Scuola/Universita_Ing_Aerospaziale/CubeSat/LAB STESINA/2024-2025/Code/STM32CubeIDE_1.16.0/STM32CubeIDE/plugins/com.st.stm32cube.ide.mcu.externaltools.gnu-tools-for-stm32.12.3.rel1.win32_1.0.200.202406191623/tools/bin/../lib/gcc/arm-none-eabi/12.3.1/../../../../arm-none-eabi/lib/thumb/v7e-m+fp/hard\libc_nano.a(libc_a-nano-vfprintf_float.o)
                0x0800f898                _printf_float
 .text._printf_common
                0x0800fcec       0xda C:/Scuola/Universita_Ing_Aerospaziale/CubeSat/LAB STESINA/2024-2025/Code/STM32CubeIDE_1.16.0/STM32CubeIDE/plugins/com.st.stm32cube.ide.mcu.externaltools.gnu-tools-for-stm32.12.3.rel1.win32_1.0.200.202406191623/tools/bin/../lib/gcc/arm-none-eabi/12.3.1/../../../../arm-none-eabi/lib/thumb/v7e-m+fp/hard\libc_nano.a(libc_a-nano-vfprintf_i.o)
                0x0800fcec                _printf_common
 *fill*         0x0800fdc6        0x2 
 .text._printf_i
                0x0800fdc8      0x240 C:/Scuola/Universita_Ing_Aerospaziale/CubeSat/LAB STESINA/2024-2025/Code/STM32CubeIDE_1.16.0/STM32CubeIDE/plugins/com.st.stm32cube.ide.mcu.externaltools.gnu-tools-for-stm32.12.3.rel1.win32_1.0.200.202406191623/tools/bin/../lib/gcc/arm-none-eabi/12.3.1/../../../../arm-none-eabi/lib/thumb/v7e-m+fp/hard\libc_nano.a(libc_a-nano-vfprintf_i.o)
                0x0800fdc8                _printf_i
 .text.std      0x08010008       0x6c C:/Scuola/Universita_Ing_Aerospaziale/CubeSat/LAB STESINA/2024-2025/Code/STM32CubeIDE_1.16.0/STM32CubeIDE/plugins/com.st.stm32cube.ide.mcu.externaltools.gnu-tools-for-stm32.12.3.rel1.win32_1.0.200.202406191623/tools/bin/../lib/gcc/arm-none-eabi/12.3.1/../../../../arm-none-eabi/lib/thumb/v7e-m+fp/hard\libc_nano.a(libc_a-findfp.o)
 .text.stdio_exit_handler
                0x08010074       0x18 C:/Scuola/Universita_Ing_Aerospaziale/CubeSat/LAB STESINA/2024-2025/Code/STM32CubeIDE_1.16.0/STM32CubeIDE/plugins/com.st.stm32cube.ide.mcu.externaltools.gnu-tools-for-stm32.12.3.rel1.win32_1.0.200.202406191623/tools/bin/../lib/gcc/arm-none-eabi/12.3.1/../../../../arm-none-eabi/lib/thumb/v7e-m+fp/hard\libc_nano.a(libc_a-findfp.o)
 .text.cleanup_stdio
                0x0801008c       0x40 C:/Scuola/Universita_Ing_Aerospaziale/CubeSat/LAB STESINA/2024-2025/Code/STM32CubeIDE_1.16.0/STM32CubeIDE/plugins/com.st.stm32cube.ide.mcu.externaltools.gnu-tools-for-stm32.12.3.rel1.win32_1.0.200.202406191623/tools/bin/../lib/gcc/arm-none-eabi/12.3.1/../../../../arm-none-eabi/lib/thumb/v7e-m+fp/hard\libc_nano.a(libc_a-findfp.o)
 .text.global_stdio_init.part.0
                0x080100cc       0x3c C:/Scuola/Universita_Ing_Aerospaziale/CubeSat/LAB STESINA/2024-2025/Code/STM32CubeIDE_1.16.0/STM32CubeIDE/plugins/com.st.stm32cube.ide.mcu.externaltools.gnu-tools-for-stm32.12.3.rel1.win32_1.0.200.202406191623/tools/bin/../lib/gcc/arm-none-eabi/12.3.1/../../../../arm-none-eabi/lib/thumb/v7e-m+fp/hard\libc_nano.a(libc_a-findfp.o)
 .text.__sfp_lock_acquire
                0x08010108        0xc C:/Scuola/Universita_Ing_Aerospaziale/CubeSat/LAB STESINA/2024-2025/Code/STM32CubeIDE_1.16.0/STM32CubeIDE/plugins/com.st.stm32cube.ide.mcu.externaltools.gnu-tools-for-stm32.12.3.rel1.win32_1.0.200.202406191623/tools/bin/../lib/gcc/arm-none-eabi/12.3.1/../../../../arm-none-eabi/lib/thumb/v7e-m+fp/hard\libc_nano.a(libc_a-findfp.o)
                0x08010108                __sfp_lock_acquire
 .text.__sfp_lock_release
                0x08010114        0xc C:/Scuola/Universita_Ing_Aerospaziale/CubeSat/LAB STESINA/2024-2025/Code/STM32CubeIDE_1.16.0/STM32CubeIDE/plugins/com.st.stm32cube.ide.mcu.externaltools.gnu-tools-for-stm32.12.3.rel1.win32_1.0.200.202406191623/tools/bin/../lib/gcc/arm-none-eabi/12.3.1/../../../../arm-none-eabi/lib/thumb/v7e-m+fp/hard\libc_nano.a(libc_a-findfp.o)
                0x08010114                __sfp_lock_release
 .text.__sinit  0x08010120       0x30 C:/Scuola/Universita_Ing_Aerospaziale/CubeSat/LAB STESINA/2024-2025/Code/STM32CubeIDE_1.16.0/STM32CubeIDE/plugins/com.st.stm32cube.ide.mcu.externaltools.gnu-tools-for-stm32.12.3.rel1.win32_1.0.200.202406191623/tools/bin/../lib/gcc/arm-none-eabi/12.3.1/../../../../arm-none-eabi/lib/thumb/v7e-m+fp/hard\libc_nano.a(libc_a-findfp.o)
                0x08010120                __sinit
 .text._fwalk_sglue
                0x08010150       0x3c C:/Scuola/Universita_Ing_Aerospaziale/CubeSat/LAB STESINA/2024-2025/Code/STM32CubeIDE_1.16.0/STM32CubeIDE/plugins/com.st.stm32cube.ide.mcu.externaltools.gnu-tools-for-stm32.12.3.rel1.win32_1.0.200.202406191623/tools/bin/../lib/gcc/arm-none-eabi/12.3.1/../../../../arm-none-eabi/lib/thumb/v7e-m+fp/hard\libc_nano.a(libc_a-fwalk.o)
                0x08010150                _fwalk_sglue
 .text.printf   0x0801018c       0x24 C:/Scuola/Universita_Ing_Aerospaziale/CubeSat/LAB STESINA/2024-2025/Code/STM32CubeIDE_1.16.0/STM32CubeIDE/plugins/com.st.stm32cube.ide.mcu.externaltools.gnu-tools-for-stm32.12.3.rel1.win32_1.0.200.202406191623/tools/bin/../lib/gcc/arm-none-eabi/12.3.1/../../../../arm-none-eabi/lib/thumb/v7e-m+fp/hard\libc_nano.a(libc_a-printf.o)
                0x0801018c                iprintf
                0x0801018c                printf
 .text._puts_r  0x080101b0       0xaa C:/Scuola/Universita_Ing_Aerospaziale/CubeSat/LAB STESINA/2024-2025/Code/STM32CubeIDE_1.16.0/STM32CubeIDE/plugins/com.st.stm32cube.ide.mcu.externaltools.gnu-tools-for-stm32.12.3.rel1.win32_1.0.200.202406191623/tools/bin/../lib/gcc/arm-none-eabi/12.3.1/../../../../arm-none-eabi/lib/thumb/v7e-m+fp/hard\libc_nano.a(libc_a-puts.o)
                0x080101b0                _puts_r
 *fill*         0x0801025a        0x2 
 .text.puts     0x0801025c       0x10 C:/Scuola/Universita_Ing_Aerospaziale/CubeSat/LAB STESINA/2024-2025/Code/STM32CubeIDE_1.16.0/STM32CubeIDE/plugins/com.st.stm32cube.ide.mcu.externaltools.gnu-tools-for-stm32.12.3.rel1.win32_1.0.200.202406191623/tools/bin/../lib/gcc/arm-none-eabi/12.3.1/../../../../arm-none-eabi/lib/thumb/v7e-m+fp/hard\libc_nano.a(libc_a-puts.o)
                0x0801025c                puts
 .text.__sread  0x0801026c       0x22 C:/Scuola/Universita_Ing_Aerospaziale/CubeSat/LAB STESINA/2024-2025/Code/STM32CubeIDE_1.16.0/STM32CubeIDE/plugins/com.st.stm32cube.ide.mcu.externaltools.gnu-tools-for-stm32.12.3.rel1.win32_1.0.200.202406191623/tools/bin/../lib/gcc/arm-none-eabi/12.3.1/../../../../arm-none-eabi/lib/thumb/v7e-m+fp/hard\libc_nano.a(libc_a-stdio.o)
                0x0801026c                __sread
 .text.__swrite
                0x0801028e       0x38 C:/Scuola/Universita_Ing_Aerospaziale/CubeSat/LAB STESINA/2024-2025/Code/STM32CubeIDE_1.16.0/STM32CubeIDE/plugins/com.st.stm32cube.ide.mcu.externaltools.gnu-tools-for-stm32.12.3.rel1.win32_1.0.200.202406191623/tools/bin/../lib/gcc/arm-none-eabi/12.3.1/../../../../arm-none-eabi/lib/thumb/v7e-m+fp/hard\libc_nano.a(libc_a-stdio.o)
                0x0801028e                __swrite
 .text.__sseek  0x080102c6       0x24 C:/Scuola/Universita_Ing_Aerospaziale/CubeSat/LAB STESINA/2024-2025/Code/STM32CubeIDE_1.16.0/STM32CubeIDE/plugins/com.st.stm32cube.ide.mcu.externaltools.gnu-tools-for-stm32.12.3.rel1.win32_1.0.200.202406191623/tools/bin/../lib/gcc/arm-none-eabi/12.3.1/../../../../arm-none-eabi/lib/thumb/v7e-m+fp/hard\libc_nano.a(libc_a-stdio.o)
                0x080102c6                __sseek
 .text.__sclose
                0x080102ea        0x8 C:/Scuola/Universita_Ing_Aerospaziale/CubeSat/LAB STESINA/2024-2025/Code/STM32CubeIDE_1.16.0/STM32CubeIDE/plugins/com.st.stm32cube.ide.mcu.externaltools.gnu-tools-for-stm32.12.3.rel1.win32_1.0.200.202406191623/tools/bin/../lib/gcc/arm-none-eabi/12.3.1/../../../../arm-none-eabi/lib/thumb/v7e-m+fp/hard\libc_nano.a(libc_a-stdio.o)
                0x080102ea                __sclose
 .text.__swbuf_r
                0x080102f2       0x7c C:/Scuola/Universita_Ing_Aerospaziale/CubeSat/LAB STESINA/2024-2025/Code/STM32CubeIDE_1.16.0/STM32CubeIDE/plugins/com.st.stm32cube.ide.mcu.externaltools.gnu-tools-for-stm32.12.3.rel1.win32_1.0.200.202406191623/tools/bin/../lib/gcc/arm-none-eabi/12.3.1/../../../../arm-none-eabi/lib/thumb/v7e-m+fp/hard\libc_nano.a(libc_a-wbuf.o)
                0x080102f2                __swbuf_r
 *fill*         0x0801036e        0x2 
 .text.__swsetup_r
                0x08010370       0xac C:/Scuola/Universita_Ing_Aerospaziale/CubeSat/LAB STESINA/2024-2025/Code/STM32CubeIDE_1.16.0/STM32CubeIDE/plugins/com.st.stm32cube.ide.mcu.externaltools.gnu-tools-for-stm32.12.3.rel1.win32_1.0.200.202406191623/tools/bin/../lib/gcc/arm-none-eabi/12.3.1/../../../../arm-none-eabi/lib/thumb/v7e-m+fp/hard\libc_nano.a(libc_a-wsetup.o)
                0x08010370                __swsetup_r
 .text.memset   0x0801041c       0x10 C:/Scuola/Universita_Ing_Aerospaziale/CubeSat/LAB STESINA/2024-2025/Code/STM32CubeIDE_1.16.0/STM32CubeIDE/plugins/com.st.stm32cube.ide.mcu.externaltools.gnu-tools-for-stm32.12.3.rel1.win32_1.0.200.202406191623/tools/bin/../lib/gcc/arm-none-eabi/12.3.1/../../../../arm-none-eabi/lib/thumb/v7e-m+fp/hard\libc_nano.a(libc_a-memset.o)
                0x0801041c                memset
 .text._localeconv_r
                0x0801042c        0x8 C:/Scuola/Universita_Ing_Aerospaziale/CubeSat/LAB STESINA/2024-2025/Code/STM32CubeIDE_1.16.0/STM32CubeIDE/plugins/com.st.stm32cube.ide.mcu.externaltools.gnu-tools-for-stm32.12.3.rel1.win32_1.0.200.202406191623/tools/bin/../lib/gcc/arm-none-eabi/12.3.1/../../../../arm-none-eabi/lib/thumb/v7e-m+fp/hard\libc_nano.a(libc_a-localeconv.o)
                0x0801042c                _localeconv_r
 .text._close_r
                0x08010434       0x20 C:/Scuola/Universita_Ing_Aerospaziale/CubeSat/LAB STESINA/2024-2025/Code/STM32CubeIDE_1.16.0/STM32CubeIDE/plugins/com.st.stm32cube.ide.mcu.externaltools.gnu-tools-for-stm32.12.3.rel1.win32_1.0.200.202406191623/tools/bin/../lib/gcc/arm-none-eabi/12.3.1/../../../../arm-none-eabi/lib/thumb/v7e-m+fp/hard\libc_nano.a(libc_a-closer.o)
                0x08010434                _close_r
 .text._lseek_r
                0x08010454       0x24 C:/Scuola/Universita_Ing_Aerospaziale/CubeSat/LAB STESINA/2024-2025/Code/STM32CubeIDE_1.16.0/STM32CubeIDE/plugins/com.st.stm32cube.ide.mcu.externaltools.gnu-tools-for-stm32.12.3.rel1.win32_1.0.200.202406191623/tools/bin/../lib/gcc/arm-none-eabi/12.3.1/../../../../arm-none-eabi/lib/thumb/v7e-m+fp/hard\libc_nano.a(libc_a-lseekr.o)
                0x08010454                _lseek_r
 .text._read_r  0x08010478       0x24 C:/Scuola/Universita_Ing_Aerospaziale/CubeSat/LAB STESINA/2024-2025/Code/STM32CubeIDE_1.16.0/STM32CubeIDE/plugins/com.st.stm32cube.ide.mcu.externaltools.gnu-tools-for-stm32.12.3.rel1.win32_1.0.200.202406191623/tools/bin/../lib/gcc/arm-none-eabi/12.3.1/../../../../arm-none-eabi/lib/thumb/v7e-m+fp/hard\libc_nano.a(libc_a-readr.o)
                0x08010478                _read_r
 .text._sbrk_r  0x0801049c       0x20 C:/Scuola/Universita_Ing_Aerospaziale/CubeSat/LAB STESINA/2024-2025/Code/STM32CubeIDE_1.16.0/STM32CubeIDE/plugins/com.st.stm32cube.ide.mcu.externaltools.gnu-tools-for-stm32.12.3.rel1.win32_1.0.200.202406191623/tools/bin/../lib/gcc/arm-none-eabi/12.3.1/../../../../arm-none-eabi/lib/thumb/v7e-m+fp/hard\libc_nano.a(libc_a-sbrkr.o)
                0x0801049c                _sbrk_r
 .text._write_r
                0x080104bc       0x24 C:/Scuola/Universita_Ing_Aerospaziale/CubeSat/LAB STESINA/2024-2025/Code/STM32CubeIDE_1.16.0/STM32CubeIDE/plugins/com.st.stm32cube.ide.mcu.externaltools.gnu-tools-for-stm32.12.3.rel1.win32_1.0.200.202406191623/tools/bin/../lib/gcc/arm-none-eabi/12.3.1/../../../../arm-none-eabi/lib/thumb/v7e-m+fp/hard\libc_nano.a(libc_a-writer.o)
                0x080104bc                _write_r
 .text.__errno  0x080104e0        0xc C:/Scuola/Universita_Ing_Aerospaziale/CubeSat/LAB STESINA/2024-2025/Code/STM32CubeIDE_1.16.0/STM32CubeIDE/plugins/com.st.stm32cube.ide.mcu.externaltools.gnu-tools-for-stm32.12.3.rel1.win32_1.0.200.202406191623/tools/bin/../lib/gcc/arm-none-eabi/12.3.1/../../../../arm-none-eabi/lib/thumb/v7e-m+fp/hard\libc_nano.a(libc_a-errno.o)
                0x080104e0                __errno
 .text.__libc_init_array
                0x080104ec       0x48 C:/Scuola/Universita_Ing_Aerospaziale/CubeSat/LAB STESINA/2024-2025/Code/STM32CubeIDE_1.16.0/STM32CubeIDE/plugins/com.st.stm32cube.ide.mcu.externaltools.gnu-tools-for-stm32.12.3.rel1.win32_1.0.200.202406191623/tools/bin/../lib/gcc/arm-none-eabi/12.3.1/../../../../arm-none-eabi/lib/thumb/v7e-m+fp/hard\libc_nano.a(libc_a-init.o)
                0x080104ec                __libc_init_array
 .text.__retarget_lock_init_recursive
                0x08010534        0x2 C:/Scuola/Universita_Ing_Aerospaziale/CubeSat/LAB STESINA/2024-2025/Code/STM32CubeIDE_1.16.0/STM32CubeIDE/plugins/com.st.stm32cube.ide.mcu.externaltools.gnu-tools-for-stm32.12.3.rel1.win32_1.0.200.202406191623/tools/bin/../lib/gcc/arm-none-eabi/12.3.1/../../../../arm-none-eabi/lib/thumb/v7e-m+fp/hard\libc_nano.a(libc_a-lock.o)
                0x08010534                __retarget_lock_init_recursive
 .text.__retarget_lock_acquire_recursive
                0x08010536        0x2 C:/Scuola/Universita_Ing_Aerospaziale/CubeSat/LAB STESINA/2024-2025/Code/STM32CubeIDE_1.16.0/STM32CubeIDE/plugins/com.st.stm32cube.ide.mcu.externaltools.gnu-tools-for-stm32.12.3.rel1.win32_1.0.200.202406191623/tools/bin/../lib/gcc/arm-none-eabi/12.3.1/../../../../arm-none-eabi/lib/thumb/v7e-m+fp/hard\libc_nano.a(libc_a-lock.o)
                0x08010536                __retarget_lock_acquire_recursive
 .text.__retarget_lock_release_recursive
                0x08010538        0x2 C:/Scuola/Universita_Ing_Aerospaziale/CubeSat/LAB STESINA/2024-2025/Code/STM32CubeIDE_1.16.0/STM32CubeIDE/plugins/com.st.stm32cube.ide.mcu.externaltools.gnu-tools-for-stm32.12.3.rel1.win32_1.0.200.202406191623/tools/bin/../lib/gcc/arm-none-eabi/12.3.1/../../../../arm-none-eabi/lib/thumb/v7e-m+fp/hard\libc_nano.a(libc_a-lock.o)
                0x08010538                __retarget_lock_release_recursive
 .text.memcpy   0x0801053a       0x1c C:/Scuola/Universita_Ing_Aerospaziale/CubeSat/LAB STESINA/2024-2025/Code/STM32CubeIDE_1.16.0/STM32CubeIDE/plugins/com.st.stm32cube.ide.mcu.externaltools.gnu-tools-for-stm32.12.3.rel1.win32_1.0.200.202406191623/tools/bin/../lib/gcc/arm-none-eabi/12.3.1/../../../../arm-none-eabi/lib/thumb/v7e-m+fp/hard\libc_nano.a(libc_a-memcpy-stub.o)
                0x0801053a                memcpy
 .text.quorem   0x08010556      0x110 C:/Scuola/Universita_Ing_Aerospaziale/CubeSat/LAB STESINA/2024-2025/Code/STM32CubeIDE_1.16.0/STM32CubeIDE/plugins/com.st.stm32cube.ide.mcu.externaltools.gnu-tools-for-stm32.12.3.rel1.win32_1.0.200.202406191623/tools/bin/../lib/gcc/arm-none-eabi/12.3.1/../../../../arm-none-eabi/lib/thumb/v7e-m+fp/hard\libc_nano.a(libc_a-dtoa.o)
 *fill*         0x08010666        0x2 
 .text._dtoa_r  0x08010668      0xb88 C:/Scuola/Universita_Ing_Aerospaziale/CubeSat/LAB STESINA/2024-2025/Code/STM32CubeIDE_1.16.0/STM32CubeIDE/plugins/com.st.stm32cube.ide.mcu.externaltools.gnu-tools-for-stm32.12.3.rel1.win32_1.0.200.202406191623/tools/bin/../lib/gcc/arm-none-eabi/12.3.1/../../../../arm-none-eabi/lib/thumb/v7e-m+fp/hard\libc_nano.a(libc_a-dtoa.o)
                0x08010668                _dtoa_r
 .text._free_r  0x080111f0       0x94 C:/Scuola/Universita_Ing_Aerospaziale/CubeSat/LAB STESINA/2024-2025/Code/STM32CubeIDE_1.16.0/STM32CubeIDE/plugins/com.st.stm32cube.ide.mcu.externaltools.gnu-tools-for-stm32.12.3.rel1.win32_1.0.200.202406191623/tools/bin/../lib/gcc/arm-none-eabi/12.3.1/../../../../arm-none-eabi/lib/thumb/v7e-m+fp/hard\libc_nano.a(libc_a-freer.o)
                0x080111f0                _free_r
 .text._Balloc  0x08011284       0x80 C:/Scuola/Universita_Ing_Aerospaziale/CubeSat/LAB STESINA/2024-2025/Code/STM32CubeIDE_1.16.0/STM32CubeIDE/plugins/com.st.stm32cube.ide.mcu.externaltools.gnu-tools-for-stm32.12.3.rel1.win32_1.0.200.202406191623/tools/bin/../lib/gcc/arm-none-eabi/12.3.1/../../../../arm-none-eabi/lib/thumb/v7e-m+fp/hard\libc_nano.a(libc_a-mprec.o)
                0x08011284                _Balloc
 .text._Bfree   0x08011304       0x44 C:/Scuola/Universita_Ing_Aerospaziale/CubeSat/LAB STESINA/2024-2025/Code/STM32CubeIDE_1.16.0/STM32CubeIDE/plugins/com.st.stm32cube.ide.mcu.externaltools.gnu-tools-for-stm32.12.3.rel1.win32_1.0.200.202406191623/tools/bin/../lib/gcc/arm-none-eabi/12.3.1/../../../../arm-none-eabi/lib/thumb/v7e-m+fp/hard\libc_nano.a(libc_a-mprec.o)
                0x08011304                _Bfree
 .text.__multadd
                0x08011348       0x8c C:/Scuola/Universita_Ing_Aerospaziale/CubeSat/LAB STESINA/2024-2025/Code/STM32CubeIDE_1.16.0/STM32CubeIDE/plugins/com.st.stm32cube.ide.mcu.externaltools.gnu-tools-for-stm32.12.3.rel1.win32_1.0.200.202406191623/tools/bin/../lib/gcc/arm-none-eabi/12.3.1/../../../../arm-none-eabi/lib/thumb/v7e-m+fp/hard\libc_nano.a(libc_a-mprec.o)
                0x08011348                __multadd
 .text.__hi0bits
                0x080113d4       0x3e C:/Scuola/Universita_Ing_Aerospaziale/CubeSat/LAB STESINA/2024-2025/Code/STM32CubeIDE_1.16.0/STM32CubeIDE/plugins/com.st.stm32cube.ide.mcu.externaltools.gnu-tools-for-stm32.12.3.rel1.win32_1.0.200.202406191623/tools/bin/../lib/gcc/arm-none-eabi/12.3.1/../../../../arm-none-eabi/lib/thumb/v7e-m+fp/hard\libc_nano.a(libc_a-mprec.o)
                0x080113d4                __hi0bits
 .text.__lo0bits
                0x08011412       0x5a C:/Scuola/Universita_Ing_Aerospaziale/CubeSat/LAB STESINA/2024-2025/Code/STM32CubeIDE_1.16.0/STM32CubeIDE/plugins/com.st.stm32cube.ide.mcu.externaltools.gnu-tools-for-stm32.12.3.rel1.win32_1.0.200.202406191623/tools/bin/../lib/gcc/arm-none-eabi/12.3.1/../../../../arm-none-eabi/lib/thumb/v7e-m+fp/hard\libc_nano.a(libc_a-mprec.o)
                0x08011412                __lo0bits
 .text.__i2b    0x0801146c       0x2c C:/Scuola/Universita_Ing_Aerospaziale/CubeSat/LAB STESINA/2024-2025/Code/STM32CubeIDE_1.16.0/STM32CubeIDE/plugins/com.st.stm32cube.ide.mcu.externaltools.gnu-tools-for-stm32.12.3.rel1.win32_1.0.200.202406191623/tools/bin/../lib/gcc/arm-none-eabi/12.3.1/../../../../arm-none-eabi/lib/thumb/v7e-m+fp/hard\libc_nano.a(libc_a-mprec.o)
                0x0801146c                __i2b
 .text.__multiply
                0x08011498      0x154 C:/Scuola/Universita_Ing_Aerospaziale/CubeSat/LAB STESINA/2024-2025/Code/STM32CubeIDE_1.16.0/STM32CubeIDE/plugins/com.st.stm32cube.ide.mcu.externaltools.gnu-tools-for-stm32.12.3.rel1.win32_1.0.200.202406191623/tools/bin/../lib/gcc/arm-none-eabi/12.3.1/../../../../arm-none-eabi/lib/thumb/v7e-m+fp/hard\libc_nano.a(libc_a-mprec.o)
                0x08011498                __multiply
 .text.__pow5mult
                0x080115ec       0xb4 C:/Scuola/Universita_Ing_Aerospaziale/CubeSat/LAB STESINA/2024-2025/Code/STM32CubeIDE_1.16.0/STM32CubeIDE/plugins/com.st.stm32cube.ide.mcu.externaltools.gnu-tools-for-stm32.12.3.rel1.win32_1.0.200.202406191623/tools/bin/../lib/gcc/arm-none-eabi/12.3.1/../../../../arm-none-eabi/lib/thumb/v7e-m+fp/hard\libc_nano.a(libc_a-mprec.o)
                0x080115ec                __pow5mult
 .text.__lshift
                0x080116a0       0xd8 C:/Scuola/Universita_Ing_Aerospaziale/CubeSat/LAB STESINA/2024-2025/Code/STM32CubeIDE_1.16.0/STM32CubeIDE/plugins/com.st.stm32cube.ide.mcu.externaltools.gnu-tools-for-stm32.12.3.rel1.win32_1.0.200.202406191623/tools/bin/../lib/gcc/arm-none-eabi/12.3.1/../../../../arm-none-eabi/lib/thumb/v7e-m+fp/hard\libc_nano.a(libc_a-mprec.o)
                0x080116a0                __lshift
 .text.__mcmp   0x08011778       0x36 C:/Scuola/Universita_Ing_Aerospaziale/CubeSat/LAB STESINA/2024-2025/Code/STM32CubeIDE_1.16.0/STM32CubeIDE/plugins/com.st.stm32cube.ide.mcu.externaltools.gnu-tools-for-stm32.12.3.rel1.win32_1.0.200.202406191623/tools/bin/../lib/gcc/arm-none-eabi/12.3.1/../../../../arm-none-eabi/lib/thumb/v7e-m+fp/hard\libc_nano.a(libc_a-mprec.o)
                0x08011778                __mcmp
 *fill*         0x080117ae        0x2 
 .text.__mdiff  0x080117b0      0x128 C:/Scuola/Universita_Ing_Aerospaziale/CubeSat/LAB STESINA/2024-2025/Code/STM32CubeIDE_1.16.0/STM32CubeIDE/plugins/com.st.stm32cube.ide.mcu.externaltools.gnu-tools-for-stm32.12.3.rel1.win32_1.0.200.202406191623/tools/bin/../lib/gcc/arm-none-eabi/12.3.1/../../../../arm-none-eabi/lib/thumb/v7e-m+fp/hard\libc_nano.a(libc_a-mprec.o)
                0x080117b0                __mdiff
 .text.__d2b    0x080118d8       0xb0 C:/Scuola/Universita_Ing_Aerospaziale/CubeSat/LAB STESINA/2024-2025/Code/STM32CubeIDE_1.16.0/STM32CubeIDE/plugins/com.st.stm32cube.ide.mcu.externaltools.gnu-tools-for-stm32.12.3.rel1.win32_1.0.200.202406191623/tools/bin/../lib/gcc/arm-none-eabi/12.3.1/../../../../arm-none-eabi/lib/thumb/v7e-m+fp/hard\libc_nano.a(libc_a-mprec.o)
                0x080118d8                __d2b
 .text.__sfputc_r
                0x08011988       0x2e C:/Scuola/Universita_Ing_Aerospaziale/CubeSat/LAB STESINA/2024-2025/Code/STM32CubeIDE_1.16.0/STM32CubeIDE/plugins/com.st.stm32cube.ide.mcu.externaltools.gnu-tools-for-stm32.12.3.rel1.win32_1.0.200.202406191623/tools/bin/../lib/gcc/arm-none-eabi/12.3.1/../../../../arm-none-eabi/lib/thumb/v7e-m+fp/hard\libc_nano.a(libc_a-nano-vfprintf.o)
 .text.__sfputs_r
                0x080119b6       0x24 C:/Scuola/Universita_Ing_Aerospaziale/CubeSat/LAB STESINA/2024-2025/Code/STM32CubeIDE_1.16.0/STM32CubeIDE/plugins/com.st.stm32cube.ide.mcu.externaltools.gnu-tools-for-stm32.12.3.rel1.win32_1.0.200.202406191623/tools/bin/../lib/gcc/arm-none-eabi/12.3.1/../../../../arm-none-eabi/lib/thumb/v7e-m+fp/hard\libc_nano.a(libc_a-nano-vfprintf.o)
                0x080119b6                __sfputs_r
 *fill*         0x080119da        0x2 
 .text._vfprintf_r
                0x080119dc      0x230 C:/Scuola/Universita_Ing_Aerospaziale/CubeSat/LAB STESINA/2024-2025/Code/STM32CubeIDE_1.16.0/STM32CubeIDE/plugins/com.st.stm32cube.ide.mcu.externaltools.gnu-tools-for-stm32.12.3.rel1.win32_1.0.200.202406191623/tools/bin/../lib/gcc/arm-none-eabi/12.3.1/../../../../arm-none-eabi/lib/thumb/v7e-m+fp/hard\libc_nano.a(libc_a-nano-vfprintf.o)
                0x080119dc                _vfprintf_r
                0x080119dc                _vfiprintf_r
 .text.__sflush_r
                0x08011c0c      0x108 C:/Scuola/Universita_Ing_Aerospaziale/CubeSat/LAB STESINA/2024-2025/Code/STM32CubeIDE_1.16.0/STM32CubeIDE/plugins/com.st.stm32cube.ide.mcu.externaltools.gnu-tools-for-stm32.12.3.rel1.win32_1.0.200.202406191623/tools/bin/../lib/gcc/arm-none-eabi/12.3.1/../../../../arm-none-eabi/lib/thumb/v7e-m+fp/hard\libc_nano.a(libc_a-fflush.o)
                0x08011c0c                __sflush_r
 .text._fflush_r