../Core/Src/bufferUtils.c:18:6:cBuffRotateMemory	48	static
../Core/Src/bufferUtils.c:56:6:pBuffInit	24	static
../Core/Src/bufferUtils.c:67:6:pBuffPrint	24	static
../Core/Src/bufferUtils.c:101:10:pBuffWrite	48	static
../Core/Src/bufferUtils.c:111:10:pBuffRead	48	static
../Core/Src/bufferUtils.c:121:6:pBuffWriteByte	24	static
../Core/Src/bufferUtils.c:130:9:pBuffReadByte	24	static
../Core/Src/bufferUtils.c:138:10:pBuffPush	48	static
../Core/Src/bufferUtils.c:164:10:pBuffPull	48	static
../Core/Src/bufferUtils.c:188:10:pBuffCut	48	static
../Core/Src/bufferUtils.c:198:6:pBuffFlush	16	static
../Core/Src/bufferUtils.c:206:9:pBuffFull	16	static
../Core/Src/bufferUtils.c:212:9:pBuffEmpty	16	static
../Core/Src/bufferUtils.c:218:6:cBuffInit	24	static
../Core/Src/bufferUtils.c:230:6:cBuffPrint	40	static
../Core/Src/bufferUtils.c:279:10:cBuffGetVirtIndex	16	static
../Core/Src/bufferUtils.c:293:10:cBuffGetMemIndex	16	static
../Core/Src/bufferUtils.c:307:6:cBuffPush	32	static
../Core/Src/bufferUtils.c:351:10:cBuffPushToFill	32	static
../Core/Src/bufferUtils.c:366:10:cBuffPull	40	static
../Core/Src/bufferUtils.c:382:10:cBuffWrite	40	static
../Core/Src/bufferUtils.c:410:10:cBuffRead	40	static
../Core/Src/bufferUtils.c:438:10:cBuffCut	72	static
../Core/Src/bufferUtils.c:483:10:cBuffPushRead	48	static
../Core/Src/bufferUtils.c:501:10:cBuffPushPull	40	static
../Core/Src/bufferUtils.c:513:6:cBuffWriteByte	32	static
../Core/Src/bufferUtils.c:522:9:cBuffReadByte	32	static
../Core/Src/bufferUtils.c:531:6:cBuffRotate	64	static
../Core/Src/bufferUtils.c:558:6:cBuffFlush	16	static
../Core/Src/bufferUtils.c:566:9:cBuffFull	16	static
../Core/Src/bufferUtils.c:572:9:cBuffEmpty	16	static
../Core/Src/bufferUtils.c:578:6:cBuffToPlain	16	static
../Core/Src/bufferUtils.c:590:6:pBuffToCirc	16	static
../Core/Src/bufferUtils.c:601:6:pBuffToPlain	16	static
../Core/Src/bufferUtils.c:609:6:cBuffToCirc	16	static
