Archive member included to satisfy reference by file (symbol)

c:/st/stm32cubeide_1.2.0/stm32cubeide/plugins/com.st.stm32cube.ide.mcu.externaltools.gnu-tools-for-stm32.10.3-2021.10.win32_1.0.0.202111181127/tools/bin/../lib/gcc/arm-none-eabi/10.3.1/../../../../arm-none-eabi/lib/thumb/v7e-m+fp/hard\libc_nano.a(lib_a-errno.o)
                              ./Core/Src/syscalls.o (__errno)
c:/st/stm32cubeide_1.2.0/stm32cubeide/plugins/com.st.stm32cube.ide.mcu.externaltools.gnu-tools-for-stm32.10.3-2021.10.win32_1.0.0.202111181127/tools/bin/../lib/gcc/arm-none-eabi/10.3.1/../../../../arm-none-eabi/lib/thumb/v7e-m+fp/hard\libc_nano.a(lib_a-exit.o)
                              c:/st/stm32cubeide_1.2.0/stm32cubeide/plugins/com.st.stm32cube.ide.mcu.externaltools.gnu-tools-for-stm32.10.3-2021.10.win32_1.0.0.202111181127/tools/bin/../lib/gcc/arm-none-eabi/10.3.1/../../../../arm-none-eabi/lib/thumb/v7e-m+fp/hard/crt0.o (exit)
c:/st/stm32cubeide_1.2.0/stm32cubeide/plugins/com.st.stm32cube.ide.mcu.externaltools.gnu-tools-for-stm32.10.3-2021.10.win32_1.0.0.202111181127/tools/bin/../lib/gcc/arm-none-eabi/10.3.1/../../../../arm-none-eabi/lib/thumb/v7e-m+fp/hard\libc_nano.a(lib_a-impure.o)
                              c:/st/stm32cubeide_1.2.0/stm32cubeide/plugins/com.st.stm32cube.ide.mcu.externaltools.gnu-tools-for-stm32.10.3-2021.10.win32_1.0.0.202111181127/tools/bin/../lib/gcc/arm-none-eabi/10.3.1/../../../../arm-none-eabi/lib/thumb/v7e-m+fp/hard\libc_nano.a(lib_a-exit.o) (_global_impure_ptr)
c:/st/stm32cubeide_1.2.0/stm32cubeide/plugins/com.st.stm32cube.ide.mcu.externaltools.gnu-tools-for-stm32.10.3-2021.10.win32_1.0.0.202111181127/tools/bin/../lib/gcc/arm-none-eabi/10.3.1/../../../../arm-none-eabi/lib/thumb/v7e-m+fp/hard\libc_nano.a(lib_a-init.o)
                              c:/st/stm32cubeide_1.2.0/stm32cubeide/plugins/com.st.stm32cube.ide.mcu.externaltools.gnu-tools-for-stm32.10.3-2021.10.win32_1.0.0.202111181127/tools/bin/../lib/gcc/arm-none-eabi/10.3.1/../../../../arm-none-eabi/lib/thumb/v7e-m+fp/hard/crt0.o (__libc_init_array)
c:/st/stm32cubeide_1.2.0/stm32cubeide/plugins/com.st.stm32cube.ide.mcu.externaltools.gnu-tools-for-stm32.10.3-2021.10.win32_1.0.0.202111181127/tools/bin/../lib/gcc/arm-none-eabi/10.3.1/../../../../arm-none-eabi/lib/thumb/v7e-m+fp/hard\libc_nano.a(lib_a-malloc.o)
                              ./Core/Src/freertos.o (malloc)
c:/st/stm32cubeide_1.2.0/stm32cubeide/plugins/com.st.stm32cube.ide.mcu.externaltools.gnu-tools-for-stm32.10.3-2021.10.win32_1.0.0.202111181127/tools/bin/../lib/gcc/arm-none-eabi/10.3.1/../../../../arm-none-eabi/lib/thumb/v7e-m+fp/hard\libc_nano.a(lib_a-memcpy-stub.o)
                              ./Core/Src/freertos.o (memcpy)
c:/st/stm32cubeide_1.2.0/stm32cubeide/plugins/com.st.stm32cube.ide.mcu.externaltools.gnu-tools-for-stm32.10.3-2021.10.win32_1.0.0.202111181127/tools/bin/../lib/gcc/arm-none-eabi/10.3.1/../../../../arm-none-eabi/lib/thumb/v7e-m+fp/hard\libc_nano.a(lib_a-memset.o)
                              c:/st/stm32cubeide_1.2.0/stm32cubeide/plugins/com.st.stm32cube.ide.mcu.externaltools.gnu-tools-for-stm32.10.3-2021.10.win32_1.0.0.202111181127/tools/bin/../lib/gcc/arm-none-eabi/10.3.1/../../../../arm-none-eabi/lib/thumb/v7e-m+fp/hard/crt0.o (memset)
c:/st/stm32cubeide_1.2.0/stm32cubeide/plugins/com.st.stm32cube.ide.mcu.externaltools.gnu-tools-for-stm32.10.3-2021.10.win32_1.0.0.202111181127/tools/bin/../lib/gcc/arm-none-eabi/10.3.1/../../../../arm-none-eabi/lib/thumb/v7e-m+fp/hard\libc_nano.a(lib_a-nano-freer.o)
                              c:/st/stm32cubeide_1.2.0/stm32cubeide/plugins/com.st.stm32cube.ide.mcu.externaltools.gnu-tools-for-stm32.10.3-2021.10.win32_1.0.0.202111181127/tools/bin/../lib/gcc/arm-none-eabi/10.3.1/../../../../arm-none-eabi/lib/thumb/v7e-m+fp/hard\libc_nano.a(lib_a-malloc.o) (_free_r)
c:/st/stm32cubeide_1.2.0/stm32cubeide/plugins/com.st.stm32cube.ide.mcu.externaltools.gnu-tools-for-stm32.10.3-2021.10.win32_1.0.0.202111181127/tools/bin/../lib/gcc/arm-none-eabi/10.3.1/../../../../arm-none-eabi/lib/thumb/v7e-m+fp/hard\libc_nano.a(lib_a-nano-mallocr.o)
                              c:/st/stm32cubeide_1.2.0/stm32cubeide/plugins/com.st.stm32cube.ide.mcu.externaltools.gnu-tools-for-stm32.10.3-2021.10.win32_1.0.0.202111181127/tools/bin/../lib/gcc/arm-none-eabi/10.3.1/../../../../arm-none-eabi/lib/thumb/v7e-m+fp/hard\libc_nano.a(lib_a-malloc.o) (_malloc_r)
c:/st/stm32cubeide_1.2.0/stm32cubeide/plugins/com.st.stm32cube.ide.mcu.externaltools.gnu-tools-for-stm32.10.3-2021.10.win32_1.0.0.202111181127/tools/bin/../lib/gcc/arm-none-eabi/10.3.1/../../../../arm-none-eabi/lib/thumb/v7e-m+fp/hard\libc_nano.a(lib_a-nano-vfprintf_float.o)
                              (_printf_float)
[...]
Memory Configuration

Name             Origin             Length             Attributes
RAM              0x0000000020000000 0x0000000000028000 xrw
RAM2             0x0000000010000000 0x0000000000008000 xrw
FLASH            0x0000000008000000 0x0000000000080000 xr
*default*        0x0000000000000000 0xffffffffffffffff

Linker script and memory map

LOAD c:/st/stm32cubeide_1.2.0/stm32cubeide/plugins/com.st.stm32cube.ide.mcu.externaltools.gnu-tools-for-stm32.10.3-2021.10.win32_1.0.0.202111181127/tools/bin/../lib/gcc/arm-none-eabi/10.3.1/thumb/v7e-m+fp/hard/crti.o
LOAD c:/st/stm32cubeide_1.2.0/stm32cubeide/plugins/com.st.stm32cube.ide.mcu.externaltools.gnu-tools-for-stm32.10.3-2021.10.win32_1.0.0.202111181127/tools/bin/../lib/gcc/arm-none-eabi/10.3.1/thumb/v7e-m+fp/hard/crtbegin.o
LOAD c:/st/stm32cubeide_1.2.0/stm32cubeide/plugins/com.st.stm32cube.ide.mcu.externaltools.gnu-tools-for-stm32.10.3-2021.10.win32_1.0.0.202111181127/tools/bin/../lib/gcc/arm-none-eabi/10.3.1/../../../../arm-none-eabi/lib/thumb/v7e-m+fp/hard/crt0.o
LOAD ./Core/Src/MTi1.o
LOAD ./Core/Src/UARTdriver.o
LOAD ./Core/Src/actuator_driver.o
LOAD ./Core/Src/adc.o
LOAD ./Core/Src/bufferUtils.o
LOAD ./Core/Src/can.o
LOAD ./Core/Src/frameUtils.o
LOAD ./Core/Src/freertos.o
LOAD ./Core/Src/gpio.o
LOAD ./Core/Src/main.o
LOAD ./Core/Src/pid_conversions.o
LOAD ./Core/Src/queue_structs.o
LOAD ./Core/Src/sensors.o
LOAD ./Core/Src/simpleDataLink.o
LOAD ./Core/Src/spi.o
LOAD ./Core/Src/stm32l4xx_hal_msp.o
LOAD ./Core/Src/stm32l4xx_hal_timebase_tim.o
LOAD ./Core/Src/stm32l4xx_it.o
LOAD ./Core/Src/syscalls.o
LOAD ./Core/Src/sysmem.o
LOAD ./Core/Src/system_stm32l4xx.o
LOAD ./Core/Src/tim.o
LOAD ./Core/Src/usart.o
LOAD ./Core/Startup/startup_stm32l452retx.o
LOAD ./Drivers/STM32L4xx_HAL_Driver/Src/stm32l4xx_hal.o
LOAD ./Drivers/STM32L4xx_HAL_Driver/Src/stm32l4xx_hal_adc.o
LOAD ./Drivers/STM32L4xx_HAL_Driver/Src/stm32l4xx_hal_adc_ex.o
LOAD ./Drivers/STM32L4xx_HAL_Driver/Src/stm32l4xx_hal_can.o
LOAD ./Drivers/STM32L4xx_HAL_Driver/Src/stm32l4xx_hal_cortex.o
LOAD ./Drivers/STM32L4xx_HAL_Driver/Src/stm32l4xx_hal_dma.o
LOAD ./Drivers/STM32L4xx_HAL_Driver/Src/stm32l4xx_hal_dma_ex.o
LOAD ./Drivers/STM32L4xx_HAL_Driver/Src/stm32l4xx_hal_exti.o
LOAD ./Drivers/STM32L4xx_HAL_Driver/Src/stm32l4xx_hal_flash.o
LOAD ./Drivers/STM32L4xx_HAL_Driver/Src/stm32l4xx_hal_flash_ex.o
LOAD ./Drivers/STM32L4xx_HAL_Driver/Src/stm32l4xx_hal_flash_ramfunc.o
LOAD ./Drivers/STM32L4xx_HAL_Driver/Src/stm32l4xx_hal_gpio.o
LOAD ./Drivers/STM32L4xx_HAL_Driver/Src/stm32l4xx_hal_i2c.o
LOAD ./Drivers/STM32L4xx_HAL_Driver/Src/stm32l4xx_hal_i2c_ex.o
LOAD ./Drivers/STM32L4xx_HAL_Driver/Src/stm32l4xx_hal_pwr.o
LOAD ./Drivers/STM32L4xx_HAL_Driver/Src/stm32l4xx_hal_pwr_ex.o
LOAD ./Drivers/STM32L4xx_HAL_Driver/Src/stm32l4xx_hal_rcc.o
LOAD ./Drivers/STM32L4xx_HAL_Driver/Src/stm32l4xx_hal_rcc_ex.o
LOAD ./Drivers/STM32L4xx_HAL_Driver/Src/stm32l4xx_hal_spi.o
LOAD ./Drivers/STM32L4xx_HAL_Driver/Src/stm32l4xx_hal_spi_ex.o
LOAD ./Drivers/STM32L4xx_HAL_Driver/Src/stm32l4xx_hal_tim.o
LOAD ./Drivers/STM32L4xx_HAL_Driver/Src/stm32l4xx_hal_tim_ex.o
LOAD ./Drivers/STM32L4xx_HAL_Driver/Src/stm32l4xx_hal_uart.o
LOAD ./Drivers/STM32L4xx_HAL_Driver/Src/stm32l4xx_hal_uart_ex.o
LOAD ./Middlewares/Third_Party/FreeRTOS/Source/CMSIS_RTOS/cmsis_os.o
LOAD ./Middlewares/Third_Party/FreeRTOS/Source/croutine.o
LOAD ./Middlewares/Third_Party/FreeRTOS/Source/event_groups.o
LOAD ./Middlewares/Third_Party/FreeRTOS/Source/list.o
LOAD ./Middlewares/Third_Party/FreeRTOS/Source/queue.o
LOAD ./Middlewares/Third_Party/FreeRTOS/Source/stream_buffer.o
LOAD ./Middlewares/Third_Party/FreeRTOS/Source/tasks.o
LOAD ./Middlewares/Third_Party/FreeRTOS/Source/timers.o
LOAD ./Middlewares/Third_Party/FreeRTOS/Source/portable/GCC/ARM_CM4F/port.o
START GROUP
LOAD c:/st/stm32cubeide_1.2.0/stm32cubeide/plugins/com.st.stm32cube.ide.mcu.externaltools.gnu-tools-for-stm32.10.3-2021.10.win32_1.0.0.202111181127/tools/bin/../lib/gcc/arm-none-eabi/10.3.1/../../../../arm-none-eabi/lib/thumb/v7e-m+fp/hard\libc_nano.a
LOAD c:/st/stm32cubeide_1.2.0/stm32cubeide/plugins/com.st.stm32cube.ide.mcu.externaltools.gnu-tools-for-stm32.10.3-2021.10.win32_1.0.0.202111181127/tools/bin/../lib/gcc/arm-none-eabi/10.3.1/../../../../arm-none-eabi/lib/thumb/v7e-m+fp/hard\libm.a
END GROUP
START GROUP
LOAD c:/st/stm32cubeide_1.2.0/stm32cubeide/plugins/com.st.stm32cube.ide.mcu.externaltools.gnu-tools-for-stm32.10.3-2021.10.win32_1.0.0.202111181127/tools/bin/../lib/gcc/arm-none-eabi/10.3.1/thumb/v7e-m+fp/hard\libgcc.a
LOAD c:/st/stm32cubeide_1.2.0/stm32cubeide/plugins/com.st.stm32cube.ide.mcu.externaltools.gnu-tools-for-stm32.10.3-2021.10.win32_1.0.0.202111181127/tools/bin/../lib/gcc/arm-none-eabi/10.3.1/../../../../arm-none-eabi/lib/thumb/v7e-m+fp/hard\libc_nano.a
END GROUP
START GROUP
LOAD c:/st/stm32cubeide_1.2.0/stm32cubeide/plugins/com.st.stm32cube.ide.mcu.externaltools.gnu-tools-for-stm32.10.3-2021.10.win32_1.0.0.202111181127/tools/bin/../lib/gcc/arm-none-eabi/10.3.1/thumb/v7e-m+fp/hard\libgcc.a
LOAD c:/st/stm32cubeide_1.2.0/stm32cubeide/plugins/com.st.stm32cube.ide.mcu.externaltools.gnu-tools-for-stm32.10.3-2021.10.win32_1.0.0.202111181127/tools/bin/../lib/gcc/arm-none-eabi/10.3.1/../../../../arm-none-eabi/lib/thumb/v7e-m+fp/hard\libc_nano.a
LOAD c:/st/stm32cubeide_1.2.0/stm32cubeide/plugins/com.st.stm32cube.ide.mcu.externaltools.gnu-tools-for-stm32.10.3-2021.10.win32_1.0.0.202111181127/tools/bin/../lib/gcc/arm-none-eabi/10.3.1/../../../../arm-none-eabi/lib/thumb/v7e-m+fp/hard\libnosys.a
END GROUP
START GROUP
LOAD c:/st/stm32cubeide_1.2.0/stm32cubeide/plugins/com.st.stm32cube.ide.mcu.externaltools.gnu-tools-for-stm32.10.3-2021.10.win32_1.0.0.202111181127/tools/bin/../lib/gcc/arm-none-eabi/10.3.1/thumb/v7e-m+fp/hard\libgcc.a
LOAD c:/st/stm32cubeide_1.2.0/stm32cubeide/plugins/com.st.stm32cube.ide.mcu.externaltools.gnu-tools-for-stm32.10.3-2021.10.win32_1.0.0.202111181127/tools/bin/../lib/gcc/arm-none-eabi/10.3.1/../../../../arm-none-eabi/lib/thumb/v7e-m+fp/hard\libc_nano.a
LOAD c:/st/stm32cubeide_1.2.0/stm32cubeide/plugins/com.st.stm32cube.ide.mcu.externaltools.gnu-tools-for-stm32.10.3-2021.10.win32_1.0.0.202111181127/tools/bin/../lib/gcc/arm-none-eabi/10.3.1/../../../../arm-none-eabi/lib/thumb/v7e-m+fp/hard\libnosys.a
END GROUP
LOAD c:/st/stm32cubeide_1.2.0/stm32cubeide/plugins/com.st.stm32cube.ide.mcu.externaltools.gnu-tools-for-stm32.10.3-2021.10.win32_1.0.0.202111181127/tools/bin/../lib/gcc/arm-none-eabi/10.3.1/thumb/v7e-m+fp/hard/crtend.o
LOAD c:/st/stm32cubeide_1.2.0/stm32cubeide/plugins/com.st.stm32cube.ide.mcu.externaltools.gnu-tools-for-stm32.10.3-2021.10.win32_1.0.0.202111181127/tools/bin/../lib/gcc/arm-none-eabi/10.3.1/thumb/v7e-m+fp/hard/crtn.o
                0x0000000020028000                _estack = (ORIGIN (RAM) + LENGTH (RAM))
                0x0000000000000200                _Min_Heap_Size = 0x200
                0x0000000000000400                _Min_Stack_Size = 0x400

.isr_vector     0x0000000008000000      0x194
                0x0000000008000000                . = ALIGN (0x4)
 *(.isr_vector)
 .isr_vector    0x0000000008000000      0x194 ./Core/Startup/startup_stm32l452retx.o
                0x0000000008000000                g_pfnVectors
                0x0000000008000194                . = ALIGN (0x4)

.text           0x00000000080001a0    0x123a8
                0x00000000080001a0                . = ALIGN (0x4)
 *(.text)
 .text          0x00000000080001a0       0x40 c:/st/stm32cubeide_1.2.0/stm32cubeide/plugins/com.st.stm32cube.ide.mcu.externaltools.gnu-tools-for-stm32.10.3-2021.10.win32_1.0.0.202111181127/tools/bin/../lib/gcc/arm-none-eabi/10.3.1/thumb/v7e-m+fp/hard/crtbegin.o
 .text          0x00000000080001e0       0x10 c:/st/stm32cubeide_1.2.0/stm32cubeide/plugins/com.st.stm32cube.ide.mcu.externaltools.gnu-tools-for-stm32.10.3-2021.10.win32_1.0.0.202111181127/tools/bin/../lib/gcc/arm-none-eabi/10.3.1/../../../../arm-none-eabi/lib/thumb/v7e-m+fp/hard\libc_nano.a(lib_a-strlen.o)
                0x00000000080001e0                strlen
 .text          0x00000000080001f0       0xa0 c:/st/stm32cubeide_1.2.0/stm32cubeide/plugins/com.st.stm32cube.ide.mcu.externaltools.gnu-tools-for-stm32.10.3-2021.10.win32_1.0.0.202111181127/tools/bin/../lib/gcc/arm-none-eabi/10.3.1/../../../../arm-none-eabi/lib/thumb/v7e-m+fp/hard\libc_nano.a(lib_a-memchr.o)
                0x00000000080001f0                memchr
 .text          0x0000000008000290      0x378 c:/st/stm32cubeide_1.2.0/stm32cubeide/plugins/com.st.stm32cube.ide.mcu.externaltools.gnu-tools-for-stm32.10.3-2021.10.win32_1.0.0.202111181127/tools/bin/../lib/gcc/arm-none-eabi/10.3.1/thumb/v7e-m+fp/hard\libgcc.a(_arm_addsubdf3.o)
                0x0000000008000290                __aeabi_drsub
                0x0000000008000298                __aeabi_dsub
                0x0000000008000298                __subdf3
                0x000000000800029c                __aeabi_dadd
                0x000000000800029c                __adddf3
                0x0000000008000514                __floatunsidf
                0x0000000008000514                __aeabi_ui2d
                0x0000000008000534                __floatsidf
                0x0000000008000534                __aeabi_i2d
                0x0000000008000558                __aeabi_f2d
                0x0000000008000558                __extendsfdf2
                0x000000000800059c                __floatundidf
                0x000000000800059c                __aeabi_ul2d
                0x00000000080005ac                __floatdidf
                0x00000000080005ac                __aeabi_l2d
 .text          0x0000000008000608      0x424 c:/st/stm32cubeide_1.2.0/stm32cubeide/plugins/com.st.stm32cube.ide.mcu.externaltools.gnu-tools-for-stm32.10.3-2021.10.win32_1.0.0.202111181127/tools/bin/../lib/gcc/arm-none-eabi/10.3.1/thumb/v7e-m+fp/hard\libgcc.a(_arm_muldivdf3.o)
                0x0000000008000608                __aeabi_dmul
                0x0000000008000608                __muldf3
                0x000000000800085c                __divdf3
                0x000000000800085c                __aeabi_ddiv
 .text          0x0000000008000a2c      0x110 c:/st/stm32cubeide_1.2.0/stm32cubeide/plugins/com.st.stm32cube.ide.mcu.externaltools.gnu-tools-for-stm32.10.3-2021.10.win32_1.0.0.202111181127/tools/bin/../lib/gcc/arm-none-eabi/10.3.1/thumb/v7e-m+fp/hard\libgcc.a(_arm_cmpdf2.o)
                0x0000000008000a2c                __gtdf2
                0x0000000008000a2c                __gedf2
                0x0000000008000a34                __ltdf2
                0x0000000008000a34                __ledf2
                0x0000000008000a3c                __nedf2
                0x0000000008000a3c                __eqdf2
                0x0000000008000a3c                __cmpdf2
                0x0000000008000ab8                __aeabi_cdrcmple
                0x0000000008000ac8                __aeabi_cdcmpeq
                0x0000000008000ac8                __aeabi_cdcmple
                0x0000000008000ad8                __aeabi_dcmpeq
                0x0000000008000aec                __aeabi_dcmplt
                0x0000000008000b00                __aeabi_dcmple
                0x0000000008000b14                __aeabi_dcmpge
                0x0000000008000b28                __aeabi_dcmpgt
 .text          0x0000000008000b3c       0x2c c:/st/stm32cubeide_1.2.0/stm32cubeide/plugins/com.st.stm32cube.ide.mcu.externaltools.gnu-tools-for-stm32.10.3-2021.10.win32_1.0.0.202111181127/tools/bin/../lib/gcc/arm-none-eabi/10.3.1/thumb/v7e-m+fp/hard\libgcc.a(_arm_unorddf2.o)
                0x0000000008000b3c                __unorddf2
                0x0000000008000b3c                __aeabi_dcmpun
 .text          0x0000000008000b68       0x50 c:/st/stm32cubeide_1.2.0/stm32cubeide/plugins/com.st.stm32cube.ide.mcu.externaltools.gnu-tools-for-stm32.10.3-2021.10.win32_1.0.0.202111181127/tools/bin/../lib/gcc/arm-none-eabi/10.3.1/thumb/v7e-m+fp/hard\libgcc.a(_arm_fixdfsi.o)
                0x0000000008000b68                __aeabi_d2iz
                0x0000000008000b68                __fixdfsi
 .text          0x0000000008000bb8       0xa0 c:/st/stm32cubeide_1.2.0/stm32cubeide/plugins/com.st.stm32cube.ide.mcu.externaltools.gnu-tools-for-stm32.10.3-2021.10.win32_1.0.0.202111181127/tools/bin/../lib/gcc/arm-none-eabi/10.3.1/thumb/v7e-m+fp/hard\libgcc.a(_arm_truncdfsf2.o)
                0x0000000008000bb8                __truncdfsf2
                0x0000000008000bb8                __aeabi_d2f
 .text          0x0000000008000c58       0x30 c:/st/stm32cubeide_1.2.0/stm32cubeide/plugins/com.st.stm32cube.ide.mcu.externaltools.gnu-tools-for-stm32.10.3-2021.10.win32_1.0.0.202111181127/tools/bin/../lib/gcc/arm-none-eabi/10.3.1/thumb/v7e-m+fp/hard\libgcc.a(_aeabi_uldivmod.o)
                0x0000000008000c58                __aeabi_uldivmod
 .text          0x0000000008000c88      0x2d0 c:/st/stm32cubeide_1.2.0/stm32cubeide/plugins/com.st.stm32cube.ide.mcu.externaltools.gnu-tools-for-stm32.10.3-2021.10.win32_1.0.0.202111181127/tools/bin/../lib/gcc/arm-none-eabi/10.3.1/thumb/v7e-m+fp/hard\libgcc.a(_udivmoddi4.o)
                0x0000000008000c88                __udivmoddi4
 .text          0x0000000008000f58        0x4 c:/st/stm32cubeide_1.2.0/stm32cubeide/plugins/com.st.stm32cube.ide.mcu.externaltools.gnu-tools-for-stm32.10.3-2021.10.win32_1.0.0.202111181127/tools/bin/../lib/gcc/arm-none-eabi/10.3.1/thumb/v7e-m+fp/hard\libgcc.a(_dvmd_tls.o)
                0x0000000008000f58                __aeabi_idiv0
                0x0000000008000f58                __aeabi_ldiv0
 *(.text*)
 .text.computeChecksum
                0x0000000008000f5c       0x5c ./Core/Src/MTi1.o
 .text.sendMsg  0x0000000008000fb8       0x80 ./Core/Src/MTi1.o
 .text.receiveMsg
                0x0000000008001038      0x1c0 ./Core/Src/MTi1.o
 .text.imuAckTransaction
                0x00000000080011f8       0x54 ./Core/Src/MTi1.o
 .text.initIMUConfig
                0x000000000800124c      0x110 ./Core/Src/MTi1.o
                0x000000000800124c                initIMUConfig
 .text.writeIMUDataArray
                0x000000000800135c       0x70 ./Core/Src/MTi1.o
                0x000000000800135c                writeIMUDataArray
 .text.readIMUPacket
                0x00000000080013cc       0x70 ./Core/Src/MTi1.o
                0x00000000080013cc                readIMUPacket
 .text.__NVIC_EnableIRQ
                0x000000000800143c       0x3c ./Core/Src/UARTdriver.o
 .text.__NVIC_GetEnableIRQ
                0x0000000008001478       0x40 ./Core/Src/UARTdriver.o
 .text.__NVIC_DisableIRQ
                0x00000000080014b8       0x48 ./Core/Src/UARTdriver.o
 .text.initDriver_UART
                0x0000000008001500       0x3c ./Core/Src/UARTdriver.o
                0x0000000008001500                initDriver_UART
 .text.addDriver_UART
                0x000000000800153c      0x17c ./Core/Src/UARTdriver.o
                0x000000000800153c                addDriver_UART
 .text.receiveDriver_UART
                0x00000000080016b8       0xa4 ./Core/Src/UARTdriver.o
                0x00000000080016b8                receiveDriver_UART
 .text.sendDriver_UART
                0x000000000800175c      0x164 ./Core/Src/UARTdriver.o
                0x000000000800175c                sendDriver_UART
 .text.flushRXDriver_UART
                0x00000000080018c0       0x70 ./Core/Src/UARTdriver.o
                0x00000000080018c0                flushRXDriver_UART
 .text.HAL_UART_ErrorCallback
                0x0000000008001930       0x70 ./Core/Src/UARTdriver.o
                0x0000000008001930                HAL_UART_ErrorCallback
 .text.HAL_UART_RxCpltCallback
                0x00000000080019a0       0xf4 ./Core/Src/UARTdriver.o
                0x00000000080019a0                HAL_UART_RxCpltCallback
 .text.HAL_UART_TxCpltCallback
                0x0000000008001a94       0xb4 ./Core/Src/UARTdriver.o
                0x0000000008001a94                HAL_UART_TxCpltCallback
 .text.init_actuator_handler
                0x0000000008001b48      0x2c8 ./Core/Src/actuator_driver.o
                0x0000000008001b48                init_actuator_handler
 .text.get_actuator_current
                0x0000000008001e10      0x300 ./Core/Src/actuator_driver.o
                0x0000000008001e10                get_actuator_current
 .text.ADC_Select_CH1
                0x0000000008002110       0x50 ./Core/Src/actuator_driver.o
                0x0000000008002110                ADC_Select_CH1
 .text.ADC_Select_CH2
                0x0000000008002160       0x50 ./Core/Src/actuator_driver.o
                0x0000000008002160                ADC_Select_CH2
 .text.ADC_Select_CH3
                0x00000000080021b0       0x50 ./Core/Src/actuator_driver.o
                0x00000000080021b0                ADC_Select_CH3
 .text.ADC_Select_CH4
                0x0000000008002200       0x50 ./Core/Src/actuator_driver.o
                0x0000000008002200                ADC_Select_CH4
 .text.ADC_Select_CH16
                0x0000000008002250       0x50 ./Core/Src/actuator_driver.o
                0x0000000008002250                ADC_Select_CH16
 .text.MX_ADC1_Init
                0x00000000080022a0       0xb0 ./Core/Src/adc.o
                0x00000000080022a0                MX_ADC1_Init
 .text.HAL_ADC_MspInit
                0x0000000008002350      0x108 ./Core/Src/adc.o
                0x0000000008002350                HAL_ADC_MspInit
 .text.cBuffInit
                0x0000000008002458       0x40 ./Core/Src/bufferUtils.o
                0x0000000008002458                cBuffInit
 .text.cBuffGetVirtIndex
                0x0000000008002498       0x5c ./Core/Src/bufferUtils.o
                0x0000000008002498                cBuffGetVirtIndex
 .text.cBuffGetMemIndex
                0x00000000080024f4       0x62 ./Core/Src/bufferUtils.o
                0x00000000080024f4                cBuffGetMemIndex
 .text.cBuffPush
                0x0000000008002556       0xf8 ./Core/Src/bufferUtils.o
                0x0000000008002556                cBuffPush
 .text.cBuffPushToFill
                0x000000000800264e       0x5a ./Core/Src/bufferUtils.o
                0x000000000800264e                cBuffPushToFill
 .text.cBuffPull
                0x00000000080026a8       0x62 ./Core/Src/bufferUtils.o
                0x00000000080026a8                cBuffPull
 .text.cBuffRead
                0x000000000800270a       0xc2 ./Core/Src/bufferUtils.o
                0x000000000800270a                cBuffRead
 .text.cBuffCut
                0x00000000080027cc      0x1c4 ./Core/Src/bufferUtils.o
                0x00000000080027cc                cBuffCut
 .text.cBuffPushRead
                0x0000000008002990       0xa6 ./Core/Src/bufferUtils.o
                0x0000000008002990                cBuffPushRead
 .text.cBuffPushPull
                0x0000000008002a36       0x76 ./Core/Src/bufferUtils.o
                0x0000000008002a36                cBuffPushPull
 .text.cBuffReadByte
                0x0000000008002aac       0x70 ./Core/Src/bufferUtils.o
                0x0000000008002aac                cBuffReadByte
 .text.cBuffFlush
                0x0000000008002b1c       0x22 ./Core/Src/bufferUtils.o
                0x0000000008002b1c                cBuffFlush
 .text.cBuffFull
                0x0000000008002b3e       0x30 ./Core/Src/bufferUtils.o
                0x0000000008002b3e                cBuffFull
 .text.cBuffToCirc
                0x0000000008002b6e       0x44 ./Core/Src/bufferUtils.o
                0x0000000008002b6e                cBuffToCirc
 *fill*         0x0000000008002bb2        0x2 
 .text.MX_CAN1_Init
                0x0000000008002bb4       0x6c ./Core/Src/can.o
                0x0000000008002bb4                MX_CAN1_Init
 .text.HAL_CAN_MspInit
                0x0000000008002c20       0xa8 ./Core/Src/can.o
                0x0000000008002c20                HAL_CAN_MspInit
 .text.checkByteIsPartOfPattern
                0x0000000008002cc8      0x162 ./Core/Src/frameUtils.o
 .text.searchFrame
                0x0000000008002e2a      0x314 ./Core/Src/frameUtils.o
                0x0000000008002e2a                searchFrame
 .text.searchFrameAdvance
                0x000000000800313e      0x11c ./Core/Src/frameUtils.o
                0x000000000800313e                searchFrameAdvance
 *fill*         0x000000000800325a        0x2 
 .text.txFunc1  0x000000000800325c       0x30 ./Core/Src/freertos.o
                0x000000000800325c                txFunc1
 .text.rxFunc1  0x000000000800328c       0x2c ./Core/Src/freertos.o
                0x000000000800328c                rxFunc1
 .text.sdlTimeTick
                0x00000000080032b8        0xe ./Core/Src/freertos.o
                0x00000000080032b8                sdlTimeTick
 *fill*         0x00000000080032c6        0x2 
 .text.__io_putchar
                0x00000000080032c8       0x2c ./Core/Src/freertos.o
                0x00000000080032c8                __io_putchar
 .text.vApplicationGetIdleTaskMemory
                0x00000000080032f4       0x34 ./Core/Src/freertos.o
                0x00000000080032f4                vApplicationGetIdleTaskMemory
 .text.vApplicationGetTimerTaskMemory
                0x0000000008003328       0x34 ./Core/Src/freertos.o
                0x0000000008003328                vApplicationGetTimerTaskMemory
 .text.MX_FREERTOS_Init
                0x000000000800335c      0x28c ./Core/Src/freertos.o
                0x000000000800335c                MX_FREERTOS_Init
 .text.StartDefaultTask
                0x00000000080035e8       0x10 ./Core/Src/freertos.o
                0x00000000080035e8                StartDefaultTask
 .text.Check_current_temp
                0x00000000080035f8      0x120 ./Core/Src/freertos.o
                0x00000000080035f8                Check_current_temp
 .text.OBC_Comm_Task
                0x0000000008003718      0x2b8 ./Core/Src/freertos.o
                0x0000000008003718                OBC_Comm_Task
 .text.Control_Algorithm_Task
                0x00000000080039d0      0x128 ./Core/Src/freertos.o
                0x00000000080039d0                Control_Algorithm_Task
 .text.IMU_Task
                0x0000000008003af8      0x12c ./Core/Src/freertos.o
                0x0000000008003af8                IMU_Task
 .text.MX_GPIO_Init
                0x0000000008003c24      0x134 ./Core/Src/gpio.o
                0x0000000008003c24                MX_GPIO_Init
 .text.main     0x0000000008003d58       0x42 ./Core/Src/main.o
                0x0000000008003d58                main
 .text.SystemClock_Config
                0x0000000008003d9a       0xa2 ./Core/Src/main.o
                0x0000000008003d9a                SystemClock_Config
 .text.HAL_TIM_PeriodElapsedCallback
                0x0000000008003e3c       0x24 ./Core/Src/main.o
                0x0000000008003e3c                HAL_TIM_PeriodElapsedCallback
 .text.Error_Handler
                0x0000000008003e60        0xa ./Core/Src/main.o
                0x0000000008003e60                Error_Handler
 *fill*         0x0000000008003e6a        0x2 
 .text.PID_INIT
                0x0000000008003e6c       0x94 ./Core/Src/pid_conversions.o
                0x0000000008003e6c                PID_INIT
 .text.processCombinedData
                0x0000000008003f00       0x1c ./Core/Src/queue_structs.o
                0x0000000008003f00                processCombinedData
 .text.receive_IMUqueue_control
                0x0000000008003f1c       0x80 ./Core/Src/queue_structs.o
                0x0000000008003f1c                receive_IMUqueue_control
 .text.receive_IMUqueue_OBC
                0x0000000008003f9c       0x78 ./Core/Src/queue_structs.o
                0x0000000008003f9c                receive_IMUqueue_OBC
 .text.receive_Current_Tempqueue_OBC
                0x0000000008004014       0x98 ./Core/Src/queue_structs.o
                0x0000000008004014                receive_Current_Tempqueue_OBC
 .text.receive_Attitudequeue_control
                0x00000000080040ac       0x6c ./Core/Src/queue_structs.o
                0x00000000080040ac                receive_Attitudequeue_control
 .text.init_tempsens_handler
                0x0000000008004118       0xb0 ./Core/Src/sensors.o
                0x0000000008004118                init_tempsens_handler
 .text.select_input
                0x00000000080041c8      0x170 ./Core/Src/sensors.o
                0x00000000080041c8                select_input
 .text.ADC_Conversion
                0x0000000008004338      0x1a8 ./Core/Src/sensors.o
                0x0000000008004338                ADC_Conversion
 .text.voltage_to_temperature_conv
                0x00000000080044e0       0xf0 ./Core/Src/sensors.o
                0x00000000080044e0                voltage_to_temperature_conv
 .text.get_temperatures
                0x00000000080045d0      0x188 ./Core/Src/sensors.o
                0x00000000080045d0                get_temperatures
 .text.num16ToNet
                0x0000000008004758       0x2e ./Core/Src/simpleDataLink.o
                0x0000000008004758                num16ToNet
 .text.netToNum16
                0x0000000008004786       0x2a ./Core/Src/simpleDataLink.o
                0x0000000008004786                netToNum16
 .text.doByteStuffing
                0x00000000080047b0       0xb0 ./Core/Src/simpleDataLink.o
                0x00000000080047b0                doByteStuffing
 .text.undoByteStuffing
                0x0000000008004860       0xbc ./Core/Src/simpleDataLink.o
                0x0000000008004860                undoByteStuffing
 .text.computeCRCwithLUT
                0x000000000800491c       0x84 ./Core/Src/simpleDataLink.o
                0x000000000800491c                computeCRCwithLUT
 .text.addCRC   0x00000000080049a0       0x5c ./Core/Src/simpleDataLink.o
                0x00000000080049a0                addCRC
 .text.removeVerifyCRC
                0x00000000080049fc       0x54 ./Core/Src/simpleDataLink.o
                0x00000000080049fc                removeVerifyCRC
 .text.computeHash
                0x0000000008004a50       0x2c ./Core/Src/simpleDataLink.o
                0x0000000008004a50                computeHash
 .text.frame    0x0000000008004a7c       0x78 ./Core/Src/simpleDataLink.o
                0x0000000008004a7c                frame
 .text.deframe  0x0000000008004af4       0x8c ./Core/Src/simpleDataLink.o
                0x0000000008004af4                deframe
 .text.sendFrame
                0x0000000008004b80      0x100 ./Core/Src/simpleDataLink.o
                0x0000000008004b80                sendFrame
 .text.receiveFrame
                0x0000000008004c80      0x1e4 ./Core/Src/simpleDataLink.o
                0x0000000008004c80                receiveFrame
 .text.receiveFrameAndAck
                0x0000000008004e64       0xe8 ./Core/Src/simpleDataLink.o
                0x0000000008004e64                receiveFrameAndAck
 .text.receiveAck
                0x0000000008004f4c       0x68 ./Core/Src/simpleDataLink.o
                0x0000000008004f4c                receiveAck
 .text.receiveInQueueAndAck
                0x0000000008004fb4       0x76 ./Core/Src/simpleDataLink.o
                0x0000000008004fb4                receiveInQueueAndAck
 .text.readFromQueue
                0x000000000800502a       0x7e ./Core/Src/simpleDataLink.o
                0x000000000800502a                readFromQueue
 .text.sdlInitLine
                0x00000000080050a8       0xb0 ./Core/Src/simpleDataLink.o
                0x00000000080050a8                sdlInitLine
 .text.sdlSend  0x0000000008005158       0xca ./Core/Src/simpleDataLink.o
                0x0000000008005158                sdlSend
 .text.sdlReceive
                0x0000000008005222       0x7a ./Core/Src/simpleDataLink.o
                0x0000000008005222                sdlReceive
 .text.MX_SPI2_Init
                0x000000000800529c       0x7c ./Core/Src/spi.o
                0x000000000800529c                MX_SPI2_Init
 .text.HAL_SPI_MspInit
                0x0000000008005318       0x88 ./Core/Src/spi.o
                0x0000000008005318                HAL_SPI_MspInit
 .text.HAL_MspInit
                0x00000000080053a0       0x50 ./Core/Src/stm32l4xx_hal_msp.o
                0x00000000080053a0                HAL_MspInit
 .text.HAL_InitTick
                0x00000000080053f0       0xf4 ./Core/Src/stm32l4xx_hal_timebase_tim.o
                0x00000000080053f0                HAL_InitTick
 .text.NMI_Handler
                0x00000000080054e4        0x6 ./Core/Src/stm32l4xx_it.o
                0x00000000080054e4                NMI_Handler
 .text.HardFault_Handler
                0x00000000080054ea        0x6 ./Core/Src/stm32l4xx_it.o
                0x00000000080054ea                HardFault_Handler
 .text.MemManage_Handler
                0x00000000080054f0        0x6 ./Core/Src/stm32l4xx_it.o
                0x00000000080054f0                MemManage_Handler
 .text.BusFault_Handler
                0x00000000080054f6        0x6 ./Core/Src/stm32l4xx_it.o
                0x00000000080054f6                BusFault_Handler
 .text.UsageFault_Handler
                0x00000000080054fc        0x6 ./Core/Src/stm32l4xx_it.o
                0x00000000080054fc                UsageFault_Handler
 .text.DebugMon_Handler
                0x0000000008005502        0xe ./Core/Src/stm32l4xx_it.o
                0x0000000008005502                DebugMon_Handler
 .text.USART1_IRQHandler
                0x0000000008005510       0x14 ./Core/Src/stm32l4xx_it.o
                0x0000000008005510                USART1_IRQHandler
 .text.USART2_IRQHandler
                0x0000000008005524       0x14 ./Core/Src/stm32l4xx_it.o
                0x0000000008005524                USART2_IRQHandler
 .text.USART3_IRQHandler
                0x0000000008005538       0x14 ./Core/Src/stm32l4xx_it.o
                0x0000000008005538                USART3_IRQHandler
 .text.UART4_IRQHandler
                0x000000000800554c       0x14 ./Core/Src/stm32l4xx_it.o
                0x000000000800554c                UART4_IRQHandler
 .text.TIM6_DAC_IRQHandler
                0x0000000008005560       0x14 ./Core/Src/stm32l4xx_it.o
                0x0000000008005560                TIM6_DAC_IRQHandler
 .text._getpid  0x0000000008005574       0x10 ./Core/Src/syscalls.o
                0x0000000008005574                _getpid
 .text._kill    0x0000000008005584       0x20 ./Core/Src/syscalls.o
                0x0000000008005584                _kill
 .text._exit    0x00000000080055a4       0x14 ./Core/Src/syscalls.o
                0x00000000080055a4                _exit
 .text._read    0x00000000080055b8       0x3a ./Core/Src/syscalls.o
                0x00000000080055b8                _read
 .text._write   0x00000000080055f2       0x38 ./Core/Src/syscalls.o
                0x00000000080055f2                _write
 .text._close   0x000000000800562a       0x18 ./Core/Src/syscalls.o
                0x000000000800562a                _close
 .text._fstat   0x0000000008005642       0x20 ./Core/Src/syscalls.o
                0x0000000008005642                _fstat
 .text._isatty  0x0000000008005662       0x16 ./Core/Src/syscalls.o
                0x0000000008005662                _isatty
 .text._lseek   0x0000000008005678       0x1a ./Core/Src/syscalls.o
                0x0000000008005678                _lseek
 *fill*         0x0000000008005692        0x2 
 .text._sbrk    0x0000000008005694       0x6c ./Core/Src/sysmem.o
                0x0000000008005694                _sbrk
 .text.SystemInit
                0x0000000008005700       0x24 ./Core/Src/system_stm32l4xx.o
                0x0000000008005700                SystemInit
 .text.MX_TIM1_Init
                0x0000000008005724      0x170 ./Core/Src/tim.o
                0x0000000008005724                MX_TIM1_Init
 .text.MX_TIM2_Init
                0x0000000008005894      0x12c ./Core/Src/tim.o
                0x0000000008005894                MX_TIM2_Init
 .text.MX_TIM3_Init
                0x00000000080059c0      0x130 ./Core/Src/tim.o
                0x00000000080059c0                MX_TIM3_Init
 .text.HAL_TIM_Base_MspInit
                0x0000000008005af0       0x8c ./Core/Src/tim.o
                0x0000000008005af0                HAL_TIM_Base_MspInit
 .text.HAL_TIM_MspPostInit
                0x0000000008005b7c      0x17c ./Core/Src/tim.o
                0x0000000008005b7c                HAL_TIM_MspPostInit
 .text.MX_UART4_Init
                0x0000000008005cf8       0x60 ./Core/Src/usart.o
                0x0000000008005cf8                MX_UART4_Init
 .text.MX_USART1_UART_Init
                0x0000000008005d58       0x60 ./Core/Src/usart.o
                0x0000000008005d58                MX_USART1_UART_Init
 .text.MX_USART2_UART_Init
                0x0000000008005db8       0x60 ./Core/Src/usart.o
                0x0000000008005db8                MX_USART2_UART_Init
 .text.MX_USART3_UART_Init
                0x0000000008005e18       0x60 ./Core/Src/usart.o
                0x0000000008005e18                MX_USART3_UART_Init
 .text.HAL_UART_MspInit
                0x0000000008005e78      0x36c ./Core/Src/usart.o
                0x0000000008005e78                HAL_UART_MspInit
 .text.Reset_Handler
                0x00000000080061e4       0x50 ./Core/Startup/startup_stm32l452retx.o
                0x00000000080061e4                Reset_Handler
 .text.Default_Handler
                0x0000000008006234        0x2 ./Core/Startup/startup_stm32l452retx.o
                0x0000000008006234                RTC_Alarm_IRQHandler
                0x0000000008006234                EXTI2_IRQHandler
                0x0000000008006234                TIM1_CC_IRQHandler
                0x0000000008006234                TSC_IRQHandler
                0x0000000008006234                TAMP_STAMP_IRQHandler
                0x0000000008006234                EXTI3_IRQHandler
                0x0000000008006234                LPTIM2_IRQHandler
                0x0000000008006234                DFSDM1_FLT1_IRQHandler
                0x0000000008006234                I2C3_ER_IRQHandler
                0x0000000008006234                EXTI0_IRQHandler
                0x0000000008006234                I2C2_EV_IRQHandler
                0x0000000008006234                CAN1_RX0_IRQHandler
                0x0000000008006234                FPU_IRQHandler
                0x0000000008006234                TIM1_UP_TIM16_IRQHandler
                0x0000000008006234                SPI1_IRQHandler
                0x0000000008006234                DMA2_Channel2_IRQHandler
                0x0000000008006234                DMA1_Channel4_IRQHandler
                0x0000000008006234                ADC1_IRQHandler
                0x0000000008006234                DMA1_Channel7_IRQHandler
                0x0000000008006234                CAN1_RX1_IRQHandler
                0x0000000008006234                DMA2_Channel1_IRQHandler
                0x0000000008006234                QUADSPI_IRQHandler
                0x0000000008006234                I2C1_EV_IRQHandler
                0x0000000008006234                DMA1_Channel6_IRQHandler
                0x0000000008006234                DMA2_Channel4_IRQHandler
                0x0000000008006234                TIM3_IRQHandler
                0x0000000008006234                RCC_IRQHandler
                0x0000000008006234                TIM1_TRG_COM_IRQHandler
                0x0000000008006234                DMA1_Channel1_IRQHandler
                0x0000000008006234                Default_Handler
                0x0000000008006234                DMA2_Channel7_IRQHandler
                0x0000000008006234                EXTI15_10_IRQHandler
                0x0000000008006234                SDMMC1_IRQHandler
                0x0000000008006234                I2C3_EV_IRQHandler
                0x0000000008006234                USB_IRQHandler
                0x0000000008006234                EXTI9_5_IRQHandler
                0x0000000008006234                RTC_WKUP_IRQHandler
                0x0000000008006234                PVD_PVM_IRQHandler
                0x0000000008006234                SPI2_IRQHandler
                0x0000000008006234                CAN1_TX_IRQHandler
                0x0000000008006234                DMA2_Channel5_IRQHandler
                0x0000000008006234                CRS_IRQHandler
                0x0000000008006234                DMA1_Channel5_IRQHandler
                0x0000000008006234                EXTI4_IRQHandler
                0x0000000008006234                RNG_IRQHandler
                0x0000000008006234                DMA1_Channel3_IRQHandler
                0x0000000008006234                COMP_IRQHandler
                0x0000000008006234                WWDG_IRQHandler
                0x0000000008006234                I2C4_EV_IRQHandler
                0x0000000008006234                LPUART1_IRQHandler
                0x0000000008006234                DMA2_Channel6_IRQHandler
                0x0000000008006234                TIM2_IRQHandler
                0x0000000008006234                EXTI1_IRQHandler
                0x0000000008006234                DFSDM1_FLT0_IRQHandler
                0x0000000008006234                I2C2_ER_IRQHandler
                0x0000000008006234                DMA1_Channel2_IRQHandler
                0x0000000008006234                CAN1_SCE_IRQHandler
                0x0000000008006234                FLASH_IRQHandler
                0x0000000008006234                SPI3_IRQHandler
                0x0000000008006234                I2C1_ER_IRQHandler
                0x0000000008006234                LPTIM1_IRQHandler
                0x0000000008006234                I2C4_ER_IRQHandler
                0x0000000008006234                SAI1_IRQHandler
                0x0000000008006234                DMA2_Channel3_IRQHandler
                0x0000000008006234                TIM1_BRK_TIM15_IRQHandler
 *fill*         0x0000000008006236        0x2 
 .text.HAL_Init
                0x0000000008006238       0x40 ./Drivers/STM32L4xx_HAL_Driver/Src/stm32l4xx_hal.o
                0x0000000008006238                HAL_Init
 .text.HAL_IncTick
                0x0000000008006278       0x28 ./Drivers/STM32L4xx_HAL_Driver/Src/stm32l4xx_hal.o
                0x0000000008006278                HAL_IncTick
 .text.HAL_GetTick
                0x00000000080062a0       0x18 ./Drivers/STM32L4xx_HAL_Driver/Src/stm32l4xx_hal.o
                0x00000000080062a0                HAL_GetTick
 .text.HAL_Delay
                0x00000000080062b8       0x48 ./Drivers/STM32L4xx_HAL_Driver/Src/stm32l4xx_hal.o
                0x00000000080062b8                HAL_Delay
 .text.LL_ADC_SetCommonClock
                0x0000000008006300       0x26 ./Drivers/STM32L4xx_HAL_Driver/Src/stm32l4xx_hal_adc.o
 .text.LL_ADC_SetCommonPathInternalCh
                0x0000000008006326       0x26 ./Drivers/STM32L4xx_HAL_Driver/Src/stm32l4xx_hal_adc.o
 .text.LL_ADC_GetCommonPathInternalCh
                0x000000000800634c       0x1c ./Drivers/STM32L4xx_HAL_Driver/Src/stm32l4xx_hal_adc.o
 .text.LL_ADC_SetOffset
                0x0000000008006368       0x48 ./Drivers/STM32L4xx_HAL_Driver/Src/stm32l4xx_hal_adc.o
 .text.LL_ADC_GetOffsetChannel
                0x00000000080063b0       0x2c ./Drivers/STM32L4xx_HAL_Driver/Src/stm32l4xx_hal_adc.o
 .text.LL_ADC_SetOffsetState
                0x00000000080063dc       0x36 ./Drivers/STM32L4xx_HAL_Driver/Src/stm32l4xx_hal_adc.o
 .text.LL_ADC_SetSamplingTimeCommonConfig
                0x0000000008006412       0x26 ./Drivers/STM32L4xx_HAL_Driver/Src/stm32l4xx_hal_adc.o
 .text.LL_ADC_REG_IsTriggerSourceSWStart
                0x0000000008006438       0x26 ./Drivers/STM32L4xx_HAL_Driver/Src/stm32l4xx_hal_adc.o
 .text.LL_ADC_REG_SetSequencerRanks
                0x000000000800645e       0x58 ./Drivers/STM32L4xx_HAL_Driver/Src/stm32l4xx_hal_adc.o
 .text.LL_ADC_SetChannelSamplingTime
                0x00000000080064b6       0x56 ./Drivers/STM32L4xx_HAL_Driver/Src/stm32l4xx_hal_adc.o
 .text.LL_ADC_SetChannelSingleDiff
                0x000000000800650c       0x48 ./Drivers/STM32L4xx_HAL_Driver/Src/stm32l4xx_hal_adc.o
 .text.LL_ADC_DisableDeepPowerDown
                0x0000000008006554       0x24 ./Drivers/STM32L4xx_HAL_Driver/Src/stm32l4xx_hal_adc.o
 .text.LL_ADC_IsDeepPowerDownEnabled
                0x0000000008006578       0x28 ./Drivers/STM32L4xx_HAL_Driver/Src/stm32l4xx_hal_adc.o
 .text.LL_ADC_EnableInternalRegulator
                0x00000000080065a0       0x28 ./Drivers/STM32L4xx_HAL_Driver/Src/stm32l4xx_hal_adc.o
 .text.LL_ADC_IsInternalRegulatorEnabled
                0x00000000080065c8       0x28 ./Drivers/STM32L4xx_HAL_Driver/Src/stm32l4xx_hal_adc.o
 .text.LL_ADC_Enable
                0x00000000080065f0       0x28 ./Drivers/STM32L4xx_HAL_Driver/Src/stm32l4xx_hal_adc.o
 .text.LL_ADC_Disable
                0x0000000008006618       0x28 ./Drivers/STM32L4xx_HAL_Driver/Src/stm32l4xx_hal_adc.o
 .text.LL_ADC_IsEnabled
                0x0000000008006640       0x26 ./Drivers/STM32L4xx_HAL_Driver/Src/stm32l4xx_hal_adc.o
 .text.LL_ADC_IsDisableOngoing
                0x0000000008006666       0x26 ./Drivers/STM32L4xx_HAL_Driver/Src/stm32l4xx_hal_adc.o
 .text.LL_ADC_REG_StartConversion
                0x000000000800668c       0x28 ./Drivers/STM32L4xx_HAL_Driver/Src/stm32l4xx_hal_adc.o
 .text.LL_ADC_REG_StopConversion
                0x00000000080066b4       0x28 ./Drivers/STM32L4xx_HAL_Driver/Src/stm32l4xx_hal_adc.o
 .text.LL_ADC_REG_IsConversionOngoing
                0x00000000080066dc       0x26 ./Drivers/STM32L4xx_HAL_Driver/Src/stm32l4xx_hal_adc.o
 .text.LL_ADC_INJ_StopConversion
                0x0000000008006702       0x28 ./Drivers/STM32L4xx_HAL_Driver/Src/stm32l4xx_hal_adc.o
 .text.LL_ADC_INJ_IsConversionOngoing
                0x000000000800672a       0x26 ./Drivers/STM32L4xx_HAL_Driver/Src/stm32l4xx_hal_adc.o
 .text.HAL_ADC_Init
                0x0000000008006750      0x298 ./Drivers/STM32L4xx_HAL_Driver/Src/stm32l4xx_hal_adc.o
                0x0000000008006750                HAL_ADC_Init
 .text.HAL_ADC_Start
                0x00000000080069e8       0xc6 ./Drivers/STM32L4xx_HAL_Driver/Src/stm32l4xx_hal_adc.o
                0x00000000080069e8                HAL_ADC_Start
 .text.HAL_ADC_Stop
                0x0000000008006aae       0x66 ./Drivers/STM32L4xx_HAL_Driver/Src/stm32l4xx_hal_adc.o
                0x0000000008006aae                HAL_ADC_Stop
 .text.HAL_ADC_PollForConversion
                0x0000000008006b14      0x11e ./Drivers/STM32L4xx_HAL_Driver/Src/stm32l4xx_hal_adc.o
                0x0000000008006b14                HAL_ADC_PollForConversion
 .text.HAL_ADC_GetValue
                0x0000000008006c32       0x1a ./Drivers/STM32L4xx_HAL_Driver/Src/stm32l4xx_hal_adc.o
                0x0000000008006c32                HAL_ADC_GetValue
 .text.HAL_ADC_ConfigChannel
                0x0000000008006c4c      0x7f8 ./Drivers/STM32L4xx_HAL_Driver/Src/stm32l4xx_hal_adc.o
                0x0000000008006c4c                HAL_ADC_ConfigChannel
 .text.ADC_ConversionStop
                0x0000000008007444      0x178 ./Drivers/STM32L4xx_HAL_Driver/Src/stm32l4xx_hal_adc.o
                0x0000000008007444                ADC_ConversionStop
 .text.ADC_Enable
                0x00000000080075bc      0x10c ./Drivers/STM32L4xx_HAL_Driver/Src/stm32l4xx_hal_adc.o
                0x00000000080075bc                ADC_Enable
 .text.ADC_Disable
                0x00000000080076c8       0xbe ./Drivers/STM32L4xx_HAL_Driver/Src/stm32l4xx_hal_adc.o
                0x00000000080076c8                ADC_Disable
 .text.LL_ADC_StartCalibration
                0x0000000008007786       0x32 ./Drivers/STM32L4xx_HAL_Driver/Src/stm32l4xx_hal_adc_ex.o
 .text.LL_ADC_IsCalibrationOnGoing
                0x00000000080077b8       0x28 ./Drivers/STM32L4xx_HAL_Driver/Src/stm32l4xx_hal_adc_ex.o
 .text.HAL_ADCEx_Calibration_Start
                0x00000000080077e0       0xc0 ./Drivers/STM32L4xx_HAL_Driver/Src/stm32l4xx_hal_adc_ex.o
                0x00000000080077e0                HAL_ADCEx_Calibration_Start
 .text.HAL_CAN_Init
                0x00000000080078a0      0x1f6 ./Drivers/STM32L4xx_HAL_Driver/Src/stm32l4xx_hal_can.o
                0x00000000080078a0                HAL_CAN_Init
 *fill*         0x0000000008007a96        0x2 
 .text.__NVIC_SetPriorityGrouping
                0x0000000008007a98       0x48 ./Drivers/STM32L4xx_HAL_Driver/Src/stm32l4xx_hal_cortex.o
 .text.__NVIC_GetPriorityGrouping
                0x0000000008007ae0       0x1c ./Drivers/STM32L4xx_HAL_Driver/Src/stm32l4xx_hal_cortex.o
 .text.__NVIC_EnableIRQ
                0x0000000008007afc       0x3c ./Drivers/STM32L4xx_HAL_Driver/Src/stm32l4xx_hal_cortex.o
 .text.__NVIC_SetPriority
                0x0000000008007b38       0x54 ./Drivers/STM32L4xx_HAL_Driver/Src/stm32l4xx_hal_cortex.o
 .text.NVIC_EncodePriority
                0x0000000008007b8c       0x66 ./Drivers/STM32L4xx_HAL_Driver/Src/stm32l4xx_hal_cortex.o
 .text.HAL_NVIC_SetPriorityGrouping
                0x0000000008007bf2       0x16 ./Drivers/STM32L4xx_HAL_Driver/Src/stm32l4xx_hal_cortex.o
                0x0000000008007bf2                HAL_NVIC_SetPriorityGrouping
 .text.HAL_NVIC_SetPriority
                0x0000000008007c08       0x38 ./Drivers/STM32L4xx_HAL_Driver/Src/stm32l4xx_hal_cortex.o
                0x0000000008007c08                HAL_NVIC_SetPriority
 .text.HAL_NVIC_EnableIRQ
                0x0000000008007c40       0x1c ./Drivers/STM32L4xx_HAL_Driver/Src/stm32l4xx_hal_cortex.o
                0x0000000008007c40                HAL_NVIC_EnableIRQ
 .text.HAL_DMA_Abort
                0x0000000008007c5c       0x7c ./Drivers/STM32L4xx_HAL_Driver/Src/stm32l4xx_hal_dma.o
                0x0000000008007c5c                HAL_DMA_Abort
 .text.HAL_DMA_Abort_IT
                0x0000000008007cd8       0x82 ./Drivers/STM32L4xx_HAL_Driver/Src/stm32l4xx_hal_dma.o
                0x0000000008007cd8                HAL_DMA_Abort_IT
 *fill*         0x0000000008007d5a        0x2 
 .text.HAL_GPIO_Init
                0x0000000008007d5c      0x2f4 ./Drivers/STM32L4xx_HAL_Driver/Src/stm32l4xx_hal_gpio.o
                0x0000000008007d5c                HAL_GPIO_Init
 .text.HAL_GPIO_WritePin
                0x0000000008008050       0x30 ./Drivers/STM32L4xx_HAL_Driver/Src/stm32l4xx_hal_gpio.o
                0x0000000008008050                HAL_GPIO_WritePin
 .text.HAL_PWREx_GetVoltageRange
                0x0000000008008080       0x1c ./Drivers/STM32L4xx_HAL_Driver/Src/stm32l4xx_hal_pwr_ex.o
                0x0000000008008080                HAL_PWREx_GetVoltageRange
 .text.HAL_PWREx_ControlVoltageScaling
                0x000000000800809c       0xac ./Drivers/STM32L4xx_HAL_Driver/Src/stm32l4xx_hal_pwr_ex.o
                0x000000000800809c                HAL_PWREx_ControlVoltageScaling
 .text.HAL_RCC_OscConfig
                0x0000000008008148      0x828 ./Drivers/STM32L4xx_HAL_Driver/Src/stm32l4xx_hal_rcc.o
                0x0000000008008148                HAL_RCC_OscConfig
 .text.HAL_RCC_ClockConfig
                0x0000000008008970      0x200 ./Drivers/STM32L4xx_HAL_Driver/Src/stm32l4xx_hal_rcc.o
                0x0000000008008970                HAL_RCC_ClockConfig
 .text.HAL_RCC_GetSysClockFreq
                0x0000000008008b70      0x118 ./Drivers/STM32L4xx_HAL_Driver/Src/stm32l4xx_hal_rcc.o
                0x0000000008008b70                HAL_RCC_GetSysClockFreq
 .text.HAL_RCC_GetHCLKFreq
                0x0000000008008c88       0x18 ./Drivers/STM32L4xx_HAL_Driver/Src/stm32l4xx_hal_rcc.o
                0x0000000008008c88                HAL_RCC_GetHCLKFreq
 .text.HAL_RCC_GetPCLK1Freq
                0x0000000008008ca0       0x2c ./Drivers/STM32L4xx_HAL_Driver/Src/stm32l4xx_hal_rcc.o
                0x0000000008008ca0                HAL_RCC_GetPCLK1Freq
 .text.HAL_RCC_GetPCLK2Freq
                0x0000000008008ccc       0x2c ./Drivers/STM32L4xx_HAL_Driver/Src/stm32l4xx_hal_rcc.o
                0x0000000008008ccc                HAL_RCC_GetPCLK2Freq
 .text.HAL_RCC_GetClockConfig
                0x0000000008008cf8       0x64 ./Drivers/STM32L4xx_HAL_Driver/Src/stm32l4xx_hal_rcc.o
                0x0000000008008cf8                HAL_RCC_GetClockConfig
 .text.RCC_SetFlashLatencyFromMSIRange
                0x0000000008008d5c       0xc0 ./Drivers/STM32L4xx_HAL_Driver/Src/stm32l4xx_hal_rcc.o
 .text.HAL_RCCEx_PeriphCLKConfig
                0x0000000008008e1c      0x4d8 ./Drivers/STM32L4xx_HAL_Driver/Src/stm32l4xx_hal_rcc_ex.o
                0x0000000008008e1c                HAL_RCCEx_PeriphCLKConfig
 .text.RCCEx_PLLSAI1_Config
                0x00000000080092f4      0x1e4 ./Drivers/STM32L4xx_HAL_Driver/Src/stm32l4xx_hal_rcc_ex.o
 .text.HAL_SPI_Init
                0x00000000080094d8      0x146 ./Drivers/STM32L4xx_HAL_Driver/Src/stm32l4xx_hal_spi.o
                0x00000000080094d8                HAL_SPI_Init
 .text.HAL_SPI_Transmit
                0x000000000800961e      0x2dc ./Drivers/STM32L4xx_HAL_Driver/Src/stm32l4xx_hal_spi.o
                0x000000000800961e                HAL_SPI_Transmit
 .text.HAL_SPI_Receive
                0x00000000080098fa      0x260 ./Drivers/STM32L4xx_HAL_Driver/Src/stm32l4xx_hal_spi.o
                0x00000000080098fa                HAL_SPI_Receive
 .text.HAL_SPI_TransmitReceive
                0x0000000008009b5a      0x426 ./Drivers/STM32L4xx_HAL_Driver/Src/stm32l4xx_hal_spi.o
                0x0000000008009b5a                HAL_SPI_TransmitReceive
 .text.SPI_WaitFlagStateUntilTimeout
                0x0000000008009f80      0x110 ./Drivers/STM32L4xx_HAL_Driver/Src/stm32l4xx_hal_spi.o
 .text.SPI_WaitFifoStateUntilTimeout
                0x000000000800a090      0x12c ./Drivers/STM32L4xx_HAL_Driver/Src/stm32l4xx_hal_spi.o
 .text.SPI_EndRxTransaction
                0x000000000800a1bc       0xb0 ./Drivers/STM32L4xx_HAL_Driver/Src/stm32l4xx_hal_spi.o
 .text.SPI_EndRxTxTransaction
                0x000000000800a26c       0x8c ./Drivers/STM32L4xx_HAL_Driver/Src/stm32l4xx_hal_spi.o
 .text.HAL_TIM_Base_Init
                0x000000000800a2f8       0xae ./Drivers/STM32L4xx_HAL_Driver/Src/stm32l4xx_hal_tim.o
                0x000000000800a2f8                HAL_TIM_Base_Init
 *fill*         0x000000000800a3a6        0x2 
 .text.HAL_TIM_Base_Start_IT
                0x000000000800a3a8       0xb8 ./Drivers/STM32L4xx_HAL_Driver/Src/stm32l4xx_hal_tim.o
                0x000000000800a3a8                HAL_TIM_Base_Start_IT
 .text.HAL_TIM_PWM_Init
                0x000000000800a460       0xae ./Drivers/STM32L4xx_HAL_Driver/Src/stm32l4xx_hal_tim.o
                0x000000000800a460                HAL_TIM_PWM_Init
 .text.HAL_TIM_PWM_MspInit
                0x000000000800a50e       0x14 ./Drivers/STM32L4xx_HAL_Driver/Src/stm32l4xx_hal_tim.o
                0x000000000800a50e                HAL_TIM_PWM_MspInit
 *fill*         0x000000000800a522        0x2 
 .text.HAL_TIM_PWM_Stop
                0x000000000800a524      0x110 ./Drivers/STM32L4xx_HAL_Driver/Src/stm32l4xx_hal_tim.o
                0x000000000800a524                HAL_TIM_PWM_Stop
 .text.HAL_TIM_IRQHandler
                0x000000000800a634      0x23e ./Drivers/STM32L4xx_HAL_Driver/Src/stm32l4xx_hal_tim.o
                0x000000000800a634                HAL_TIM_IRQHandler
 *fill*         0x000000000800a872        0x2 
 .text.HAL_TIM_PWM_ConfigChannel
                0x000000000800a874      0x228 ./Drivers/STM32L4xx_HAL_Driver/Src/stm32l4xx_hal_tim.o
                0x000000000800a874                HAL_TIM_PWM_ConfigChannel
 .text.HAL_TIM_ConfigClockSource
                0x000000000800aa9c      0x192 ./Drivers/STM32L4xx_HAL_Driver/Src/stm32l4xx_hal_tim.o
                0x000000000800aa9c                HAL_TIM_ConfigClockSource
 .text.HAL_TIM_OC_DelayElapsedCallback
                0x000000000800ac2e       0x14 ./Drivers/STM32L4xx_HAL_Driver/Src/stm32l4xx_hal_tim.o
                0x000000000800ac2e                HAL_TIM_OC_DelayElapsedCallback
 .text.HAL_TIM_IC_CaptureCallback
                0x000000000800ac42       0x14 ./Drivers/STM32L4xx_HAL_Driver/Src/stm32l4xx_hal_tim.o
                0x000000000800ac42                HAL_TIM_IC_CaptureCallback
 .text.HAL_TIM_PWM_PulseFinishedCallback
                0x000000000800ac56       0x14 ./Drivers/STM32L4xx_HAL_Driver/Src/stm32l4xx_hal_tim.o
                0x000000000800ac56                HAL_TIM_PWM_PulseFinishedCallback
 .text.HAL_TIM_TriggerCallback
                0x000000000800ac6a       0x14 ./Drivers/STM32L4xx_HAL_Driver/Src/stm32l4xx_hal_tim.o
                0x000000000800ac6a                HAL_TIM_TriggerCallback
 *fill*         0x000000000800ac7e        0x2 
 .text.TIM_Base_SetConfig
                0x000000000800ac80       0xdc ./Drivers/STM32L4xx_HAL_Driver/Src/stm32l4xx_hal_tim.o
                0x000000000800ac80                TIM_Base_SetConfig
 .text.TIM_OC1_SetConfig
                0x000000000800ad5c       0xf8 ./Drivers/STM32L4xx_HAL_Driver/Src/stm32l4xx_hal_tim.o
 .text.TIM_OC2_SetConfig
                0x000000000800ae54       0xf4 ./Drivers/STM32L4xx_HAL_Driver/Src/stm32l4xx_hal_tim.o
                0x000000000800ae54                TIM_OC2_SetConfig
 .text.TIM_OC3_SetConfig
                0x000000000800af48       0xf0 ./Drivers/STM32L4xx_HAL_Driver/Src/stm32l4xx_hal_tim.o
 .text.TIM_OC4_SetConfig
                0x000000000800b038       0xbc ./Drivers/STM32L4xx_HAL_Driver/Src/stm32l4xx_hal_tim.o
 .text.TIM_OC5_SetConfig
                0x000000000800b0f4       0xb0 ./Drivers/STM32L4xx_HAL_Driver/Src/stm32l4xx_hal_tim.o
 .text.TIM_OC6_SetConfig
                0x000000000800b1a4       0xb4 ./Drivers/STM32L4xx_HAL_Driver/Src/stm32l4xx_hal_tim.o
 .text.TIM_TI1_ConfigInputStage
                0x000000000800b258       0x5e ./Drivers/STM32L4xx_HAL_Driver/Src/stm32l4xx_hal_tim.o
 .text.TIM_TI2_ConfigInputStage
                0x000000000800b2b6       0x60 ./Drivers/STM32L4xx_HAL_Driver/Src/stm32l4xx_hal_tim.o
 .text.TIM_ITRx_SetConfig
                0x000000000800b316       0x36 ./Drivers/STM32L4xx_HAL_Driver/Src/stm32l4xx_hal_tim.o
 .text.TIM_ETR_SetConfig
                0x000000000800b34c       0x40 ./Drivers/STM32L4xx_HAL_Driver/Src/stm32l4xx_hal_tim.o
                0x000000000800b34c                TIM_ETR_SetConfig
 .text.TIM_CCxChannelCmd
                0x000000000800b38c       0x4a ./Drivers/STM32L4xx_HAL_Driver/Src/stm32l4xx_hal_tim.o
                0x000000000800b38c                TIM_CCxChannelCmd
 *fill*         0x000000000800b3d6        0x2 
 .text.HAL_TIMEx_MasterConfigSynchronization
                0x000000000800b3d8       0xdc ./Drivers/STM32L4xx_HAL_Driver/Src/stm32l4xx_hal_tim_ex.o
                0x000000000800b3d8                HAL_TIMEx_MasterConfigSynchronization
 .text.HAL_TIMEx_ConfigBreakDeadTime
                0x000000000800b4b4       0xf0 ./Drivers/STM32L4xx_HAL_Driver/Src/stm32l4xx_hal_tim_ex.o
                0x000000000800b4b4                HAL_TIMEx_ConfigBreakDeadTime
 .text.HAL_TIMEx_CommutCallback
                0x000000000800b5a4       0x14 ./Drivers/STM32L4xx_HAL_Driver/Src/stm32l4xx_hal_tim_ex.o
                0x000000000800b5a4                HAL_TIMEx_CommutCallback
 .text.HAL_TIMEx_BreakCallback
                0x000000000800b5b8       0x14 ./Drivers/STM32L4xx_HAL_Driver/Src/stm32l4xx_hal_tim_ex.o
                0x000000000800b5b8                HAL_TIMEx_BreakCallback
 .text.HAL_TIMEx_Break2Callback
                0x000000000800b5cc       0x14 ./Drivers/STM32L4xx_HAL_Driver/Src/stm32l4xx_hal_tim_ex.o
                0x000000000800b5cc                HAL_TIMEx_Break2Callback
 .text.HAL_UART_Init
                0x000000000800b5e0       0x9c ./Drivers/STM32L4xx_HAL_Driver/Src/stm32l4xx_hal_uart.o
                0x000000000800b5e0                HAL_UART_Init
 .text.HAL_UART_Transmit_IT
                0x000000000800b67c       0xdc ./Drivers/STM32L4xx_HAL_Driver/Src/stm32l4xx_hal_uart.o
                0x000000000800b67c                HAL_UART_Transmit_IT
 .text.HAL_UART_Receive_IT
                0x000000000800b758       0xac ./Drivers/STM32L4xx_HAL_Driver/Src/stm32l4xx_hal_uart.o
                0x000000000800b758                HAL_UART_Receive_IT
 .text.HAL_UART_IRQHandler
                0x000000000800b804      0x5c4 ./Drivers/STM32L4xx_HAL_Driver/Src/stm32l4xx_hal_uart.o
                0x000000000800b804                HAL_UART_IRQHandler
 .text.HAL_UARTEx_RxEventCallback
                0x000000000800bdc8       0x18 ./Drivers/STM32L4xx_HAL_Driver/Src/stm32l4xx_hal_uart.o
                0x000000000800bdc8                HAL_UARTEx_RxEventCallback
 .text.UART_SetConfig
                0x000000000800bde0      0x50c ./Drivers/STM32L4xx_HAL_Driver/Src/stm32l4xx_hal_uart.o
                0x000000000800bde0                UART_SetConfig
 .text.UART_AdvFeatureConfig
                0x000000000800c2ec      0x144 ./Drivers/STM32L4xx_HAL_Driver/Src/stm32l4xx_hal_uart.o
                0x000000000800c2ec                UART_AdvFeatureConfig
 .text.UART_CheckIdleState
                0x000000000800c430       0x92 ./Drivers/STM32L4xx_HAL_Driver/Src/stm32l4xx_hal_uart.o
                0x000000000800c430                UART_CheckIdleState
 .text.UART_WaitOnFlagUntilTimeout
                0x000000000800c4c2      0x188 ./Drivers/STM32L4xx_HAL_Driver/Src/stm32l4xx_hal_uart.o
                0x000000000800c4c2                UART_WaitOnFlagUntilTimeout
 *fill*         0x000000000800c64a        0x2 
 .text.UART_Start_Receive_IT
                0x000000000800c64c      0x194 ./Drivers/STM32L4xx_HAL_Driver/Src/stm32l4xx_hal_uart.o
                0x000000000800c64c                UART_Start_Receive_IT
 .text.UART_EndRxTransfer
                0x000000000800c7e0       0xc6 ./Drivers/STM32L4xx_HAL_Driver/Src/stm32l4xx_hal_uart.o
 .text.UART_DMAAbortOnError
                0x000000000800c8a6       0x2c ./Drivers/STM32L4xx_HAL_Driver/Src/stm32l4xx_hal_uart.o
 .text.UART_TxISR_8BIT
                0x000000000800c8d2       0xb8 ./Drivers/STM32L4xx_HAL_Driver/Src/stm32l4xx_hal_uart.o
 .text.UART_TxISR_16BIT
                0x000000000800c98a       0xc0 ./Drivers/STM32L4xx_HAL_Driver/Src/stm32l4xx_hal_uart.o
 .text.UART_EndTransmit_IT
                0x000000000800ca4a       0x54 ./Drivers/STM32L4xx_HAL_Driver/Src/stm32l4xx_hal_uart.o
 .text.UART_RxISR_8BIT
                0x000000000800ca9e      0x160 ./Drivers/STM32L4xx_HAL_Driver/Src/stm32l4xx_hal_uart.o
 .text.UART_RxISR_16BIT
                0x000000000800cbfe      0x160 ./Drivers/STM32L4xx_HAL_Driver/Src/stm32l4xx_hal_uart.o
 .text.HAL_UARTEx_WakeupCallback
                0x000000000800cd5e       0x14 ./Drivers/STM32L4xx_HAL_Driver/Src/stm32l4xx_hal_uart_ex.o
                0x000000000800cd5e                HAL_UARTEx_WakeupCallback
 .text.makeFreeRtosPriority
                0x000000000800cd72       0x30 ./Middlewares/Third_Party/FreeRTOS/Source/CMSIS_RTOS/cmsis_os.o
 .text.inHandlerMode
                0x000000000800cda2       0x24 ./Middlewares/Third_Party/FreeRTOS/Source/CMSIS_RTOS/cmsis_os.o
 .text.osKernelStart
                0x000000000800cdc6        0xe ./Middlewares/Third_Party/FreeRTOS/Source/CMSIS_RTOS/cmsis_os.o
                0x000000000800cdc6                osKernelStart
 .text.osThreadCreate
                0x000000000800cdd4       0x4a ./Middlewares/Third_Party/FreeRTOS/Source/CMSIS_RTOS/cmsis_os.o
                0x000000000800cdd4                osThreadCreate
 .text.osDelay  0x000000000800ce1e       0x28 ./Middlewares/Third_Party/FreeRTOS/Source/CMSIS_RTOS/cmsis_os.o
                0x000000000800ce1e                osDelay
 .text.osSemaphoreCreate
                0x000000000800ce46       0x30 ./Middlewares/Third_Party/FreeRTOS/Source/CMSIS_RTOS/cmsis_os.o
                0x000000000800ce46                osSemaphoreCreate
 .text.osMessageCreate
                0x000000000800ce76       0x2c ./Middlewares/Third_Party/FreeRTOS/Source/CMSIS_RTOS/cmsis_os.o
                0x000000000800ce76                osMessageCreate
 *fill*         0x000000000800cea2        0x2 
 .text.osMessagePut
                0x000000000800cea4       0x80 ./Middlewares/Third_Party/FreeRTOS/Source/CMSIS_RTOS/cmsis_os.o
                0x000000000800cea4                osMessagePut
 .text.osMessageGet
                0x000000000800cf24       0xe8 ./Middlewares/Third_Party/FreeRTOS/Source/CMSIS_RTOS/cmsis_os.o
                0x000000000800cf24                osMessageGet
 .text.vListInitialise
                0x000000000800d00c       0x40 ./Middlewares/Third_Party/FreeRTOS/Source/list.o
                0x000000000800d00c                vListInitialise
 .text.vListInitialiseItem
                0x000000000800d04c       0x1a ./Middlewares/Third_Party/FreeRTOS/Source/list.o
                0x000000000800d04c                vListInitialiseItem
 .text.vListInsertEnd
                0x000000000800d066       0x48 ./Middlewares/Third_Party/FreeRTOS/Source/list.o
                0x000000000800d066                vListInsertEnd
 .text.vListInsert
                0x000000000800d0ae       0x72 ./Middlewares/Third_Party/FreeRTOS/Source/list.o
                0x000000000800d0ae                vListInsert
 .text.uxListRemove
                0x000000000800d120       0x54 ./Middlewares/Third_Party/FreeRTOS/Source/list.o
                0x000000000800d120                uxListRemove
 .text.xQueueGenericReset
                0x000000000800d174       0xd0 ./Middlewares/Third_Party/FreeRTOS/Source/queue.o
                0x000000000800d174                xQueueGenericReset
 .text.xQueueGenericCreateStatic
                0x000000000800d244       0xe8 ./Middlewares/Third_Party/FreeRTOS/Source/queue.o
                0x000000000800d244                xQueueGenericCreateStatic
 .text.prvInitialiseNewQueue
                0x000000000800d32c       0x3e ./Middlewares/Third_Party/FreeRTOS/Source/queue.o
 .text.prvInitialiseMutex
                0x000000000800d36a       0x34 ./Middlewares/Third_Party/FreeRTOS/Source/queue.o
 .text.xQueueCreateMutexStatic
                0x000000000800d39e       0x36 ./Middlewares/Third_Party/FreeRTOS/Source/queue.o
                0x000000000800d39e                xQueueCreateMutexStatic
 .text.xQueueGenericSend
                0x000000000800d3d4      0x1fc ./Middlewares/Third_Party/FreeRTOS/Source/queue.o
                0x000000000800d3d4                xQueueGenericSend
 .text.xQueueGenericSendFromISR
                0x000000000800d5d0      0x136 ./Middlewares/Third_Party/FreeRTOS/Source/queue.o
                0x000000000800d5d0                xQueueGenericSendFromISR
 *fill*         0x000000000800d706        0x2 
 .text.xQueueReceive
                0x000000000800d708      0x1c0 ./Middlewares/Third_Party/FreeRTOS/Source/queue.o
                0x000000000800d708                xQueueReceive
 .text.xQueueReceiveFromISR
                0x000000000800d8c8      0x100 ./Middlewares/Third_Party/FreeRTOS/Source/queue.o
                0x000000000800d8c8                xQueueReceiveFromISR
 .text.prvCopyDataToQueue
                0x000000000800d9c8       0xd4 ./Middlewares/Third_Party/FreeRTOS/Source/queue.o
 .text.prvCopyDataFromQueue
                0x000000000800da9c       0x4c ./Middlewares/Third_Party/FreeRTOS/Source/queue.o
 .text.prvUnlockQueue
                0x000000000800dae8       0xa4 ./Middlewares/Third_Party/FreeRTOS/Source/queue.o
 .text.prvIsQueueEmpty
                0x000000000800db8c       0x2c ./Middlewares/Third_Party/FreeRTOS/Source/queue.o
 .text.prvIsQueueFull
                0x000000000800dbb8       0x30 ./Middlewares/Third_Party/FreeRTOS/Source/queue.o
 .text.xQueueIsQueueFullFromISR
                0x000000000800dbe8       0x4c ./Middlewares/Third_Party/FreeRTOS/Source/queue.o
                0x000000000800dbe8                xQueueIsQueueFullFromISR
 .text.vQueueAddToRegistry
                0x000000000800dc34       0x54 ./Middlewares/Third_Party/FreeRTOS/Source/queue.o
                0x000000000800dc34                vQueueAddToRegistry
 .text.vQueueWaitForMessageRestricted
                0x000000000800dc88       0x68 ./Middlewares/Third_Party/FreeRTOS/Source/queue.o
                0x000000000800dc88                vQueueWaitForMessageRestricted
 .text.xTaskCreateStatic
                0x000000000800dcf0       0xb2 ./Middlewares/Third_Party/FreeRTOS/Source/tasks.o
                0x000000000800dcf0                xTaskCreateStatic
 .text.prvInitialiseNewTask
                0x000000000800dda2      0x10e ./Middlewares/Third_Party/FreeRTOS/Source/tasks.o
 .text.prvAddNewTaskToReadyList
                0x000000000800deb0       0xd4 ./Middlewares/Third_Party/FreeRTOS/Source/tasks.o
 .text.vTaskDelay
                0x000000000800df84       0x68 ./Middlewares/Third_Party/FreeRTOS/Source/tasks.o
                0x000000000800df84                vTaskDelay
 .text.vTaskStartScheduler
                0x000000000800dfec       0xcc ./Middlewares/Third_Party/FreeRTOS/Source/tasks.o
                0x000000000800dfec                vTaskStartScheduler
 .text.vTaskSuspendAll
                0x000000000800e0b8       0x1c ./Middlewares/Third_Party/FreeRTOS/Source/tasks.o
                0x000000000800e0b8                vTaskSuspendAll
 .text.xTaskResumeAll
                0x000000000800e0d4      0x138 ./Middlewares/Third_Party/FreeRTOS/Source/tasks.o
                0x000000000800e0d4                xTaskResumeAll
 .text.xTaskGetTickCount
                0x000000000800e20c       0x20 ./Middlewares/Third_Party/FreeRTOS/Source/tasks.o
                0x000000000800e20c                xTaskGetTickCount
 .text.xTaskIncrementTick
                0x000000000800e22c      0x170 ./Middlewares/Third_Party/FreeRTOS/Source/tasks.o
                0x000000000800e22c                xTaskIncrementTick
 .text.vTaskSwitchContext
                0x000000000800e39c       0xb8 ./Middlewares/Third_Party/FreeRTOS/Source/tasks.o
                0x000000000800e39c                vTaskSwitchContext
 .text.vTaskPlaceOnEventList
                0x000000000800e454       0x48 ./Middlewares/Third_Party/FreeRTOS/Source/tasks.o
                0x000000000800e454                vTaskPlaceOnEventList
 .text.vTaskPlaceOnEventListRestricted
                0x000000000800e49c       0x58 ./Middlewares/Third_Party/FreeRTOS/Source/tasks.o
                0x000000000800e49c                vTaskPlaceOnEventListRestricted
 .text.xTaskRemoveFromEventList
                0x000000000800e4f4       0xc4 ./Middlewares/Third_Party/FreeRTOS/Source/tasks.o
                0x000000000800e4f4                xTaskRemoveFromEventList
 .text.vTaskInternalSetTimeOutState
                0x000000000800e5b8       0x2c ./Middlewares/Third_Party/FreeRTOS/Source/tasks.o
                0x000000000800e5b8                vTaskInternalSetTimeOutState
 .text.xTaskCheckForTimeOut
                0x000000000800e5e4       0xc4 ./Middlewares/Third_Party/FreeRTOS/Source/tasks.o
                0x000000000800e5e4                xTaskCheckForTimeOut
 .text.vTaskMissedYield
                0x000000000800e6a8       0x18 ./Middlewares/Third_Party/FreeRTOS/Source/tasks.o
                0x000000000800e6a8                vTaskMissedYield
 .text.prvIdleTask
                0x000000000800e6c0       0x30 ./Middlewares/Third_Party/FreeRTOS/Source/tasks.o
 .text.prvInitialiseTaskLists
                0x000000000800e6f0       0x80 ./Middlewares/Third_Party/FreeRTOS/Source/tasks.o
 .text.prvCheckTasksWaitingTermination
                0x000000000800e770       0x5c ./Middlewares/Third_Party/FreeRTOS/Source/tasks.o
 .text.prvDeleteTCB
                0x000000000800e7cc       0x14 ./Middlewares/Third_Party/FreeRTOS/Source/tasks.o
 .text.prvResetNextTaskUnblockTime
                0x000000000800e7e0       0x40 ./Middlewares/Third_Party/FreeRTOS/Source/tasks.o
 .text.xTaskGetSchedulerState
                0x000000000800e820       0x3c ./Middlewares/Third_Party/FreeRTOS/Source/tasks.o
                0x000000000800e820                xTaskGetSchedulerState
 .text.xTaskPriorityDisinherit
                0x000000000800e85c      0x10c ./Middlewares/Third_Party/FreeRTOS/Source/tasks.o
                0x000000000800e85c                xTaskPriorityDisinherit
 .text.prvAddCurrentTaskToDelayedList
                0x000000000800e968       0xcc ./Middlewares/Third_Party/FreeRTOS/Source/tasks.o
 .text.xTimerCreateTimerTask
                0x000000000800ea34       0x90 ./Middlewares/Third_Party/FreeRTOS/Source/timers.o
                0x000000000800ea34                xTimerCreateTimerTask
 .text.xTimerGenericCommand
                0x000000000800eac4       0x9c ./Middlewares/Third_Party/FreeRTOS/Source/timers.o
                0x000000000800eac4                xTimerGenericCommand
 .text.prvProcessExpiredTimer
                0x000000000800eb60       0x98 ./Middlewares/Third_Party/FreeRTOS/Source/timers.o
 .text.prvTimerTask
                0x000000000800ebf8       0x24 ./Middlewares/Third_Party/FreeRTOS/Source/timers.o
 .text.prvProcessTimerOrBlockTask
                0x000000000800ec1c       0x9c ./Middlewares/Third_Party/FreeRTOS/Source/timers.o
 .text.prvGetNextExpireTime
                0x000000000800ecb8       0x48 ./Middlewares/Third_Party/FreeRTOS/Source/timers.o
 .text.prvSampleTimeNow
                0x000000000800ed00       0x40 ./Middlewares/Third_Party/FreeRTOS/Source/timers.o
 .text.prvInsertTimerInActiveList
                0x000000000800ed40       0x84 ./Middlewares/Third_Party/FreeRTOS/Source/timers.o
 .text.prvProcessReceivedCommands
                0x000000000800edc4      0x178 ./Middlewares/Third_Party/FreeRTOS/Source/timers.o
 .text.prvSwitchTimerLists
                0x000000000800ef3c       0xc8 ./Middlewares/Third_Party/FreeRTOS/Source/timers.o
 .text.prvCheckForValidListAndQueue
                0x000000000800f004       0x80 ./Middlewares/Third_Party/FreeRTOS/Source/timers.o
 .text.pxPortInitialiseStack
                0x000000000800f084       0x68 ./Middlewares/Third_Party/FreeRTOS/Source/portable/GCC/ARM_CM4F/port.o
                0x000000000800f084                pxPortInitialiseStack
 .text.prvTaskExitError
                0x000000000800f0ec       0x58 ./Middlewares/Third_Party/FreeRTOS/Source/portable/GCC/ARM_CM4F/port.o
 *fill*         0x000000000800f144        0xc 
 .text.SVC_Handler
                0x000000000800f150       0x28 ./Middlewares/Third_Party/FreeRTOS/Source/portable/GCC/ARM_CM4F/port.o
                0x000000000800f150                SVC_Handler
 .text.prvPortStartFirstTask
                0x000000000800f178       0x28 ./Middlewares/Third_Party/FreeRTOS/Source/portable/GCC/ARM_CM4F/port.o
 .text.xPortStartScheduler
                0x000000000800f1a0      0x144 ./Middlewares/Third_Party/FreeRTOS/Source/portable/GCC/ARM_CM4F/port.o
                0x000000000800f1a0                xPortStartScheduler
 .text.vPortEnterCritical
                0x000000000800f2e4       0x60 ./Middlewares/Third_Party/FreeRTOS/Source/portable/GCC/ARM_CM4F/port.o
                0x000000000800f2e4                vPortEnterCritical
 .text.vPortExitCritical
                0x000000000800f344       0x54 ./Middlewares/Third_Party/FreeRTOS/Source/portable/GCC/ARM_CM4F/port.o
                0x000000000800f344                vPortExitCritical
 *fill*         0x000000000800f398        0x8 
 .text.PendSV_Handler
                0x000000000800f3a0       0x68 ./Middlewares/Third_Party/FreeRTOS/Source/portable/GCC/ARM_CM4F/port.o
                0x000000000800f3a0                PendSV_Handler
 .text.SysTick_Handler
                0x000000000800f408       0x44 ./Middlewares/Third_Party/FreeRTOS/Source/portable/GCC/ARM_CM4F/port.o
                0x000000000800f408                SysTick_Handler
 .text.vPortSetupTimerInterrupt
                0x000000000800f44c       0x48 ./Middlewares/Third_Party/FreeRTOS/Source/portable/GCC/ARM_CM4F/port.o
                0x000000000800f44c                vPortSetupTimerInterrupt
 .text.vPortEnableVFP
                0x000000000800f494       0x14 ./Middlewares/Third_Party/FreeRTOS/Source/portable/GCC/ARM_CM4F/port.o
 .text.vPortValidateInterruptPriority
                0x000000000800f4a8       0x80 ./Middlewares/Third_Party/FreeRTOS/Source/portable/GCC/ARM_CM4F/port.o
                0x000000000800f4a8                vPortValidateInterruptPriority
 .text.__errno  0x000000000800f528        0xc c:/st/stm32cubeide_1.2.0/stm32cubeide/plugins/com.st.stm32cube.ide.mcu.externaltools.gnu-tools-for-stm32.10.3-2021.10.win32_1.0.0.202111181127/tools/bin/../lib/gcc/arm-none-eabi/10.3.1/../../../../arm-none-eabi/lib/thumb/v7e-m+fp/hard\libc_nano.a(lib_a-errno.o)
                0x000000000800f528                __errno
 .text.__libc_init_array
                0x000000000800f534       0x48 c:/st/stm32cubeide_1.2.0/stm32cubeide/plugins/com.st.stm32cube.ide.mcu.externaltools.gnu-tools-for-stm32.10.3-2021.10.win32_1.0.0.202111181127/tools/bin/../lib/gcc/arm-none-eabi/10.3.1/../../../../arm-none-eabi/lib/thumb/v7e-m+fp/hard\libc_nano.a(lib_a-init.o)
                0x000000000800f534                __libc_init_array
 .text.malloc   0x000000000800f57c       0x10 c:/st/stm32cubeide_1.2.0/stm32cubeide/plugins/com.st.stm32cube.ide.mcu.externaltools.gnu-tools-for-stm32.10.3-2021.10.win32_1.0.0.202111181127/tools/bin/../lib/gcc/arm-none-eabi/10.3.1/../../../../arm-none-eabi/lib/thumb/v7e-m+fp/hard\libc_nano.a(lib_a-malloc.o)
                0x000000000800f57c                malloc
 .text.free     0x000000000800f58c       0x10 c:/st/stm32cubeide_1.2.0/stm32cubeide/plugins/com.st.stm32cube.ide.mcu.externaltools.gnu-tools-for-stm32.10.3-2021.10.win32_1.0.0.202111181127/tools/bin/../lib/gcc/arm-none-eabi/10.3.1/../../../../arm-none-eabi/lib/thumb/v7e-m+fp/hard\libc_nano.a(lib_a-malloc.o)
                0x000000000800f58c                free
 .text.memcpy   0x000000000800f59c       0x1c c:/st/stm32cubeide_1.2.0/stm32cubeide/plugins/com.st.stm32cube.ide.mcu.externaltools.gnu-tools-for-stm32.10.3-2021.10.win32_1.0.0.202111181127/tools/bin/../lib/gcc/arm-none-eabi/10.3.1/../../../../arm-none-eabi/lib/thumb/v7e-m+fp/hard\libc_nano.a(lib_a-memcpy-stub.o)
                0x000000000800f59c                memcpy
 .text.memset   0x000000000800f5b8       0x10 c:/st/stm32cubeide_1.2.0/stm32cubeide/plugins/com.st.stm32cube.ide.mcu.externaltools.gnu-tools-for-stm32.10.3-2021.10.win32_1.0.0.202111181127/tools/bin/../lib/gcc/arm-none-eabi/10.3.1/../../../../arm-none-eabi/lib/thumb/v7e-m+fp/hard\libc_nano.a(lib_a-memset.o)
                0x000000000800f5b8                memset
 .text._free_r  0x000000000800f5c8       0x98 c:/st/stm32cubeide_1.2.0/stm32cubeide/plugins/com.st.stm32cube.ide.mcu.externaltools.gnu-tools-for-stm32.10.3-2021.10.win32_1.0.0.202111181127/tools/bin/../lib/gcc/arm-none-eabi/10.3.1/../../../../arm-none-eabi/lib/thumb/v7e-m+fp/hard\libc_nano.a(lib_a-nano-freer.o)
                0x000000000800f5c8                _free_r
 .text.sbrk_aligned
                0x000000000800f660       0x40 c:/st/stm32cubeide_1.2.0/stm32cubeide/plugins/com.st.stm32cube.ide.mcu.externaltools.gnu-tools-for-stm32.10.3-2021.10.win32_1.0.0.202111181127/tools/bin/../lib/gcc/arm-none-eabi/10.3.1/../../../../arm-none-eabi/lib/thumb/v7e-m+fp/hard\libc_nano.a(lib_a-nano-mallocr.o)
 .text._malloc_r
                0x000000000800f6a0       0xe8 c:/st/stm32cubeide_1.2.0/stm32cubeide/plugins/com.st.stm32cube.ide.mcu.externaltools.gnu-tools-for-stm32.10.3-2021.10.win32_1.0.0.202111181127/tools/bin/../lib/gcc/arm-none-eabi/10.3.1/../../../../arm-none-eabi/lib/thumb/v7e-m+fp/hard\libc_nano.a(lib_a-nano-mallocr.o)
                0x000000000800f6a0                _malloc_r
 .text.__cvt    0x000000000800f788       0xc4 c:/st/stm32cubeide_1.2.0/stm32cubeide/plugins/com.st.stm32cube.ide.mcu.externaltools.gnu-tools-for-stm32.10.3-2021.10.win32_1.0.0.202111181127/tools/bin/../lib/gcc/arm-none-eabi/10.3.1/../../../../arm-none-eabi/lib/thumb/v7e-m+fp/hard\libc_nano.a(lib_a-nano-vfprintf_float.o)
                0x000000000800f788                __cvt
 .text.__exponent
                0x000000000800f84c       0x7c c:/st/stm32cubeide_1.2.0/stm32cubeide/plugins/com.st.stm32cube.ide.mcu.externaltools.gnu-tools-for-stm32.10.3-2021.10.win32_1.0.0.202111181127/tools/bin/../lib/gcc/arm-none-eabi/10.3.1/../../../../arm-none-eabi/lib/thumb/v7e-m+fp/hard\libc_nano.a(lib_a-nano-vfprintf_float.o)
                0x000000000800f84c                __exponent
 .text._printf_float
                0x000000000800f8c8      0x46c c:/st/stm32cubeide_1.2.0/stm32cubeide/plugins/com.st.stm32cube.ide.mcu.externaltools.gnu-tools-for-stm32.10.3-2021.10.win32_1.0.0.202111181127/tools/bin/../lib/gcc/arm-none-eabi/10.3.1/../../../../arm-none-eabi/lib/thumb/v7e-m+fp/hard\libc_nano.a(lib_a-nano-vfprintf_float.o)
                0x000000000800f8c8                _printf_float
 .text._printf_common
                0x000000000800fd34       0xda c:/st/stm32cubeide_1.2.0/stm32cubeide/plugins/com.st.stm32cube.ide.mcu.externaltools.gnu-tools-for-stm32.10.3-2021.10.win32_1.0.0.202111181127/tools/bin/../lib/gcc/arm-none-eabi/10.3.1/../../../../arm-none-eabi/lib/thumb/v7e-m+fp/hard\libc_nano.a(lib_a-nano-vfprintf_i.o)
                0x000000000800fd34                _printf_common
 *fill*         0x000000000800fe0e        0x2 
 .text._printf_i
                0x000000000800fe10      0x24c c:/st/stm32cubeide_1.2.0/stm32cubeide/plugins/com.st.stm32cube.ide.mcu.externaltools.gnu-tools-for-stm32.10.3-2021.10.win32_1.0.0.202111181127/tools/bin/../lib/gcc/arm-none-eabi/10.3.1/../../../../arm-none-eabi/lib/thumb/v7e-m+fp/hard\libc_nano.a(lib_a-nano-vfprintf_i.o)
                0x000000000800fe10                _printf_i
 .text.printf   0x000000000801005c       0x30 c:/st/stm32cubeide_1.2.0/stm32cubeide/plugins/com.st.stm32cube.ide.mcu.externaltools.gnu-tools-for-stm32.10.3-2021.10.win32_1.0.0.202111181127/tools/bin/../lib/gcc/arm-none-eabi/10.3.1/../../../../arm-none-eabi/lib/thumb/v7e-m+fp/hard\libc_nano.a(lib_a-printf.o)
                0x000000000801005c                iprintf
                0x000000000801005c                printf
 .text._puts_r  0x000000000801008c       0xdc c:/st/stm32cubeide_1.2.0/stm32cubeide/plugins/com.st.stm32cube.ide.mcu.externaltools.gnu-tools-for-stm32.10.3-2021.10.win32_1.0.0.202111181127/tools/bin/../lib/gcc/arm-none-eabi/10.3.1/../../../../arm-none-eabi/lib/thumb/v7e-m+fp/hard\libc_nano.a(lib_a-puts.o)
                0x000000000801008c                _puts_r
 .text.puts     0x0000000008010168       0x10 c:/st/stm32cubeide_1.2.0/stm32cubeide/plugins/com.st.stm32cube.ide.mcu.externaltools.gnu-tools-for-stm32.10.3-2021.10.win32_1.0.0.202111181127/tools/bin/../lib/gcc/arm-none-eabi/10.3.1/../../../../arm-none-eabi/lib/thumb/v7e-m+fp/hard\libc_nano.a(lib_a-puts.o)
                0x0000000008010168                puts
 .text._sbrk_r  0x0000000008010178       0x20 c:/st/stm32cubeide_1.2.0/stm32cubeide/plugins/com.st.stm32cube.ide.mcu.externaltools.gnu-tools-for-stm32.10.3-2021.10.win32_1.0.0.202111181127/tools/bin/../lib/gcc/arm-none-eabi/10.3.1/../../../../arm-none-eabi/lib/thumb/v7e-m+fp/hard\libc_nano.a(lib_a-sbrkr.o)
                0x0000000008010178                _sbrk_r
 .text.__swbuf_r
                0x0000000008010198       0xa4 c:/st/stm32cubeide_1.2.0/stm32cubeide/plugins/com.st.stm32cube.ide.mcu.externaltools.gnu-tools-for-stm32.10.3-2021.10.win32_1.0.0.202111181127/tools/bin/../lib/gcc/arm-none-eabi/10.3.1/../../../../arm-none-eabi/lib/thumb/v7e-m+fp/hard\libc_nano.a(lib_a-wbuf.o)
                0x0000000008010198                __swbuf_r
 .text.__swsetup_r
                0x000000000801023c       0xdc c:/st/stm32cubeide_1.2.0/stm32cubeide/plugins/com.st.stm32cube.ide.mcu.externaltools.gnu-tools-for-stm32.10.3-2021.10.win32_1.0.0.202111181127/tools/bin/../lib/gcc/arm-none-eabi/10.3.1/../../../../arm-none-eabi/lib/thumb/v7e-m+fp/hard\libc_nano.a(lib_a-wsetup.o)
                0x000000000801023c                __swsetup_r
 .text.quorem   0x0000000008010318      0x116 c:/st/stm32cubeide_1.2.0/stm32cubeide/plugins/com.st.stm32cube.ide.mcu.externaltools.gnu-tools-for-stm32.10.3-2021.10.win32_1.0.0.202111181127/tools/bin/../lib/gcc/arm-none-eabi/10.3.1/../../../../arm-none-eabi/lib/thumb/v7e-m+fp/hard\libc_nano.a(lib_a-dtoa.o)
 *fill*         0x000000000801042e        0x2 
 .text._dtoa_r  0x0000000008010430      0xbdc c:/st/stm32cubeide_1.2.0/stm32cubeide/plugins/com.st.stm32cube.ide.mcu.externaltools.gnu-tools-for-stm32.10.3-2021.10.win32_1.0.0.202111181127/tools/bin/../lib/gcc/arm-none-eabi/10.3.1/../../../../arm-none-eabi/lib/thumb/v7e-m+fp/hard\libc_nano.a(lib_a-dtoa.o)
                0x0000000008010430                _dtoa_r
 .text.__sflush_r
                0x000000000801100c      0x10c c:/st/stm32cubeide_1.2.0/stm32cubeide/plugins/com.st.stm32cube.ide.mcu.externaltools.gnu-tools-for-stm32.10.3-2021.10.win32_1.0.0.202111181127/tools/bin/../lib/gcc/arm-none-eabi/10.3.1/../../../../arm-none-eabi/lib/thumb/v7e-m+fp/hard\libc_nano.a(lib_a-fflush.o)
                0x000000000801100c                __sflush_r
 .text._fflush_r
                0x0000000008011118       0x78 c:/st/stm32cubeide_1.2.0/stm32cubeide/plugins/com.st.stm32cube.ide.mcu.externaltools.gnu-tools-for-stm32.10.3-2021.10.win32_1.0.0.202111181127/tools/bin/../lib/gcc/arm-none-eabi/10.3.1/../../../../arm-none-eabi/lib/thumb/v7e-m+fp/hard\libc_nano.a(lib_a-fflush.o)
                0x0000000008011118                _fflush_r
 .text.std      0x0000000008011190       0x48 c:/st/stm32cubeide_1.2.0/stm32cubeide/plugins/com.st.stm32cube.ide.mcu.externaltools.gnu-tools-for-stm32.10.3-2021.10.win32_1.0.0.202111181127/tools/bin/../lib/gcc/arm-none-eabi/10.3.1/../../../../arm-none-eabi/lib/thumb/v7e-m+fp/hard\libc_nano.a(lib_a-findfp.o)
 .text._cleanup_r
                0x00000000080111d8        0xc c:/st/stm32cubeide_1.2.0/stm32cubeide/plugins/com.st.stm32cube.ide.mcu.externaltools.gnu-tools-for-stm32.10.3-2021.10.win32_1.0.0.202111181127/tools/bin/../lib/gcc/arm-none-eabi/10.3.1/../../../../arm-none-eabi/lib/thumb/v7e-m+fp/hard\libc_nano.a(lib_a-findfp.o)
                0x00000000080111d8                _cleanup_r
 .text.__sfmoreglue
                0x00000000080111e4       0x2c c:/st/stm32cubeide_1.2.0/stm32cubeide/plugins/com.st.stm32cube.ide.mcu.externaltools.gnu-tools-for-stm32.10.3-2021.10.win32_1.0.0.202111181127/tools/bin/../lib/gcc/arm-none-eabi/10.3.1/../../../../arm-none-eabi/lib/thumb/v7e-m+fp/hard\libc_nano.a(lib_a-findfp.o)
                0x00000000080111e4                __sfmoreglue
 .text.__sfp_lock_acquire
                0x0000000008011210        0xc c:/st/stm32cubeide_1.2.0/stm32cubeide/plugins/com.st.stm32cube.ide.mcu.externaltools.gnu-tools-for-stm32.10.3-2021.10.win32_1.0.0.202111181127/tools/bin/../lib/gcc/arm-none-eabi/10.3.1/../../../../arm-none-eabi/lib/thumb/v7e-m+fp/hard\libc_nano.a(lib_a-findfp.o)
                0x0000000008011210                __sfp_lock_acquire
 .text.__sfp_lock_release
                0x000000000801121c        0xc c:/st/stm32cubeide_1.2.0/stm32cubeide/plugins/com.st.stm32cube.ide.mcu.externaltools.gnu-tools-for-stm32.10.3-2021.10.win32_1.0.0.202111181127/tools/bin/../lib/gcc/arm-none-eabi/10.3.1/../../../../arm-none-eabi/lib/thumb/v7e-m+fp/hard\libc_nano.a(lib_a-findfp.o)
                0x000000000801121c                __sfp_lock_release
 .text.__sinit_lock_acquire
                0x0000000008011228        0xc c:/st/stm32cubeide_1.2.0/stm32cubeide/plugins/com.st.stm32cube.ide.mcu.externaltools.gnu-tools-for-stm32.10.3-2021.10.win32_1.0.0.202111181127/tools/bin/../lib/gcc/arm-none-eabi/10.3.1/../../../../arm-none-eabi/lib/thumb/v7e-m+fp/hard\libc_nano.a(lib_a-findfp.o)
                0x0000000008011228                __sinit_lock_acquire
 .text.__sinit_lock_release
                0x0000000008011234        0xc c:/st/stm32cubeide_1.2.0/stm32cubeide/plugins/com.st.stm32cube.ide.mcu.externaltools.gnu-tools-for-stm32.10.3-2021.10.win32_1.0.0.202111181127/tools/bin/../lib/gcc/arm-none-eabi/10.3.1/../../../../arm-none-eabi/lib/thumb/v7e-m+fp/hard\libc_nano.a(lib_a-findfp.o)
                0x0000000008011234                __sinit_lock_release
 .text.__sinit  0x0000000008011240       0x70 c:/st/stm32cubeide_1.2.0/stm32cubeide/plugins/com.st.stm32cube.ide.mcu.externaltools.gnu-tools-for-stm32.10.3-2021.10.win32_1.0.0.202111181127/tools/bin/../lib/gcc/arm-none-eabi/10.3.1/../../../../arm-none-eabi/lib/thumb/v7e-m+fp/hard\libc_nano.a(lib_a-findfp.o)
                0x0000000008011240                __sinit
 .text.__sfp    0x00000000080112b0       0x8c c:/st/stm32cubeide_1.2.0/stm32cubeide/plugins/com.st.stm32cube.ide.mcu.externaltools.gnu-tools-for-stm32.10.3-2021.10.win32_1.0.0.202111181127/tools/bin/../lib/gcc/arm-none-eabi/10.3.1/../../../../arm-none-eabi/lib/thumb/v7e-m+fp/hard\libc_nano.a(lib_a-findfp.o)
                0x00000000080112b0                __sfp
 .text._fwalk_reent
                0x000000000801133c       0x3e c:/st/stm32cubeide_1.2.0/stm32cubeide/plugins/com.st.stm32cube.ide.mcu.externaltools.gnu-tools-for-stm32.10.3-2021.10.win32_1.0.0.202111181127/tools/bin/../lib/gcc/arm-none-eabi/10.3.1/../../../../arm-none-eabi/lib/thumb/v7e-m+fp/hard\libc_nano.a(lib_a-fwalk.o)
                0x000000000801133c                _fwalk_reent
 *fill*         0x000000000801137a        0x2 
 .text._localeconv_r
                0x000000000801137c        0x8 c:/st/stm32cubeide_1.2.0/stm32cubeide/plugins/com.st.stm32cube.ide.mcu.externaltools.gnu-tools-for-stm32.10.3-2021.10.win32_1.0.0.202111181127/tools/bin/../lib/gcc/arm-none-eabi/10.3.1/../../../../arm-none-eabi/lib/thumb/v7e-m+fp/hard\libc_nano.a(lib_a-localeconv.o)
                0x000000000801137c                _localeconv_r
 .text.__retarget_lock_init_recursive
                0x0000000008011384        0x2 c:/st/stm32cubeide_1.2.0/stm32cubeide/plugins/com.st.stm32cube.ide.mcu.externaltools.gnu-tools-for-stm32.10.3-2021.10.win32_1.0.0.202111181127/tools/bin/../lib/gcc/arm-none-eabi/10.3.1/../../../../arm-none-eabi/lib/thumb/v7e-m+fp/hard\libc_nano.a(lib_a-lock.o)
                0x0000000008011384                __retarget_lock_init_recursive
 .text.__retarget_lock_acquire_recursive
                0x0000000008011386        0x2 c:/st/stm32cubeide_1.2.0/stm32cubeide/plugins/com.st.stm32cube.ide.mcu.externaltools.gnu-tools-for-stm32.10.3-2021.10.win32_1.0.0.202111181127/tools/bin/../lib/gcc/arm-none-eabi/10.3.1/../../../../arm-none-eabi/lib/thumb/v7e-m+fp/hard\libc_nano.a(lib_a-lock.o)
                0x0000000008011386                __retarget_lock_acquire_recursive
 .text.__retarget_lock_release_recursive
                0x0000000008011388        0x2 c:/st/stm32cubeide_1.2.0/stm32cubeide/plugins/com.st.stm32cube.ide.mcu.externaltools.gnu-tools-for-stm32.10.3-2021.10.win32_1.0.0.202111181127/tools/bin/../lib/gcc/arm-none-eabi/10.3.1/../../../../arm-none-eabi/lib/thumb/v7e-m+fp/hard\libc_nano.a(lib_a-lock.o)
                0x0000000008011388                __retarget_lock_release_recursive
 .text.__swhatbuf_r
                0x000000000801138a       0x4a c:/st/stm32cubeide_1.2.0/stm32cubeide/plugins/com.st.stm32cube.ide.mcu.externaltools.gnu-tools-for-stm32.10.3-2021.10.win32_1.0.0.202111181127/tools/bin/../lib/gcc/arm-none-eabi/10.3.1/../../../../arm-none-eabi/lib/thumb/v7e-m+fp/hard\libc_nano.a(lib_a-makebuf.o)
                0x000000000801138a                __swhatbuf_r
 .text.__smakebuf_r
                0x00000000080113d4       0x80 c:/st/stm32cubeide_1.2.0/stm32cubeide/plugins/com.st.stm32cube.ide.mcu.externaltools.gnu-tools-for-stm32.10.3-2021.10.win32_1.0.0.202111181127/tools/bin/../lib/gcc/arm-none-eabi/10.3.1/../../../../arm-none-eabi/lib/thumb/v7e-m+fp/hard\libc_nano.a(lib_a-makebuf.o)
                0x00000000080113d4                __smakebuf_r
 .text.__malloc_lock
                0x0000000008011454        0xc c:/st/stm32cubeide_1.2.0/stm32cubeide/plugins/com.st.stm32cube.ide.mcu.externaltools.gnu-tools-for-stm32.10.3-2021.10.win32_1.0.0.202111181127/tools/bin/../lib/gcc/arm-none-eabi/10.3.1/../../../../arm-none-eabi/lib/thumb/v7e-m+fp/hard\libc_nano.a(lib_a-mlock.o)
                0x0000000008011454                __malloc_lock
 .text.__malloc_unlock
                0x0000000008011460        0xc c:/st/stm32cubeide_1.2.0/stm32cubeide/plugins/com.st.stm32cube.ide.mcu.externaltools.gnu-tools-for-stm32.10.3-2021.10.win32_1.0.0.202111181127/tools/bin/../lib/gcc/arm-none-eabi/10.3.1/../../../../arm-none-eabi/lib/thumb/v7e-m+fp/hard\libc_nano.a(lib_a-mlock.o)
                0x0000000008011460                __malloc_unlock
 .text._Balloc  0x000000000801146c       0x80 c:/st/stm32cubeide_1.2.0/stm32cubeide/plugins/com.st.stm32cube.ide.mcu.externaltools.gnu-tools-for-stm32.10.3-2021.10.win32_1.0.0.202111181127/tools/bin/../lib/gcc/arm-none-eabi/10.3.1/../../../../arm-none-eabi/lib/thumb/v7e-m+fp/hard\libc_nano.a(lib_a-mprec.o)
                0x000000000801146c                _Balloc
 .text._Bfree   0x00000000080114ec       0x44 c:/st/stm32cubeide_1.2.0/stm32cubeide/plugins/com.st.stm32cube.ide.mcu.externaltools.gnu-tools-for-stm32.10.3-2021.10.win32_1.0.0.202111181127/tools/bin/../lib/gcc/arm-none-eabi/10.3.1/../../../../arm-none-eabi/lib/thumb/v7e-m+fp/hard\libc_nano.a(lib_a-mprec.o)
                0x00000000080114ec                _Bfree
 .text.__multadd
                0x0000000008011530       0x8c c:/st/stm32cubeide_1.2.0/stm32cubeide/plugins/com.st.stm32cube.ide.mcu.externaltools.gnu-tools-for-stm32.10.3-2021.10.win32_1.0.0.202111181127/tools/bin/../lib/gcc/arm-none-eabi/10.3.1/../../../../arm-none-eabi/lib/thumb/v7e-m+fp/hard\libc_nano.a(lib_a-mprec.o)
                0x0000000008011530                __multadd
 .text.__hi0bits
                0x00000000080115bc       0x40 c:/st/stm32cubeide_1.2.0/stm32cubeide/plugins/com.st.stm32cube.ide.mcu.externaltools.gnu-tools-for-stm32.10.3-2021.10.win32_1.0.0.202111181127/tools/bin/../lib/gcc/arm-none-eabi/10.3.1/../../../../arm-none-eabi/lib/thumb/v7e-m+fp/hard\libc_nano.a(lib_a-mprec.o)
                0x00000000080115bc                __hi0bits
 .text.__lo0bits
                0x00000000080115fc       0x5e c:/st/stm32cubeide_1.2.0/stm32cubeide/plugins/com.st.stm32cube.ide.mcu.externaltools.gnu-tools-for-stm32.10.3-2021.10.win32_1.0.0.202111181127/tools/bin/../lib/gcc/arm-none-eabi/10.3.1/../../../../arm-none-eabi/lib/thumb/v7e-m+fp/hard\libc_nano.a(lib_a-mprec.o)
                0x00000000080115fc                __lo0bits
 *fill*         0x000000000801165a        0x2 
 .text.__i2b    0x000000000801165c       0x2c c:/st/stm32cubeide_1.2.0/stm32cubeide/plugins/com.st.stm32cube.ide.mcu.externaltools.gnu-tools-for-stm32.10.3-2021.10.win32_1.0.0.202111181127/tools/bin/../lib/gcc/arm-none-eabi/10.3.1/../../../../arm-none-eabi/lib/thumb/v7e-m+fp/hard\libc_nano.a(lib_a-mprec.o)
                0x000000000801165c                __i2b
 .text.__multiply
                0x0000000008011688      0x154 c:/st/stm32cubeide_1.2.0/stm32cubeide/plugins/com.st.stm32cube.ide.mcu.externaltools.gnu-tools-for-stm32.10.3-2021.10.win32_1.0.0.202111181127/tools/bin/../lib/gcc/arm-none-eabi/10.3.1/../../../../arm-none-eabi/lib/thumb/v7e-m+fp/hard\libc_nano.a(lib_a-mprec.o)
                0x0000000008011688                __multiply
 .text.__pow5mult
                0x00000000080117dc       0xb4 c:/st/stm32cubeide_1.2.0/stm32cubeide/plugins/com.st.stm32cube.ide.mcu.externaltools.gnu-tools-for-stm32.10.3-2021.10.win32_1.0.0.202111181127/tools/bin/../lib/gcc/arm-none-eabi/10.3.1/../../../../arm-none-eabi/lib/thumb/v7e-m+fp/hard\libc_nano.a(lib_a-mprec.o)
                0x00000000080117dc                __pow5mult
 .text.__lshift
                0x0000000008011890       0xe0 c:/st/stm32cubeide_1.2.0/stm32cubeide/plugins/com.st.stm32cube.ide.mcu.externaltools.gnu-tools-for-stm32.10.3-2021.10.win32_1.0.0.202111181127/tools/bin/../lib/gcc/arm-none-eabi/10.3.1/../../../../arm-none-eabi/lib/thumb/v7e-m+fp/hard\libc_nano.a(lib_a-mprec.o)
                0x0000000008011890                __lshift
 .text.__mcmp   0x0000000008011970       0x38 c:/st/stm32cubeide_1.2.0/stm32cubeide/plugins/com.st.stm32cube.ide.mcu.externaltools.gnu-tools-for-stm32.10.3-2021.10.win32_1.0.0.202111181127/tools/bin/../lib/gcc/arm-none-eabi/10.3.1/../../../../arm-none-eabi/lib/thumb/v7e-m+fp/hard\libc_nano.a(lib_a-mprec.o)
                0x0000000008011970                __mcmp
 .text.__mdiff  0x00000000080119a8      0x114 c:/st/stm32cubeide_1.2.0/stm32cubeide/plugins/com.st.stm32cube.ide.mcu.externaltools.gnu-tools-for-stm32.10.3-2021.10.win32_1.0.0.202111181127/tools/bin/../lib/gcc/arm-none-eabi/10.3.1/../../../../arm-none-eabi/lib/thumb/v7e-m+fp/hard\libc_nano.a(lib_a-mprec.o)
                0x00000000080119a8                __mdiff
 .text.__d2b    0x0000000008011abc       0xb8 c:/st/stm32cubeide_1.2.0/stm32cubeide/plugins/com.st.stm32cube.ide.mcu.externaltools.gnu-tools-for-stm32.10.3-2021.10.win32_1.0.0.202111181127/tools/bin/../lib/gcc/arm-none-eabi/10.3.1/../../../../arm-none-eabi/lib/thumb/v7e-m+fp/hard\libc_nano.a(lib_a-mprec.o)
                0x0000000008011abc                __d2b
 .text._calloc_r